Release 14.7 - xst P.20131013 (lin64)
Copyright (c) 1995-2013 Xilinx, Inc.  All rights reserved.
--> 
Parameter TMPDIR set to xst/projnav.tmp


Total REAL time to Xst completion: 0.00 secs
Total CPU time to Xst completion: 0.03 secs
 
--> 
Parameter xsthdpdir set to xst


Total REAL time to Xst completion: 0.00 secs
Total CPU time to Xst completion: 0.03 secs
 
--> 
Reading design: conv_top.prj

TABLE OF CONTENTS
  1) Synthesis Options Summary
  2) HDL Compilation
  3) Design Hierarchy Analysis
  4) HDL Analysis
  5) HDL Synthesis
     5.1) HDL Synthesis Report
  6) Advanced HDL Synthesis
     6.1) Advanced HDL Synthesis Report
  7) Low Level Synthesis
  8) Partition Report
  9) Final Report
	9.1) Device utilization summary
	9.2) Partition Resource Summary
	9.3) TIMING REPORT


=========================================================================
*                      Synthesis Options Summary                        *
=========================================================================
---- Source Parameters
Input File Name                    : "conv_top.prj"
Input Format                       : mixed
Ignore Synthesis Constraint File   : NO

---- Target Parameters
Output File Name                   : "conv_top"
Output Format                      : NGC
Target Device                      : xc5vlx50t-1-ff1136

---- Source Options
Top Module Name                    : conv_top
Automatic FSM Extraction           : YES
FSM Encoding Algorithm             : Auto
Safe Implementation                : No
FSM Style                          : LUT
RAM Extraction                     : Yes
RAM Style                          : Auto
ROM Extraction                     : Yes
Mux Style                          : Auto
Decoder Extraction                 : YES
Priority Encoder Extraction        : Yes
Shift Register Extraction          : YES
Logical Shifter Extraction         : YES
XOR Collapsing                     : YES
ROM Style                          : Auto
Mux Extraction                     : Yes
Resource Sharing                   : YES
Asynchronous To Synchronous        : NO
Use DSP Block                      : Auto
Automatic Register Balancing       : No

---- Target Options
LUT Combining                      : Off
Reduce Control Sets                : Off
Add IO Buffers                     : YES
Global Maximum Fanout              : 100000
Add Generic Clock Buffer(BUFG)     : 32
Register Duplication               : YES
Slice Packing                      : YES
Optimize Instantiated Primitives   : NO
Use Clock Enable                   : Auto
Use Synchronous Set                : Auto
Use Synchronous Reset              : Auto
Pack IO Registers into IOBs        : Auto
Equivalent register Removal        : YES

---- General Options
Optimization Goal                  : Speed
Optimization Effort                : 1
Power Reduction                    : NO
Keep Hierarchy                     : No
Netlist Hierarchy                  : As_Optimized
RTL Output                         : Yes
Global Optimization                : AllClockNets
Read Cores                         : YES
Write Timing Constraints           : NO
Cross Clock Analysis               : NO
Hierarchy Separator                : /
Bus Delimiter                      : <>
Case Specifier                     : Maintain
Slice Utilization Ratio            : 100
BRAM Utilization Ratio             : 100
DSP48 Utilization Ratio            : 100
Verilog 2001                       : YES
Auto BRAM Packing                  : NO
Slice Utilization Ratio Delta      : 5

=========================================================================


=========================================================================
*                          HDL Compilation                              *
=========================================================================
Compiling verilog file "../../../../home/mohamed-esam/sscs2026-conv-accel/rtl/uart_tx.v" in library work
Compiling verilog file "../../../../home/mohamed-esam/sscs2026-conv-accel/rtl/uart_rx.v" in library work
Module <uart_tx> compiled
Compiling verilog file "../../../../home/mohamed-esam/sscs2026-conv-accel/rtl/conv_accel_same.v" in library work
Module <uart_rx> compiled
Compiling verilog file "../../../../home/mohamed-esam/sscs2026-conv-accel/rtl/conv_top_same.v" in library work
Module <conv_accel_same> compiled
Module <conv_top> compiled
No errors in compilation
Analysis of file <"conv_top.prj"> succeeded.
 

=========================================================================
*                     Design Hierarchy Analysis                         *
=========================================================================
Analyzing hierarchy for module <conv_top> in library <work> with parameters.
	CLKS_PER_BIT = 868
	FD = "00000000000000000000000000100000"
	IMG_H = 32
	IMG_W = 32
	N = 3
	NPIX = 1024
	S_COEF = "00"
	S_DONE = "11"
	S_FLUSH = "10"
	S_STREAM = "01"
	TAPS = 9

Analyzing hierarchy for module <uart_rx> in library <work> with parameters.
	CLKS_PER_BIT = 868
	S_DATA = "010"
	S_DONE = "100"
	S_IDLE = "000"
	S_START = "001"
	S_STOP = "011"

Analyzing hierarchy for module <uart_tx> in library <work> with parameters.
	CLKS_PER_BIT = 868
	S_DATA = "10"
	S_IDLE = "00"
	S_START = "01"
	S_STOP = "11"

Analyzing hierarchy for module <conv_accel_same> in library <work> with parameters.
	ACC_W = 22
	COEF_W = 8
	IMG_H = 32
	IMG_W = 32
	LBW = 256
	N = 3
	OUT_W = 16
	PIX_W = 8
	PROD_W = 17
	SAT_MAX = "0111111111111111"
	SAT_MIN = "1000000000000000"


=========================================================================
*                            HDL Analysis                               *
=========================================================================
Analyzing top module <conv_top>.
	CLKS_PER_BIT = 868
	FD = 32'sb00000000000000000000000000100000
	IMG_H = 32
	IMG_W = 32
	N = 3
	NPIX = 1024
	S_COEF = 2'b00
	S_DONE = 2'b11
	S_FLUSH = 2'b10
	S_STREAM = 2'b01
	TAPS = 9
Module <conv_top> is correct for synthesis.
 
Analyzing module <uart_rx> in library <work>.
	CLKS_PER_BIT = 868
	S_DATA = 3'b010
	S_DONE = 3'b100
	S_IDLE = 3'b000
	S_START = 3'b001
	S_STOP = 3'b011
Module <uart_rx> is correct for synthesis.
 
Analyzing module <uart_tx> in library <work>.
	CLKS_PER_BIT = 868
	S_DATA = 2'b10
	S_IDLE = 2'b00
	S_START = 2'b01
	S_STOP = 2'b11
Module <uart_tx> is correct for synthesis.
 
Analyzing module <conv_accel_same> in library <work>.
	ACC_W = 22
	COEF_W = 8
	IMG_H = 32
	IMG_W = 32
	LBW = 256
	N = 3
	OUT_W = 16
	PIX_W = 8
	PROD_W = 17
	SAT_MAX = 16'sb0111111111111111
	SAT_MIN = 16'sb1000000000000000
Module <conv_accel_same> is correct for synthesis.
 

=========================================================================
*                           HDL Synthesis                               *
=========================================================================

Performing bidirectional port resolution...

Synthesizing Unit <uart_rx>.
    Related source file is "../../../../home/mohamed-esam/sscs2026-conv-accel/rtl/uart_rx.v".
    Found finite state machine <FSM_0> for signal <state>.
    -----------------------------------------------------------------------
    | States             | 5                                              |
    | Transitions        | 11                                             |
    | Inputs             | 4                                              |
    | Outputs            | 6                                              |
    | Clock              | clk                       (rising_edge)        |
    | Reset              | rst                       (positive)           |
    | Reset type         | synchronous                                    |
    | Reset State        | 000                                            |
    | Encoding           | automatic                                      |
    | Implementation     | LUT                                            |
    -----------------------------------------------------------------------
    Found 8-bit register for signal <rx_data>.
    Found 1-bit register for signal <rx_valid>.
    Found 3-bit register for signal <bit_idx>.
    Found 3-bit adder for signal <bit_idx$addsub0000> created at line 72.
    Found 16-bit register for signal <clk_cnt>.
    Found 16-bit adder for signal <clk_cnt$share0000> created at line 41.
    Found 1-bit register for signal <rx_m>.
    Found 1-bit register for signal <rx_s>.
    Found 8-bit register for signal <shreg>.
    Found 16-bit comparator less for signal <state$cmp_lt0000> created at line 63.
    Summary:
	inferred   1 Finite State Machine(s).
	inferred  38 D-type flip-flop(s).
	inferred   2 Adder/Subtractor(s).
	inferred   1 Comparator(s).
Unit <uart_rx> synthesized.


Synthesizing Unit <uart_tx>.
    Related source file is "../../../../home/mohamed-esam/sscs2026-conv-accel/rtl/uart_tx.v".
INFO:Xst:2117 - HDL ADVISOR - Mux Selector <state> of Case statement line 35 was re-encoded using one-hot encoding. The case statement will be optimized (default statement optimization), but this optimization may lead to design initialization problems. To ensure the design works safely, you can:
   	- add an 'INIT' attribute on signal <state> (optimization is then done without any risk)
   	- use the attribute 'signal_encoding user' to avoid onehot optimization
   	- use the attribute 'safe_implementation yes' to force XST to perform a safe (but less efficient) optimization
    Found finite state machine <FSM_1> for signal <state>.
    -----------------------------------------------------------------------
    | States             | 4                                              |
    | Transitions        | 9                                              |
    | Inputs             | 3                                              |
    | Outputs            | 6                                              |
    | Clock              | clk                       (rising_edge)        |
    | Reset              | rst                       (positive)           |
    | Reset type         | synchronous                                    |
    | Reset State        | 00                                             |
    | Encoding           | automatic                                      |
    | Implementation     | LUT                                            |
    -----------------------------------------------------------------------
    Found 1-bit register for signal <tx_busy>.
    Found 1-bit register for signal <tx>.
    Found 1-bit register for signal <tx_done>.
    Found 3-bit register for signal <bit_idx>.
    Found 3-bit adder for signal <bit_idx$addsub0000> created at line 65.
    Found 16-bit register for signal <clk_cnt>.
    Found 16-bit adder for signal <clk_cnt$addsub0000>.
    Found 8-bit register for signal <shreg>.
    Found 16-bit comparator less for signal <state$cmp_lt0000> created at line 51.
    Summary:
	inferred   1 Finite State Machine(s).
	inferred  30 D-type flip-flop(s).
	inferred   2 Adder/Subtractor(s).
	inferred   1 Comparator(s).
	inferred   1 Multiplexer(s).
Unit <uart_tx> synthesized.


Synthesizing Unit <conv_accel_same>.
    Related source file is "../../../../home/mohamed-esam/sscs2026-conv-accel/rtl/conv_accel_same.v".
    Found 16-bit register for signal <out_pixel>.
    Found 1-bit register for signal <out_valid>.
    Found 8-bit register for signal <c0>.
    Found 8-bit register for signal <c1>.
    Found 8-bit register for signal <c2>.
    Found 8-bit register for signal <c3>.
    Found 8-bit register for signal <c4>.
    Found 8-bit register for signal <c5>.
    Found 8-bit register for signal <c6>.
    Found 8-bit register for signal <c7>.
    Found 8-bit register for signal <c8>.
    Found 16-bit up counter for signal <col_cnt>.
    Found 256-bit register for signal <lb0>.
    Found 256-bit register for signal <lb1>.
    Found 2-bit comparator less for signal <mask0>.
    Found 2-bit comparator less for signal <mask1>.
    Found 17-bit register for signal <p0>.
    Found 9x8-bit multiplier for signal <p0$mult0000> created at line 193.
    Found 17-bit register for signal <p1>.
    Found 9x8-bit multiplier for signal <p1$mult0000> created at line 193.
    Found 17-bit register for signal <p2>.
    Found 9x8-bit multiplier for signal <p2$mult0000> created at line 193.
    Found 17-bit register for signal <p3>.
    Found 9x8-bit multiplier for signal <p3$mult0000> created at line 194.
    Found 17-bit register for signal <p4>.
    Found 9x8-bit multiplier for signal <p4$mult0000> created at line 194.
    Found 17-bit register for signal <p5>.
    Found 9x8-bit multiplier for signal <p5$mult0000> created at line 194.
    Found 17-bit register for signal <p6>.
    Found 9x8-bit multiplier for signal <p6$mult0000> created at line 195.
    Found 17-bit register for signal <p7>.
    Found 9x8-bit multiplier for signal <p7$mult0000> created at line 195.
    Found 17-bit register for signal <p8>.
    Found 9x8-bit multiplier for signal <p8$mult0000> created at line 195.
    Found 16-bit up counter for signal <row_cnt>.
    Found 22-bit register for signal <rs0>.
    Found 19-bit adder for signal <rs0$add0000> created at line 207.
    Found 18-bit adder for signal <rs0$add0001> created at line 207.
    Found 22-bit register for signal <rs1>.
    Found 19-bit adder for signal <rs1$add0000> created at line 208.
    Found 18-bit adder for signal <rs1$add0001> created at line 208.
    Found 22-bit register for signal <rs2>.
    Found 19-bit adder for signal <rs2$add0000> created at line 209.
    Found 18-bit adder for signal <rs2$add0001> created at line 209.
    Found 2-bit up counter for signal <rundist>.
    Found 23-bit comparator greater for signal <sat$cmp_gt0000> created at line 219.
    Found 32-bit comparator less for signal <sat$cmp_lt0000> created at line 219.
    Found 22-bit adder for signal <total>.
    Found 22-bit adder for signal <total$addsub0000> created at line 217.
    Found 1-bit register for signal <v1>.
    Found 1-bit register for signal <v2>.
    Found 8-bit register for signal <w00>.
    Found 8-bit register for signal <w01>.
    Found 8-bit register for signal <w02>.
    Found 8-bit register for signal <w10>.
    Found 8-bit register for signal <w11>.
    Found 8-bit register for signal <w12>.
    Found 8-bit register for signal <w20>.
    Found 8-bit register for signal <w21>.
    Found 8-bit register for signal <w22>.
    Found 1-bit register for signal <win_valid_q>.
INFO:Xst:738 - HDL ADVISOR - 256 flip-flops were inferred for signal <lb0>. You may be trying to describe a RAM in a way that is incompatible with block and distributed RAM resources available on Xilinx devices, or with a specific template that is not supported. Please review the Xilinx resources documentation and the XST user manual for coding guidelines. Taking advantage of RAM resources will lead to improved device usage and reduced synthesis time.
INFO:Xst:738 - HDL ADVISOR - 256 flip-flops were inferred for signal <lb1>. You may be trying to describe a RAM in a way that is incompatible with block and distributed RAM resources available on Xilinx devices, or with a specific template that is not supported. Please review the Xilinx resources documentation and the XST user manual for coding guidelines. Taking advantage of RAM resources will lead to improved device usage and reduced synthesis time.
    Summary:
	inferred   3 Counter(s).
	inferred 895 D-type flip-flop(s).
	inferred   8 Adder/Subtractor(s).
	inferred   9 Multiplier(s).
	inferred   4 Comparator(s).
Unit <conv_accel_same> synthesized.


Synthesizing Unit <conv_top>.
    Related source file is "../../../../home/mohamed-esam/sscs2026-conv-accel/rtl/conv_top_same.v".
WARNING:Xst:646 - Signal <tx_word<15:8>> is assigned but never used. This unconnected signal will be trimmed during the optimization process.
WARNING:Xst:646 - Signal <tx_busy> is assigned but never used. This unconnected signal will be trimmed during the optimization process.
    Found 32x16-bit dual-port RAM <Mram_fifo> for signal <fifo>.
INFO:Xst:2117 - HDL ADVISOR - Mux Selector <state> of Case statement line 167 was re-encoded using one-hot encoding. The case statement will be optimized (default statement optimization), but this optimization may lead to design initialization problems. To ensure the design works safely, you can:
   	- add an 'INIT' attribute on signal <state> (optimization is then done without any risk)
   	- use the attribute 'signal_encoding user' to avoid onehot optimization
   	- use the attribute 'safe_implementation yes' to force XST to perform a safe (but less efficient) optimization
    Found finite state machine <FSM_2> for signal <state>.
    -----------------------------------------------------------------------
    | States             | 4                                              |
    | Transitions        | 9                                              |
    | Inputs             | 4                                              |
    | Outputs            | 6                                              |
    | Clock              | clk                       (rising_edge)        |
    | Reset              | rst                       (positive)           |
    | Reset type         | synchronous                                    |
    | Reset State        | 00                                             |
    | Encoding           | automatic                                      |
    | Implementation     | LUT                                            |
    -----------------------------------------------------------------------
    Found 1-bit register for signal <done_led>.
    Found 4-bit register for signal <coef_addr>.
    Found 16-bit up counter for signal <coef_cnt>.
    Found 8-bit register for signal <coef_din>.
    Found 1-bit register for signal <coef_we>.
    Found 6-bit register for signal <f_cnt>.
    Found 6-bit addsub for signal <f_cnt$addsub0000>.
    Found 5-bit up counter for signal <f_rd>.
    Found 6-bit up counter for signal <f_wr>.
    Found 1-bit register for signal <frame_rst>.
    Found 8-bit register for signal <in_pixel>.
    Found 1-bit register for signal <in_valid>.
    Found 16-bit register for signal <pix_cnt>.
    Found 16-bit adder for signal <pix_cnt$addsub0000> created at line 178.
    Found 8-bit register for signal <tx_data_r>.
    Found 1-bit register for signal <tx_lo_phase>.
    Found 16-bit up counter for signal <tx_out_cnt>.
    Found 1-bit register for signal <tx_sent>.
    Found 16-bit comparator greatequal for signal <tx_sent$cmp_ge0000> created at line 129.
    Found 16-bit comparator less for signal <tx_sent$cmp_lt0000> created at line 129.
    Found 1-bit register for signal <tx_start>.
    Found 16-bit register for signal <tx_word>.
    Summary:
	inferred   1 Finite State Machine(s).
	inferred   1 RAM(s).
	inferred   4 Counter(s).
	inferred  73 D-type flip-flop(s).
	inferred   2 Adder/Subtractor(s).
	inferred   2 Comparator(s).
Unit <conv_top> synthesized.

INFO:Xst:1767 - HDL ADVISOR - Resource sharing has identified that some arithmetic operations in this design can share the same physical resources for reduced device utilization. For improved clock frequency you may try to disable resource sharing.

=========================================================================
HDL Synthesis Report

Macro Statistics
# RAMs                                                 : 1
 32x16-bit dual-port RAM                               : 1
# Multipliers                                          : 9
 9x8-bit multiplier                                    : 9
# Adders/Subtractors                                   : 14
 16-bit adder                                          : 3
 18-bit adder                                          : 3
 19-bit adder                                          : 3
 22-bit adder                                          : 2
 3-bit adder                                           : 2
 6-bit addsub                                          : 1
# Counters                                             : 6
 16-bit up counter                                     : 3
 2-bit up counter                                      : 1
 5-bit up counter                                      : 1
 6-bit up counter                                      : 1
# Registers                                            : 71
 1-bit register                                        : 25
 16-bit register                                       : 5
 17-bit register                                       : 9
 22-bit register                                       : 3
 256-bit register                                      : 2
 3-bit register                                        : 2
 4-bit register                                        : 1
 6-bit register                                        : 1
 8-bit register                                        : 23
# Comparators                                          : 8
 16-bit comparator greatequal                          : 1
 16-bit comparator less                                : 3
 2-bit comparator less                                 : 2
 23-bit comparator greater                             : 1
 32-bit comparator less                                : 1
# Multiplexers                                         : 1
 1-bit 8-to-1 multiplexer                              : 1

=========================================================================

=========================================================================
*                       Advanced HDL Synthesis                          *
=========================================================================

Analyzing FSM <FSM_2> for best encoding.
Optimizing FSM <state/FSM> on signal <state[1:2]> with gray encoding.
-------------------
 State | Encoding
-------------------
 00    | 00
 01    | 01
 10    | 11
 11    | 10
-------------------
Analyzing FSM <FSM_1> for best encoding.
Optimizing FSM <u_tx/state/FSM> on signal <state[1:2]> with gray encoding.
-------------------
 State | Encoding
-------------------
 00    | 00
 01    | 01
 10    | 11
 11    | 10
-------------------
Analyzing FSM <FSM_0> for best encoding.
Optimizing FSM <u_rx/state/FSM> on signal <state[1:3]> with gray encoding.
-------------------
 State | Encoding
-------------------
 000   | 000
 001   | 001
 010   | 011
 011   | 010
 100   | 110
-------------------
INFO:Xst:2261 - The FF/Latch <rs0_18> in Unit <u_core> is equivalent to the following 3 FFs/Latches, which will be removed : <rs0_19> <rs0_20> <rs0_21> 
INFO:Xst:2261 - The FF/Latch <rs1_18> in Unit <u_core> is equivalent to the following 3 FFs/Latches, which will be removed : <rs1_19> <rs1_20> <rs1_21> 
INFO:Xst:2261 - The FF/Latch <rs2_18> in Unit <u_core> is equivalent to the following 3 FFs/Latches, which will be removed : <rs2_19> <rs2_20> <rs2_21> 
WARNING:Xst:2677 - Node <tx_word_8> of sequential type is unconnected in block <conv_top>.
WARNING:Xst:2677 - Node <tx_word_9> of sequential type is unconnected in block <conv_top>.
WARNING:Xst:2677 - Node <tx_word_10> of sequential type is unconnected in block <conv_top>.
WARNING:Xst:2677 - Node <tx_word_11> of sequential type is unconnected in block <conv_top>.
WARNING:Xst:2677 - Node <tx_word_12> of sequential type is unconnected in block <conv_top>.
WARNING:Xst:2677 - Node <tx_word_13> of sequential type is unconnected in block <conv_top>.
WARNING:Xst:2677 - Node <tx_word_14> of sequential type is unconnected in block <conv_top>.
WARNING:Xst:2677 - Node <tx_word_15> of sequential type is unconnected in block <conv_top>.

Synthesizing (advanced) Unit <conv_accel_same>.
	Multiplier <Mmult_p2_mult0000> in block <conv_accel_same> and adder/subtractor <Madd_rs0_add0000> in block <conv_accel_same> are combined into a MAC<Maddsub_p2_mult0000>.
	The following registers are also absorbed by the MAC: <w02> in block <conv_accel_same>, <c2> in block <conv_accel_same>, <p2> in block <conv_accel_same>, <rs0> in block <conv_accel_same>.
	Multiplier <Mmult_p5_mult0000> in block <conv_accel_same> and adder/subtractor <Madd_rs1_add0000> in block <conv_accel_same> are combined into a MAC<Maddsub_p5_mult0000>.
	The following registers are also absorbed by the MAC: <w12> in block <conv_accel_same>, <c5> in block <conv_accel_same>, <p5> in block <conv_accel_same>, <rs1> in block <conv_accel_same>.
	Multiplier <Mmult_p8_mult0000> in block <conv_accel_same> and adder/subtractor <Madd_rs2_add0000> in block <conv_accel_same> are combined into a MAC<Maddsub_p8_mult0000>.
	The following registers are also absorbed by the MAC: <w22> in block <conv_accel_same>, <c8> in block <conv_accel_same>, <p8> in block <conv_accel_same>, <rs2> in block <conv_accel_same>.
	Multiplier <Mmult_p0_mult0000> in block <conv_accel_same> and adder/subtractor <Madd_rs0_add0001> in block <conv_accel_same> are combined into a MAC<Maddsub_p0_mult0000>.
	The following registers are also absorbed by the MAC: <c0> in block <conv_accel_same>, <p0> in block <conv_accel_same>.
	Multiplier <Mmult_p3_mult0000> in block <conv_accel_same> and adder/subtractor <Madd_rs1_add0001> in block <conv_accel_same> are combined into a MAC<Maddsub_p3_mult0000>.
	The following registers are also absorbed by the MAC: <c3> in block <conv_accel_same>, <p3> in block <conv_accel_same>.
	Multiplier <Mmult_p6_mult0000> in block <conv_accel_same> and adder/subtractor <Madd_rs2_add0001> in block <conv_accel_same> are combined into a MAC<Maddsub_p6_mult0000>.
	The following registers are also absorbed by the MAC: <c6> in block <conv_accel_same>, <p6> in block <conv_accel_same>.
	Found pipelined multiplier on signal <p4_mult0000>:
		- 1 pipeline level(s) found in a register connected to the multiplier macro output.
		Pushing register(s) into the multiplier macro.

		- 1 pipeline level(s) found in a register on signal <c4>.
		Pushing register(s) into the multiplier macro.
	Found pipelined multiplier on signal <p1_mult0000>:
		- 1 pipeline level(s) found in a register connected to the multiplier macro output.
		Pushing register(s) into the multiplier macro.

		- 1 pipeline level(s) found in a register on signal <c1>.
		Pushing register(s) into the multiplier macro.
	Found pipelined multiplier on signal <p7_mult0000>:
		- 1 pipeline level(s) found in a register connected to the multiplier macro output.
		Pushing register(s) into the multiplier macro.

		- 1 pipeline level(s) found in a register on signal <c7>.
		Pushing register(s) into the multiplier macro.
INFO:Xst:2385 - HDL ADVISOR - You can improve the performance of the multiplier Mmult_p4_mult0000 by adding 1 register level(s).
INFO:Xst:2385 - HDL ADVISOR - You can improve the performance of the multiplier Mmult_p1_mult0000 by adding 1 register level(s).
INFO:Xst:2385 - HDL ADVISOR - You can improve the performance of the multiplier Mmult_p7_mult0000 by adding 1 register level(s).
Unit <conv_accel_same> synthesized (advanced).

Synthesizing (advanced) Unit <conv_top>.
INFO:Xst:3218 - HDL ADVISOR - The RAM <Mram_fifo> will be implemented on LUTs either because you have described an asynchronous read or because of currently unsupported block RAM features. If you have described an asynchronous read, making it synchronous would allow you to take advantage of available block RAM resources, for optimized device usage and improved timings. Please refer to your documentation for coding guidelines.
    -----------------------------------------------------------------------
    | ram_type           | Distributed                         |          |
    -----------------------------------------------------------------------
    | Port A                                                              |
    |     aspect ratio   | 32-word x 16-bit                    |          |
    |     clkA           | connected to signal <clk>           | rise     |
    |     weA            | connected to signal <fifo_push_0>   | high     |
    |     addrA          | connected to signal <f_wr>          |          |
    |     diA            | connected to signal <out_pixel>     |          |
    -----------------------------------------------------------------------
    | Port B                                                              |
    |     aspect ratio   | 32-word x 16-bit                    |          |
    |     addrB          | connected to signal <f_rd>          |          |
    |     doB            | connected to internal node          |          |
    -----------------------------------------------------------------------
Unit <conv_top> synthesized (advanced).
WARNING:Xst:2677 - Node <tx_word_8> of sequential type is unconnected in block <conv_top>.
WARNING:Xst:2677 - Node <tx_word_9> of sequential type is unconnected in block <conv_top>.
WARNING:Xst:2677 - Node <tx_word_10> of sequential type is unconnected in block <conv_top>.
WARNING:Xst:2677 - Node <tx_word_11> of sequential type is unconnected in block <conv_top>.
WARNING:Xst:2677 - Node <tx_word_12> of sequential type is unconnected in block <conv_top>.
WARNING:Xst:2677 - Node <tx_word_13> of sequential type is unconnected in block <conv_top>.
WARNING:Xst:2677 - Node <tx_word_14> of sequential type is unconnected in block <conv_top>.
WARNING:Xst:2677 - Node <tx_word_15> of sequential type is unconnected in block <conv_top>.

=========================================================================
Advanced HDL Synthesis Report

Macro Statistics
# FSMs                                                 : 3
# RAMs                                                 : 1
 32x16-bit dual-port distributed RAM                   : 1
# MACs                                                 : 6
 9x8-to-18-bit MAC                                     : 3
 9x8-to-19-bit MAC                                     : 3
# Multipliers                                          : 3
 9x8-bit registered multiplier                         : 3
# Adders/Subtractors                                   : 8
 16-bit adder                                          : 3
 22-bit adder                                          : 2
 3-bit adder                                           : 2
 6-bit addsub                                          : 1
# Counters                                             : 6
 16-bit up counter                                     : 3
 2-bit up counter                                      : 1
 5-bit up counter                                      : 1
 6-bit up counter                                      : 1
# Registers                                            : 737
 Flip-Flops                                            : 737
# Comparators                                          : 8
 16-bit comparator greatequal                          : 1
 16-bit comparator less                                : 3
 2-bit comparator less                                 : 2
 23-bit comparator greater                             : 1
 32-bit comparator less                                : 1
# Multiplexers                                         : 1
 1-bit 8-to-1 multiplexer                              : 1

=========================================================================

=========================================================================
*                         Low Level Synthesis                           *
=========================================================================
INFO:Xst:2146 - In block <conv_top>, Counter <tx_out_cnt> <f_rd> are equivalent, XST will keep only <tx_out_cnt>.
WARNING:Xst:2677 - Node <f_wr_5> of sequential type is unconnected in block <conv_top>.

Optimizing unit <conv_top> ...

Optimizing unit <uart_rx> ...

Optimizing unit <uart_tx> ...

Optimizing unit <conv_accel_same> ...
WARNING:Xst:2677 - Node <u_tx/tx_busy> of sequential type is unconnected in block <conv_top>.

Mapping all equations...
Building and optimizing final netlist ...
Found area constraint ratio of 100 (+ 5) on block conv_top, actual ratio is 4.

Final Macro Processing ...

Processing Unit <conv_top> :
	Found 2-bit shift register for signal <u_rx/rx_s>.
	Found 4-bit shift register for signal <u_core/out_valid>.
	Found 2-bit shift register for signal <u_core/w01_7>.
	Found 2-bit shift register for signal <u_core/w01_6>.
	Found 2-bit shift register for signal <u_core/w01_5>.
	Found 2-bit shift register for signal <u_core/w01_4>.
	Found 2-bit shift register for signal <u_core/w01_3>.
	Found 2-bit shift register for signal <u_core/w01_2>.
	Found 2-bit shift register for signal <u_core/w01_1>.
	Found 2-bit shift register for signal <u_core/w01_0>.
	Found 2-bit shift register for signal <u_core/w11_7>.
	Found 2-bit shift register for signal <u_core/w11_6>.
	Found 2-bit shift register for signal <u_core/w11_5>.
	Found 2-bit shift register for signal <u_core/w11_4>.
	Found 2-bit shift register for signal <u_core/w11_3>.
	Found 2-bit shift register for signal <u_core/w11_2>.
	Found 2-bit shift register for signal <u_core/w11_1>.
	Found 2-bit shift register for signal <u_core/w11_0>.
	Found 2-bit shift register for signal <u_core/w21_7>.
	Found 2-bit shift register for signal <u_core/w21_6>.
	Found 2-bit shift register for signal <u_core/w21_5>.
	Found 2-bit shift register for signal <u_core/w21_4>.
	Found 2-bit shift register for signal <u_core/w21_3>.
	Found 2-bit shift register for signal <u_core/w21_2>.
	Found 2-bit shift register for signal <u_core/w21_1>.
	Found 2-bit shift register for signal <u_core/w21_0>.
	Found 32-bit shift register for signal <u_core/lb1_255>.
	Found 32-bit shift register for signal <u_core/lb1_254>.
	Found 32-bit shift register for signal <u_core/lb1_253>.
	Found 32-bit shift register for signal <u_core/lb1_252>.
	Found 32-bit shift register for signal <u_core/lb1_251>.
	Found 32-bit shift register for signal <u_core/lb1_250>.
	Found 32-bit shift register for signal <u_core/lb1_249>.
	Found 32-bit shift register for signal <u_core/lb1_248>.
	Found 32-bit shift register for signal <u_core/lb0_255>.
	Found 32-bit shift register for signal <u_core/lb0_254>.
	Found 32-bit shift register for signal <u_core/lb0_253>.
	Found 32-bit shift register for signal <u_core/lb0_252>.
	Found 32-bit shift register for signal <u_core/lb0_251>.
	Found 32-bit shift register for signal <u_core/lb0_250>.
	Found 32-bit shift register for signal <u_core/lb0_249>.
	Found 32-bit shift register for signal <u_core/lb0_248>.
Unit <conv_top> processed.

=========================================================================
Final Register Report

Macro Statistics
# Registers                                            : 232
 Flip-Flops                                            : 232
# Shift Registers                                      : 42
 2-bit shift register                                  : 25
 32-bit shift register                                 : 16
 4-bit shift register                                  : 1

=========================================================================

=========================================================================
*                           Partition Report                            *
=========================================================================

Partition Implementation Status
-------------------------------

  No Partitions were found in this design.

-------------------------------

=========================================================================
*                            Final Report                               *
=========================================================================
Final Results
RTL Top Level Output File Name     : conv_top.ngr
Top Level Output File Name         : conv_top
Output Format                      : NGC
Optimization Goal                  : Speed
Keep Hierarchy                     : No

Design Statistics
# IOs                              : 7

Cell Usage :
# BELS                             : 614
#      GND                         : 1
#      INV                         : 9
#      LUT1                        : 90
#      LUT2                        : 52
#      LUT3                        : 67
#      LUT4                        : 59
#      LUT5                        : 45
#      LUT6                        : 59
#      MUXCY                       : 111
#      MUXF7                       : 2
#      VCC                         : 1
#      XORCY                       : 118
# FlipFlops/Latches                : 325
#      FDE                         : 82
#      FDR                         : 69
#      FDRE                        : 156
#      FDRS                        : 15
#      FDRSE                       : 2
#      FDS                         : 1
# RAMS                             : 6
#      RAM32M                      : 2
#      RAM32X1D                    : 4
# Shift Registers                  : 42
#      SRLC16E                     : 26
#      SRLC32E                     : 16
# Clock Buffers                    : 1
#      BUFGP                       : 1
# IO Buffers                       : 6
#      IBUF                        : 3
#      OBUF                        : 3
# DSPs                             : 9
#      DSP48E                      : 9
=========================================================================

Device utilization summary:
---------------------------

Selected Device : 5vlx50tff1136-1 


Slice Logic Utilization: 
 Number of Slice Registers:             325  out of  28800     1%  
 Number of Slice LUTs:                  439  out of  28800     1%  
    Number used as Logic:               381  out of  28800     1%  
    Number used as Memory:               58  out of   7680     0%  
       Number used as RAM:               16
       Number used as SRL:               42

Slice Logic Distribution: 
 Number of LUT Flip Flop pairs used:    511
   Number with an unused Flip Flop:     186  out of    511    36%  
   Number with an unused LUT:            72  out of    511    14%  
   Number of fully used LUT-FF pairs:   253  out of    511    49%  
   Number of unique control sets:        35

IO Utilization: 
 Number of IOs:                           7
 Number of bonded IOBs:                   7  out of    480     1%  

Specific Feature Utilization:
 Number of BUFG/BUFGCTRLs:                1  out of     32     3%  
 Number of DSP48Es:                       9  out of     48    18%  

---------------------------
Partition Resource Summary:
---------------------------

  No Partitions were found in this design.

---------------------------


=========================================================================
TIMING REPORT

NOTE: THESE TIMING NUMBERS ARE ONLY A SYNTHESIS ESTIMATE.
      FOR ACCURATE TIMING INFORMATION PLEASE REFER TO THE TRACE REPORT
      GENERATED AFTER PLACE-and-ROUTE.

Clock Information:
------------------
-----------------------------------+------------------------+-------+
Clock Signal                       | Clock buffer(FF name)  | Load  |
-----------------------------------+------------------------+-------+
clk                                | BUFGP                  | 382   |
-----------------------------------+------------------------+-------+

Asynchronous Control Signals Information:
----------------------------------------
No asynchronous control signals found in this design

Timing Summary:
---------------
Speed Grade: -1

   Minimum period: 5.006ns (Maximum Frequency: 199.760MHz)
   Minimum input arrival time before clock: 3.186ns
   Maximum output required time after clock: 4.055ns
   Maximum combinational path delay: No path found

Timing Detail:
--------------
All values displayed in nanoseconds (ns)

=========================================================================
Timing constraint: Default period analysis for Clock 'clk'
  Clock period: 5.006ns (frequency: 199.760MHz)
  Total number of paths / destination ports: 45692 / 1263
-------------------------------------------------------------------------
Delay:               5.006ns (Levels of Logic = 17)
  Source:            u_core/Maddsub_p8_mult0000 (DSP)
  Destination:       u_core/out_pixel_14 (FF)
  Source Clock:      clk rising
  Destination Clock: clk rising

  Data Path: u_core/Maddsub_p8_mult0000 to u_core/out_pixel_14
                                Gate     Net
    Cell:in->out      fanout   Delay   Delay  Logical Name (Net Name)
    ----------------------------------------  ------------
     DSP48E:CLK->P2        3   0.556   1.080  u_core/Maddsub_p8_mult0000 (u_core/rs2<2>)
     LUT6:I0->O            1   0.094   0.000  u_core/Madd_total_Madd_lut<2> (u_core/Madd_total_Madd_lut<2>)
     MUXCY:S->O            1   0.372   0.000  u_core/Madd_total_Madd_cy<2> (u_core/Madd_total_Madd_cy<2>)
     MUXCY:CI->O           1   0.026   0.000  u_core/Madd_total_Madd_cy<3> (u_core/Madd_total_Madd_cy<3>)
     MUXCY:CI->O           1   0.026   0.000  u_core/Madd_total_Madd_cy<4> (u_core/Madd_total_Madd_cy<4>)
     MUXCY:CI->O           1   0.026   0.000  u_core/Madd_total_Madd_cy<5> (u_core/Madd_total_Madd_cy<5>)
     MUXCY:CI->O           1   0.026   0.000  u_core/Madd_total_Madd_cy<6> (u_core/Madd_total_Madd_cy<6>)
     MUXCY:CI->O           1   0.026   0.000  u_core/Madd_total_Madd_cy<7> (u_core/Madd_total_Madd_cy<7>)
     MUXCY:CI->O           1   0.026   0.000  u_core/Madd_total_Madd_cy<8> (u_core/Madd_total_Madd_cy<8>)
     MUXCY:CI->O           1   0.026   0.000  u_core/Madd_total_Madd_cy<9> (u_core/Madd_total_Madd_cy<9>)
     MUXCY:CI->O           1   0.026   0.000  u_core/Madd_total_Madd_cy<10> (u_core/Madd_total_Madd_cy<10>)
     MUXCY:CI->O           1   0.026   0.000  u_core/Madd_total_Madd_cy<11> (u_core/Madd_total_Madd_cy<11>)
     MUXCY:CI->O           1   0.026   0.000  u_core/Madd_total_Madd_cy<12> (u_core/Madd_total_Madd_cy<12>)
     MUXCY:CI->O           1   0.026   0.000  u_core/Madd_total_Madd_cy<13> (u_core/Madd_total_Madd_cy<13>)
     MUXCY:CI->O           1   0.026   0.000  u_core/Madd_total_Madd_cy<14> (u_core/Madd_total_Madd_cy<14>)
     XORCY:CI->O           2   0.357   0.581  u_core/Madd_total_Madd_xor<15> (u_core/total<15>)
     LUT2:I0->O            1   0.094   0.480  u_core/relu_out<0>2_SW0 (N12)
     LUT6:I5->O           15   0.094   0.413  u_core/relu_out<0>2 (u_core/N11)
     FDRS:S                    0.573          u_core/out_pixel_14
    ----------------------------------------
    Total                      5.006ns (2.452ns logic, 2.554ns route)
                                       (49.0% logic, 51.0% route)

=========================================================================
Timing constraint: Default OFFSET IN BEFORE for Clock 'clk'
  Total number of paths / destination ports: 282 / 282
-------------------------------------------------------------------------
Offset:              3.186ns (Levels of Logic = 3)
  Source:            rst (PAD)
  Destination:       u_rx/shreg_7 (FF)
  Destination Clock: clk rising

  Data Path: rst to u_rx/shreg_7
                                Gate     Net
    Cell:in->out      fanout   Delay   Delay  Logical Name (Net Name)
    ----------------------------------------  ------------
     IBUF:I->O           102   0.818   1.113  rst_IBUF (rst_IBUF)
     LUT5:I0->O            8   0.094   0.518  u_rx/shreg_0_not000111 (u_rx/N5)
     LUT4:I3->O            1   0.094   0.336  u_rx/shreg_7_not00011 (u_rx/shreg_7_not0001)
     FDE:CE                    0.213          u_rx/shreg_7
    ----------------------------------------
    Total                      3.186ns (1.219ns logic, 1.967ns route)
                                       (38.3% logic, 61.7% route)

=========================================================================
Timing constraint: Default OFFSET OUT AFTER for Clock 'clk'
  Total number of paths / destination ports: 4 / 3
-------------------------------------------------------------------------
Offset:              4.055ns (Levels of Logic = 2)
  Source:            state_FSM_FFd1 (FF)
  Destination:       busy_led (PAD)
  Source Clock:      clk rising

  Data Path: state_FSM_FFd1 to busy_led
                                Gate     Net
    Cell:in->out      fanout   Delay   Delay  Logical Name (Net Name)
    ----------------------------------------  ------------
     FDR:C->Q             25   0.471   0.702  state_FSM_FFd1 (state_FSM_FFd1)
     LUT2:I0->O            1   0.094   0.336  state_FSM_Out21 (busy_led_OBUF)
     OBUF:I->O                 2.452          busy_led_OBUF (busy_led)
    ----------------------------------------
    Total                      4.055ns (3.017ns logic, 1.038ns route)
                                       (74.4% logic, 25.6% route)

=========================================================================


Total REAL time to Xst completion: 10.00 secs
Total CPU time to Xst completion: 10.18 secs
 
--> 


Total memory usage is 572832 kilobytes

Number of errors   :    0 (   0 filtered)
Number of warnings :   20 (   0 filtered)
Number of infos    :   13 (   0 filtered)

