--------------------------------------------------------------------------------
Release 14.7 Trace  (lin64)
Copyright (c) 1995-2013 Xilinx, Inc.  All rights reserved.

/opt/Xilinx/14.7/ISE_DS/ISE/bin/lin64/unwrapped/trce -intstyle ise -v 3 -s 1 -n
3 -fastpaths -xml conv_top.twx conv_top.ncd -o conv_top.twr conv_top.pcf

Design file:              conv_top.ncd
Physical constraint file: conv_top.pcf
Device,package,speed:     xc5vlx50t,ff1136,-1 (PRODUCTION 1.73 2013-10-13, STEPPING level 0)
Report level:             verbose report

Environment Variable      Effect 
--------------------      ------ 
NONE                      No environment variables were set
--------------------------------------------------------------------------------

INFO:Timing:3412 - To improve timing, see the Timing Closure User Guide (UG612).
INFO:Timing:2752 - To get complete path coverage, use the unconstrained paths 
   option. All paths that are not constrained will be reported in the 
   unconstrained paths section(s) of the report.
INFO:Timing:3339 - The clock-to-out numbers in this timing report are based on 
   a 50 Ohm transmission line loading model.  For the details of this model, 
   and for more information on accounting for different loading conditions, 
   please see the device datasheet.

================================================================================
Timing constraint: TS_clk = PERIOD TIMEGRP "clk" 10 ns HIGH 50%;
For more information, see Period Analysis in the Timing Closure User Guide (UG612).

 45864 paths analyzed, 1787 endpoints analyzed, 0 failing endpoints
 0 timing errors detected. (0 setup errors, 0 hold errors, 0 component switching limit errors)
 Minimum period is   5.948ns.
--------------------------------------------------------------------------------

Paths for end point u_core/out_pixel_15 (SLICE_X32Y58.A1), 175 paths
--------------------------------------------------------------------------------
Slack (setup path):     4.052ns (requirement - (data path - clock path skew + uncertainty))
  Source:               u_core/Maddsub_p8_mult0000 (DSP)
  Destination:          u_core/out_pixel_15 (FF)
  Requirement:          10.000ns
  Data Path Delay:      5.660ns (Levels of Logic = 8)
  Clock Path Skew:      -0.253ns (1.100 - 1.353)
  Source Clock:         clk_BUFGP rising at 0.000ns
  Destination Clock:    clk_BUFGP rising at 10.000ns
  Clock Uncertainty:    0.035ns

  Clock Uncertainty:          0.035ns  ((TSJ^2 + TIJ^2)^1/2 + DJ) / 2 + PE
    Total System Jitter (TSJ):  0.070ns
    Total Input Jitter (TIJ):   0.000ns
    Discrete Jitter (DJ):       0.000ns
    Phase Error (PE):           0.000ns

  Maximum Data Path: u_core/Maddsub_p8_mult0000 to u_core/out_pixel_15
    Location             Delay type         Delay(ns)  Physical Resource
                                                       Logical Resource(s)
    -------------------------------------------------  -------------------
    DSP48_X0Y16.P2       Tdspcko_PP            0.556   u_core/Maddsub_p8_mult0000
                                                       u_core/Maddsub_p8_mult0000
    SLICE_X15Y49.A1      net (fanout=3)        1.333   u_core/rs2<2>
    SLICE_X15Y49.A       Tilo                  0.094   u_core/Madd_totalC
                                                       u_core/Madd_totalC11
    SLICE_X14Y49.DX      net (fanout=1)        0.475   u_core/Madd_totalC1
    SLICE_X14Y49.COUT    Tdxcy                 0.242   u_core/Madd_total_Madd_cy<3>
                                                       u_core/Madd_total_Madd_cy<3>
    SLICE_X14Y50.CIN     net (fanout=1)        0.010   u_core/Madd_total_Madd_cy<3>
    SLICE_X14Y50.COUT    Tbyp                  0.104   u_core/Madd_total_Madd_cy<7>
                                                       u_core/Madd_total_Madd_cy<7>
    SLICE_X14Y51.CIN     net (fanout=1)        0.000   u_core/Madd_total_Madd_cy<7>
    SLICE_X14Y51.COUT    Tbyp                  0.104   u_core/Madd_total_Madd_cy<11>
                                                       u_core/Madd_total_Madd_cy<11>
    SLICE_X14Y52.CIN     net (fanout=1)        0.000   u_core/Madd_total_Madd_cy<11>
    SLICE_X14Y52.COUT    Tbyp                  0.104   u_core/Madd_total_Madd_cy<15>
                                                       u_core/Madd_total_Madd_cy<15>
    SLICE_X14Y53.CIN     net (fanout=1)        0.000   u_core/Madd_total_Madd_cy<15>
    SLICE_X14Y53.COUT    Tbyp                  0.104   u_core/Madd_total_Madd_cy<19>
                                                       u_core/Madd_total_Madd_cy<19>
    SLICE_X14Y54.CIN     net (fanout=1)        0.000   u_core/Madd_total_Madd_cy<19>
    SLICE_X14Y54.BMUX    Tcinb                 0.335   u_core/total<21>
                                                       u_core/Madd_total_Madd_xor<21>
    SLICE_X32Y58.A1      net (fanout=17)       2.192   u_core/total<21>
    SLICE_X32Y58.CLK     Tas                   0.007   u_core/out_pixel<15>
                                                       u_core/relu_out<15>1
                                                       u_core/out_pixel_15
    -------------------------------------------------  ---------------------------
    Total                                      5.660ns (1.650ns logic, 4.010ns route)
                                                       (29.2% logic, 70.8% route)

--------------------------------------------------------------------------------
Slack (setup path):     4.124ns (requirement - (data path - clock path skew + uncertainty))
  Source:               u_core/Maddsub_p2_mult0000 (DSP)
  Destination:          u_core/out_pixel_15 (FF)
  Requirement:          10.000ns
  Data Path Delay:      5.593ns (Levels of Logic = 8)
  Clock Path Skew:      -0.248ns (1.100 - 1.348)
  Source Clock:         clk_BUFGP rising at 0.000ns
  Destination Clock:    clk_BUFGP rising at 10.000ns
  Clock Uncertainty:    0.035ns

  Clock Uncertainty:          0.035ns  ((TSJ^2 + TIJ^2)^1/2 + DJ) / 2 + PE
    Total System Jitter (TSJ):  0.070ns
    Total Input Jitter (TIJ):   0.000ns
    Discrete Jitter (DJ):       0.000ns
    Phase Error (PE):           0.000ns

  Maximum Data Path: u_core/Maddsub_p2_mult0000 to u_core/out_pixel_15
    Location             Delay type         Delay(ns)  Physical Resource
                                                       Logical Resource(s)
    -------------------------------------------------  -------------------
    DSP48_X0Y22.P1       Tdspcko_PP            0.556   u_core/Maddsub_p2_mult0000
                                                       u_core/Maddsub_p2_mult0000
    SLICE_X15Y49.B1      net (fanout=3)        1.285   u_core/rs0<1>
    SLICE_X15Y49.B       Tilo                  0.094   u_core/Madd_totalC
                                                       u_core/Madd_totalC1
    SLICE_X14Y49.CX      net (fanout=1)        0.445   u_core/Madd_totalC
    SLICE_X14Y49.COUT    Tcxcy                 0.253   u_core/Madd_total_Madd_cy<3>
                                                       u_core/Madd_total_Madd_cy<3>
    SLICE_X14Y50.CIN     net (fanout=1)        0.010   u_core/Madd_total_Madd_cy<3>
    SLICE_X14Y50.COUT    Tbyp                  0.104   u_core/Madd_total_Madd_cy<7>
                                                       u_core/Madd_total_Madd_cy<7>
    SLICE_X14Y51.CIN     net (fanout=1)        0.000   u_core/Madd_total_Madd_cy<7>
    SLICE_X14Y51.COUT    Tbyp                  0.104   u_core/Madd_total_Madd_cy<11>
                                                       u_core/Madd_total_Madd_cy<11>
    SLICE_X14Y52.CIN     net (fanout=1)        0.000   u_core/Madd_total_Madd_cy<11>
    SLICE_X14Y52.COUT    Tbyp                  0.104   u_core/Madd_total_Madd_cy<15>
                                                       u_core/Madd_total_Madd_cy<15>
    SLICE_X14Y53.CIN     net (fanout=1)        0.000   u_core/Madd_total_Madd_cy<15>
    SLICE_X14Y53.COUT    Tbyp                  0.104   u_core/Madd_total_Madd_cy<19>
                                                       u_core/Madd_total_Madd_cy<19>
    SLICE_X14Y54.CIN     net (fanout=1)        0.000   u_core/Madd_total_Madd_cy<19>
    SLICE_X14Y54.BMUX    Tcinb                 0.335   u_core/total<21>
                                                       u_core/Madd_total_Madd_xor<21>
    SLICE_X32Y58.A1      net (fanout=17)       2.192   u_core/total<21>
    SLICE_X32Y58.CLK     Tas                   0.007   u_core/out_pixel<15>
                                                       u_core/relu_out<15>1
                                                       u_core/out_pixel_15
    -------------------------------------------------  ---------------------------
    Total                                      5.593ns (1.661ns logic, 3.932ns route)
                                                       (29.7% logic, 70.3% route)

--------------------------------------------------------------------------------
Slack (setup path):     4.134ns (requirement - (data path - clock path skew + uncertainty))
  Source:               u_core/Maddsub_p5_mult0000 (DSP)
  Destination:          u_core/out_pixel_15 (FF)
  Requirement:          10.000ns
  Data Path Delay:      5.603ns (Levels of Logic = 7)
  Clock Path Skew:      -0.228ns (1.100 - 1.328)
  Source Clock:         clk_BUFGP rising at 0.000ns
  Destination Clock:    clk_BUFGP rising at 10.000ns
  Clock Uncertainty:    0.035ns

  Clock Uncertainty:          0.035ns  ((TSJ^2 + TIJ^2)^1/2 + DJ) / 2 + PE
    Total System Jitter (TSJ):  0.070ns
    Total Input Jitter (TIJ):   0.000ns
    Discrete Jitter (DJ):       0.000ns
    Phase Error (PE):           0.000ns

  Maximum Data Path: u_core/Maddsub_p5_mult0000 to u_core/out_pixel_15
    Location             Delay type         Delay(ns)  Physical Resource
                                                       Logical Resource(s)
    -------------------------------------------------  -------------------
    DSP48_X0Y19.P3       Tdspcko_PP            0.556   u_core/Maddsub_p5_mult0000
                                                       u_core/Maddsub_p5_mult0000
    SLICE_X15Y50.D2      net (fanout=3)        1.191   u_core/rs1<3>
    SLICE_X15Y50.D       Tilo                  0.094   u_core/Madd_totalC2
                                                       u_core/Madd_totalC21
    SLICE_X14Y50.AX      net (fanout=1)        0.477   u_core/Madd_totalC2
    SLICE_X14Y50.COUT    Taxcy                 0.439   u_core/Madd_total_Madd_cy<7>
                                                       u_core/Madd_total_Madd_cy<7>
    SLICE_X14Y51.CIN     net (fanout=1)        0.000   u_core/Madd_total_Madd_cy<7>
    SLICE_X14Y51.COUT    Tbyp                  0.104   u_core/Madd_total_Madd_cy<11>
                                                       u_core/Madd_total_Madd_cy<11>
    SLICE_X14Y52.CIN     net (fanout=1)        0.000   u_core/Madd_total_Madd_cy<11>
    SLICE_X14Y52.COUT    Tbyp                  0.104   u_core/Madd_total_Madd_cy<15>
                                                       u_core/Madd_total_Madd_cy<15>
    SLICE_X14Y53.CIN     net (fanout=1)        0.000   u_core/Madd_total_Madd_cy<15>
    SLICE_X14Y53.COUT    Tbyp                  0.104   u_core/Madd_total_Madd_cy<19>
                                                       u_core/Madd_total_Madd_cy<19>
    SLICE_X14Y54.CIN     net (fanout=1)        0.000   u_core/Madd_total_Madd_cy<19>
    SLICE_X14Y54.BMUX    Tcinb                 0.335   u_core/total<21>
                                                       u_core/Madd_total_Madd_xor<21>
    SLICE_X32Y58.A1      net (fanout=17)       2.192   u_core/total<21>
    SLICE_X32Y58.CLK     Tas                   0.007   u_core/out_pixel<15>
                                                       u_core/relu_out<15>1
                                                       u_core/out_pixel_15
    -------------------------------------------------  ---------------------------
    Total                                      5.603ns (1.743ns logic, 3.860ns route)
                                                       (31.1% logic, 68.9% route)

--------------------------------------------------------------------------------

Paths for end point u_core/Mmult_p7_mult0000 (DSP48_X0Y14.A3), 2 paths
--------------------------------------------------------------------------------
Slack (setup path):     4.112ns (requirement - (data path - clock path skew + uncertainty))
  Source:               u_core/rundist_1 (FF)
  Destination:          u_core/Mmult_p7_mult0000 (DSP)
  Requirement:          10.000ns
  Data Path Delay:      5.872ns (Levels of Logic = 1)
  Clock Path Skew:      0.019ns (1.311 - 1.292)
  Source Clock:         clk_BUFGP rising at 0.000ns
  Destination Clock:    clk_BUFGP rising at 10.000ns
  Clock Uncertainty:    0.035ns

  Clock Uncertainty:          0.035ns  ((TSJ^2 + TIJ^2)^1/2 + DJ) / 2 + PE
    Total System Jitter (TSJ):  0.070ns
    Total Input Jitter (TIJ):   0.000ns
    Discrete Jitter (DJ):       0.000ns
    Phase Error (PE):           0.000ns

  Maximum Data Path: u_core/rundist_1 to u_core/Mmult_p7_mult0000
    Location             Delay type         Delay(ns)  Physical Resource
                                                       Logical Resource(s)
    -------------------------------------------------  -------------------
    SLICE_X9Y45.CQ       Tcko                  0.450   u_core/rundist<1>
                                                       u_core/rundist_1
    SLICE_X10Y35.B1      net (fanout=50)       1.590   u_core/rundist<1>
    SLICE_X10Y35.B       Tilo                  0.094   u_core/w20<3>
                                                       u_core/x21<3>1
    DSP48_X0Y14.A3       net (fanout=1)        0.493   u_core/x21<3>
    DSP48_X0Y14.CLK      Tdspdck_AP_M          3.245   u_core/Mmult_p7_mult0000
                                                       u_core/Mmult_p7_mult0000
    -------------------------------------------------  ---------------------------
    Total                                      5.872ns (3.789ns logic, 2.083ns route)
                                                       (64.5% logic, 35.5% route)

--------------------------------------------------------------------------------
Slack (setup path):     4.880ns (requirement - (data path - clock path skew + uncertainty))
  Source:               u_core/w21_3 (FF)
  Destination:          u_core/Mmult_p7_mult0000 (DSP)
  Requirement:          10.000ns
  Data Path Delay:      5.111ns (Levels of Logic = 1)
  Clock Path Skew:      0.026ns (0.577 - 0.551)
  Source Clock:         clk_BUFGP rising at 0.000ns
  Destination Clock:    clk_BUFGP rising at 10.000ns
  Clock Uncertainty:    0.035ns

  Clock Uncertainty:          0.035ns  ((TSJ^2 + TIJ^2)^1/2 + DJ) / 2 + PE
    Total System Jitter (TSJ):  0.070ns
    Total Input Jitter (TIJ):   0.000ns
    Discrete Jitter (DJ):       0.000ns
    Phase Error (PE):           0.000ns

  Maximum Data Path: u_core/w21_3 to u_core/Mmult_p7_mult0000
    Location             Delay type         Delay(ns)  Physical Resource
                                                       Logical Resource(s)
    -------------------------------------------------  -------------------
    SLICE_X12Y39.AQ      Tcko                  0.471   u_core/w21<6>
                                                       u_core/w21_3
    SLICE_X10Y35.B3      net (fanout=2)        0.808   u_core/w21<3>
    SLICE_X10Y35.B       Tilo                  0.094   u_core/w20<3>
                                                       u_core/x21<3>1
    DSP48_X0Y14.A3       net (fanout=1)        0.493   u_core/x21<3>
    DSP48_X0Y14.CLK      Tdspdck_AP_M          3.245   u_core/Mmult_p7_mult0000
                                                       u_core/Mmult_p7_mult0000
    -------------------------------------------------  ---------------------------
    Total                                      5.111ns (3.810ns logic, 1.301ns route)
                                                       (74.5% logic, 25.5% route)

--------------------------------------------------------------------------------

Paths for end point u_core/Mmult_p7_mult0000 (DSP48_X0Y14.A1), 2 paths
--------------------------------------------------------------------------------
Slack (setup path):     4.125ns (requirement - (data path - clock path skew + uncertainty))
  Source:               u_core/rundist_1 (FF)
  Destination:          u_core/Mmult_p7_mult0000 (DSP)
  Requirement:          10.000ns
  Data Path Delay:      5.859ns (Levels of Logic = 1)
  Clock Path Skew:      0.019ns (1.311 - 1.292)
  Source Clock:         clk_BUFGP rising at 0.000ns
  Destination Clock:    clk_BUFGP rising at 10.000ns
  Clock Uncertainty:    0.035ns

  Clock Uncertainty:          0.035ns  ((TSJ^2 + TIJ^2)^1/2 + DJ) / 2 + PE
    Total System Jitter (TSJ):  0.070ns
    Total Input Jitter (TIJ):   0.000ns
    Discrete Jitter (DJ):       0.000ns
    Phase Error (PE):           0.000ns

  Maximum Data Path: u_core/rundist_1 to u_core/Mmult_p7_mult0000
    Location             Delay type         Delay(ns)  Physical Resource
                                                       Logical Resource(s)
    -------------------------------------------------  -------------------
    SLICE_X9Y45.CQ       Tcko                  0.450   u_core/rundist<1>
                                                       u_core/rundist_1
    SLICE_X10Y35.A1      net (fanout=50)       1.595   u_core/rundist<1>
    SLICE_X10Y35.A       Tilo                  0.094   u_core/w20<3>
                                                       u_core/x21<1>1
    DSP48_X0Y14.A1       net (fanout=1)        0.475   u_core/x21<1>
    DSP48_X0Y14.CLK      Tdspdck_AP_M          3.245   u_core/Mmult_p7_mult0000
                                                       u_core/Mmult_p7_mult0000
    -------------------------------------------------  ---------------------------
    Total                                      5.859ns (3.789ns logic, 2.070ns route)
                                                       (64.7% logic, 35.3% route)

--------------------------------------------------------------------------------
Slack (setup path):     5.284ns (requirement - (data path - clock path skew + uncertainty))
  Source:               u_core/w21_1 (FF)
  Destination:          u_core/Mmult_p7_mult0000 (DSP)
  Requirement:          10.000ns
  Data Path Delay:      4.714ns (Levels of Logic = 1)
  Clock Path Skew:      0.033ns (0.577 - 0.544)
  Source Clock:         clk_BUFGP rising at 0.000ns
  Destination Clock:    clk_BUFGP rising at 10.000ns
  Clock Uncertainty:    0.035ns

  Clock Uncertainty:          0.035ns  ((TSJ^2 + TIJ^2)^1/2 + DJ) / 2 + PE
    Total System Jitter (TSJ):  0.070ns
    Total Input Jitter (TIJ):   0.000ns
    Discrete Jitter (DJ):       0.000ns
    Phase Error (PE):           0.000ns

  Maximum Data Path: u_core/w21_1 to u_core/Mmult_p7_mult0000
    Location             Delay type         Delay(ns)  Physical Resource
                                                       Logical Resource(s)
    -------------------------------------------------  -------------------
    SLICE_X12Y35.BQ      Tcko                  0.471   u_core/w21<2>
                                                       u_core/w21_1
    SLICE_X10Y35.A5      net (fanout=2)        0.429   u_core/w21<1>
    SLICE_X10Y35.A       Tilo                  0.094   u_core/w20<3>
                                                       u_core/x21<1>1
    DSP48_X0Y14.A1       net (fanout=1)        0.475   u_core/x21<1>
    DSP48_X0Y14.CLK      Tdspdck_AP_M          3.245   u_core/Mmult_p7_mult0000
                                                       u_core/Mmult_p7_mult0000
    -------------------------------------------------  ---------------------------
    Total                                      4.714ns (3.810ns logic, 0.904ns route)
                                                       (80.8% logic, 19.2% route)

--------------------------------------------------------------------------------

Hold Paths: TS_clk = PERIOD TIMEGRP "clk" 10 ns HIGH 50%;
--------------------------------------------------------------------------------

Paths for end point _or0000_shift211 (SLICE_X18Y51.BX), 1 path
--------------------------------------------------------------------------------
Slack (hold path):      0.313ns (requirement - (clock path skew + uncertainty - data path))
  Source:               _or0000_shift20 (FF)
  Destination:          _or0000_shift211 (FF)
  Requirement:          0.000ns
  Data Path Delay:      0.349ns (Levels of Logic = 0)
  Clock Path Skew:      0.036ns (0.157 - 0.121)
  Source Clock:         clk_BUFGP rising at 10.000ns
  Destination Clock:    clk_BUFGP rising at 10.000ns
  Clock Uncertainty:    0.000ns

  Minimum Data Path: _or0000_shift20 to _or0000_shift211
    Location             Delay type         Delay(ns)  Physical Resource
                                                       Logical Resource(s)
    -------------------------------------------------  -------------------
    SLICE_X19Y51.AQ      Tcko                  0.414   _or0000_shift23
                                                       _or0000_shift20
    SLICE_X18Y51.BX      net (fanout=1)        0.166   _or0000_shift20
    SLICE_X18Y51.CLK     Tckdi       (-Th)     0.231   _or0000_shift311
                                                       _or0000_shift211
    -------------------------------------------------  ---------------------------
    Total                                      0.349ns (0.183ns logic, 0.166ns route)
                                                       (52.4% logic, 47.6% route)

--------------------------------------------------------------------------------

Paths for end point u_core/Maddsub_p8_mult0000 (DSP48_X0Y16.B5), 1 path
--------------------------------------------------------------------------------
Slack (hold path):      0.333ns (requirement - (clock path skew + uncertainty - data path))
  Source:               coef_din_5 (FF)
  Destination:          u_core/Maddsub_p8_mult0000 (DSP)
  Requirement:          0.000ns
  Data Path Delay:      0.442ns (Levels of Logic = 0)
  Clock Path Skew:      0.109ns (0.631 - 0.522)
  Source Clock:         clk_BUFGP rising at 10.000ns
  Destination Clock:    clk_BUFGP rising at 10.000ns
  Clock Uncertainty:    0.000ns

  Minimum Data Path: coef_din_5 to u_core/Maddsub_p8_mult0000
    Location             Delay type         Delay(ns)  Physical Resource
                                                       Logical Resource(s)
    -------------------------------------------------  -------------------
    SLICE_X13Y41.BQ      Tcko                  0.414   coef_din<6>
                                                       coef_din_5
    DSP48_X0Y16.B5       net (fanout=9)        0.327   coef_din<5>
    DSP48_X0Y16.CLK      Tdspckd_BB  (-Th)     0.299   u_core/Maddsub_p8_mult0000
                                                       u_core/Maddsub_p8_mult0000
    -------------------------------------------------  ---------------------------
    Total                                      0.442ns (0.115ns logic, 0.327ns route)
                                                       (26.0% logic, 74.0% route)

--------------------------------------------------------------------------------

Paths for end point u_core/Maddsub_p8_mult0000 (DSP48_X0Y16.B1), 1 path
--------------------------------------------------------------------------------
Slack (hold path):      0.334ns (requirement - (clock path skew + uncertainty - data path))
  Source:               coef_din_1 (FF)
  Destination:          u_core/Maddsub_p8_mult0000 (DSP)
  Requirement:          0.000ns
  Data Path Delay:      0.442ns (Levels of Logic = 0)
  Clock Path Skew:      0.108ns (0.631 - 0.523)
  Source Clock:         clk_BUFGP rising at 10.000ns
  Destination Clock:    clk_BUFGP rising at 10.000ns
  Clock Uncertainty:    0.000ns

  Minimum Data Path: coef_din_1 to u_core/Maddsub_p8_mult0000
    Location             Delay type         Delay(ns)  Physical Resource
                                                       Logical Resource(s)
    -------------------------------------------------  -------------------
    SLICE_X13Y40.BQ      Tcko                  0.414   coef_din<3>
                                                       coef_din_1
    DSP48_X0Y16.B1       net (fanout=9)        0.327   coef_din<1>
    DSP48_X0Y16.CLK      Tdspckd_BB  (-Th)     0.299   u_core/Maddsub_p8_mult0000
                                                       u_core/Maddsub_p8_mult0000
    -------------------------------------------------  ---------------------------
    Total                                      0.442ns (0.115ns logic, 0.327ns route)
                                                       (26.0% logic, 74.0% route)

--------------------------------------------------------------------------------

Component Switching Limit Checks: TS_clk = PERIOD TIMEGRP "clk" 10 ns HIGH 50%;
--------------------------------------------------------------------------------
Slack: 6.364ns (period - min period limit)
  Period: 10.000ns
  Min period limit: 3.636ns (275.028MHz) (Tdspper_BP_MULT)
  Physical resource: u_core/Mmult_p7_mult0000/CLK
  Logical resource: u_core/Mmult_p7_mult0000/CLK
  Location pin: DSP48_X0Y14.CLK
  Clock network: clk_BUFGP
--------------------------------------------------------------------------------
Slack: 6.364ns (period - min period limit)
  Period: 10.000ns
  Min period limit: 3.636ns (275.028MHz) (Tdspper_BP_MULT)
  Physical resource: u_core/Mmult_p1_mult0000/CLK
  Logical resource: u_core/Mmult_p1_mult0000/CLK
  Location pin: DSP48_X0Y20.CLK
  Clock network: clk_BUFGP
--------------------------------------------------------------------------------
Slack: 6.364ns (period - min period limit)
  Period: 10.000ns
  Min period limit: 3.636ns (275.028MHz) (Tdspper_BP_MULT)
  Physical resource: u_core/Mmult_p4_mult0000/CLK
  Logical resource: u_core/Mmult_p4_mult0000/CLK
  Location pin: DSP48_X0Y17.CLK
  Clock network: clk_BUFGP
--------------------------------------------------------------------------------


All constraints were met.


Data Sheet report:
-----------------
All values displayed in nanoseconds (ns)

Clock to Setup on destination clock clk
---------------+---------+---------+---------+---------+
               | Src:Rise| Src:Fall| Src:Rise| Src:Fall|
Source Clock   |Dest:Rise|Dest:Rise|Dest:Fall|Dest:Fall|
---------------+---------+---------+---------+---------+
clk            |    5.948|         |         |         |
---------------+---------+---------+---------+---------+


Timing summary:
---------------

Timing errors: 0  Score: 0  (Setup/Max: 0, Hold: 0)

Constraints cover 45864 paths, 0 nets, and 2264 connections

Design statistics:
   Minimum period:   5.948ns{1}   (Maximum frequency: 168.124MHz)


------------------------------------Footnotes-----------------------------------
1)  The minimum period statistic assumes all single cycle delays.

Analysis completed Thu Aug 27 11:36:41 2026 
--------------------------------------------------------------------------------

Trace Settings:
-------------------------
Trace Settings 

Peak Memory Usage: 526 MB



