--------------------------------------------------------------------------------
Release 14.7 Trace  (lin64)
Copyright (c) 1995-2013 Xilinx, Inc.  All rights reserved.

/opt/Xilinx/14.7/ISE_DS/ISE/bin/lin64/unwrapped/trce -intstyle ise -v 3 -s 1 -n
3 -fastpaths -xml conv_top.twx conv_top.ncd -o conv_top.twr conv_top.pcf

Design file:              conv_top.ncd
Physical constraint file: conv_top.pcf
Device,package,speed:     xc5vlx50t,ff1136,-1 (PRODUCTION 1.73 2013-10-13, STEPPING level 0)
Report level:             verbose report

Environment Variable      Effect 
--------------------      ------ 
NONE                      No environment variables were set
--------------------------------------------------------------------------------

INFO:Timing:3412 - To improve timing, see the Timing Closure User Guide (UG612).
INFO:Timing:2752 - To get complete path coverage, use the unconstrained paths 
   option. All paths that are not constrained will be reported in the 
   unconstrained paths section(s) of the report.
INFO:Timing:3339 - The clock-to-out numbers in this timing report are based on 
   a 50 Ohm transmission line loading model.  For the details of this model, 
   and for more information on accounting for different loading conditions, 
   please see the device datasheet.

================================================================================
Timing constraint: TS_clk = PERIOD TIMEGRP "clk" 10 ns HIGH 50%;
For more information, see Period Analysis in the Timing Closure User Guide (UG612).

 45038 paths analyzed, 1454 endpoints analyzed, 0 failing endpoints
 0 timing errors detected. (0 setup errors, 0 hold errors, 0 component switching limit errors)
 Minimum period is   5.988ns.
--------------------------------------------------------------------------------

Paths for end point u_core/out_pixel_9 (SLICE_X17Y58.DX), 1081 paths
--------------------------------------------------------------------------------
Slack (setup path):     4.012ns (requirement - (data path - clock path skew + uncertainty))
  Source:               u_core/Maddsub_p8_mult0000 (DSP)
  Destination:          u_core/out_pixel_9 (FF)
  Requirement:          10.000ns
  Data Path Delay:      5.793ns (Levels of Logic = 8)
  Clock Path Skew:      -0.160ns (1.183 - 1.343)
  Source Clock:         clk_BUFGP rising at 0.000ns
  Destination Clock:    clk_BUFGP rising at 10.000ns
  Clock Uncertainty:    0.035ns

  Clock Uncertainty:          0.035ns  ((TSJ^2 + TIJ^2)^1/2 + DJ) / 2 + PE
    Total System Jitter (TSJ):  0.070ns
    Total Input Jitter (TIJ):   0.000ns
    Discrete Jitter (DJ):       0.000ns
    Phase Error (PE):           0.000ns

  Maximum Data Path: u_core/Maddsub_p8_mult0000 to u_core/out_pixel_9
    Location             Delay type         Delay(ns)  Physical Resource
                                                       Logical Resource(s)
    -------------------------------------------------  -------------------
    DSP48_X0Y25.P2       Tdspcko_PP            0.556   u_core/Maddsub_p8_mult0000
                                                       u_core/Maddsub_p8_mult0000
    SLICE_X13Y55.A2      net (fanout=3)        1.202   u_core/rs2<2>
    SLICE_X13Y55.A       Tilo                  0.094   u_core/lb0<7>
                                                       u_core/Madd_totalC11
    SLICE_X12Y55.DX      net (fanout=1)        0.456   u_core/Madd_totalC1
    SLICE_X12Y55.COUT    Tdxcy                 0.259   coef_din<7>
                                                       u_core/Madd_total_Madd_cy<3>
    SLICE_X12Y56.CIN     net (fanout=1)        0.000   u_core/Madd_total_Madd_cy<3>
    SLICE_X12Y56.COUT    Tbyp                  0.104   u_core/Madd_total_Madd_cy<7>
                                                       u_core/Madd_total_Madd_cy<7>
    SLICE_X12Y57.CIN     net (fanout=1)        0.000   u_core/Madd_total_Madd_cy<7>
    SLICE_X12Y57.COUT    Tbyp                  0.104   u_core/Madd_total_Madd_cy<11>
                                                       u_core/Madd_total_Madd_cy<11>
    SLICE_X12Y58.CIN     net (fanout=1)        0.000   u_core/Madd_total_Madd_cy<11>
    SLICE_X12Y58.COUT    Tbyp                  0.104   u_core/Madd_total_Madd_cy<15>
                                                       u_core/Madd_total_Madd_cy<15>
    SLICE_X12Y59.CIN     net (fanout=1)        0.000   u_core/Madd_total_Madd_cy<15>
    SLICE_X12Y59.COUT    Tbyp                  0.104   u_core/Madd_total_Madd_cy<19>
                                                       u_core/Madd_total_Madd_cy<19>
    SLICE_X12Y60.CIN     net (fanout=1)        0.000   u_core/Madd_total_Madd_cy<19>
    SLICE_X12Y60.BMUX    Tcinb                 0.342   u_core/total<21>
                                                       u_core/Madd_total_Madd_xor<21>
    SLICE_X16Y59.C1      net (fanout=17)       1.298   u_core/total<21>
    SLICE_X16Y59.C       Tilo                  0.094   N24
                                                       u_core/relu<0>2
    SLICE_X17Y58.DX      net (fanout=4)        0.490   u_core/N2
    SLICE_X17Y58.CLK     Tsrck                 0.586   u_core/out_pixel<11>
                                                       u_core/out_pixel_9
    -------------------------------------------------  ---------------------------
    Total                                      5.793ns (2.347ns logic, 3.446ns route)
                                                       (40.5% logic, 59.5% route)

--------------------------------------------------------------------------------
Slack (setup path):     4.079ns (requirement - (data path - clock path skew + uncertainty))
  Source:               u_core/Maddsub_p2_mult0000 (DSP)
  Destination:          u_core/out_pixel_9 (FF)
  Requirement:          10.000ns
  Data Path Delay:      5.792ns (Levels of Logic = 8)
  Clock Path Skew:      -0.094ns (0.512 - 0.606)
  Source Clock:         clk_BUFGP rising at 0.000ns
  Destination Clock:    clk_BUFGP rising at 10.000ns
  Clock Uncertainty:    0.035ns

  Clock Uncertainty:          0.035ns  ((TSJ^2 + TIJ^2)^1/2 + DJ) / 2 + PE
    Total System Jitter (TSJ):  0.070ns
    Total Input Jitter (TIJ):   0.000ns
    Discrete Jitter (DJ):       0.000ns
    Phase Error (PE):           0.000ns

  Maximum Data Path: u_core/Maddsub_p2_mult0000 to u_core/out_pixel_9
    Location             Delay type         Delay(ns)  Physical Resource
                                                       Logical Resource(s)
    -------------------------------------------------  -------------------
    DSP48_X0Y19.P1       Tdspcko_PP            0.556   u_core/Maddsub_p2_mult0000
                                                       u_core/Maddsub_p2_mult0000
    SLICE_X13Y55.B3      net (fanout=3)        1.220   u_core/rs0<1>
    SLICE_X13Y55.B       Tilo                  0.094   u_core/lb0<7>
                                                       u_core/Madd_totalC1
    SLICE_X12Y55.CX      net (fanout=1)        0.437   u_core/Madd_totalC
    SLICE_X12Y55.COUT    Tcxcy                 0.259   coef_din<7>
                                                       u_core/Madd_total_Madd_cy<3>
    SLICE_X12Y56.CIN     net (fanout=1)        0.000   u_core/Madd_total_Madd_cy<3>
    SLICE_X12Y56.COUT    Tbyp                  0.104   u_core/Madd_total_Madd_cy<7>
                                                       u_core/Madd_total_Madd_cy<7>
    SLICE_X12Y57.CIN     net (fanout=1)        0.000   u_core/Madd_total_Madd_cy<7>
    SLICE_X12Y57.COUT    Tbyp                  0.104   u_core/Madd_total_Madd_cy<11>
                                                       u_core/Madd_total_Madd_cy<11>
    SLICE_X12Y58.CIN     net (fanout=1)        0.000   u_core/Madd_total_Madd_cy<11>
    SLICE_X12Y58.COUT    Tbyp                  0.104   u_core/Madd_total_Madd_cy<15>
                                                       u_core/Madd_total_Madd_cy<15>
    SLICE_X12Y59.CIN     net (fanout=1)        0.000   u_core/Madd_total_Madd_cy<15>
    SLICE_X12Y59.COUT    Tbyp                  0.104   u_core/Madd_total_Madd_cy<19>
                                                       u_core/Madd_total_Madd_cy<19>
    SLICE_X12Y60.CIN     net (fanout=1)        0.000   u_core/Madd_total_Madd_cy<19>
    SLICE_X12Y60.BMUX    Tcinb                 0.342   u_core/total<21>
                                                       u_core/Madd_total_Madd_xor<21>
    SLICE_X16Y59.C1      net (fanout=17)       1.298   u_core/total<21>
    SLICE_X16Y59.C       Tilo                  0.094   N24
                                                       u_core/relu<0>2
    SLICE_X17Y58.DX      net (fanout=4)        0.490   u_core/N2
    SLICE_X17Y58.CLK     Tsrck                 0.586   u_core/out_pixel<11>
                                                       u_core/out_pixel_9
    -------------------------------------------------  ---------------------------
    Total                                      5.792ns (2.347ns logic, 3.445ns route)
                                                       (40.5% logic, 59.5% route)

--------------------------------------------------------------------------------
Slack (setup path):     4.113ns (requirement - (data path - clock path skew + uncertainty))
  Source:               u_core/Maddsub_p2_mult0000 (DSP)
  Destination:          u_core/out_pixel_9 (FF)
  Requirement:          10.000ns
  Data Path Delay:      5.758ns (Levels of Logic = 7)
  Clock Path Skew:      -0.094ns (0.512 - 0.606)
  Source Clock:         clk_BUFGP rising at 0.000ns
  Destination Clock:    clk_BUFGP rising at 10.000ns
  Clock Uncertainty:    0.035ns

  Clock Uncertainty:          0.035ns  ((TSJ^2 + TIJ^2)^1/2 + DJ) / 2 + PE
    Total System Jitter (TSJ):  0.070ns
    Total Input Jitter (TIJ):   0.000ns
    Discrete Jitter (DJ):       0.000ns
    Phase Error (PE):           0.000ns

  Maximum Data Path: u_core/Maddsub_p2_mult0000 to u_core/out_pixel_9
    Location             Delay type         Delay(ns)  Physical Resource
                                                       Logical Resource(s)
    -------------------------------------------------  -------------------
    DSP48_X0Y19.P5       Tdspcko_PP            0.556   u_core/Maddsub_p2_mult0000
                                                       u_core/Maddsub_p2_mult0000
    SLICE_X13Y56.D2      net (fanout=3)        1.406   u_core/rs0<5>
    SLICE_X13Y56.D       Tilo                  0.094   u_core/Madd_totalC4
                                                       u_core/Madd_totalC41
    SLICE_X12Y56.CX      net (fanout=1)        0.321   u_core/Madd_totalC4
    SLICE_X12Y56.COUT    Tcxcy                 0.259   u_core/Madd_total_Madd_cy<7>
                                                       u_core/Madd_total_Madd_cy<7>
    SLICE_X12Y57.CIN     net (fanout=1)        0.000   u_core/Madd_total_Madd_cy<7>
    SLICE_X12Y57.COUT    Tbyp                  0.104   u_core/Madd_total_Madd_cy<11>
                                                       u_core/Madd_total_Madd_cy<11>
    SLICE_X12Y58.CIN     net (fanout=1)        0.000   u_core/Madd_total_Madd_cy<11>
    SLICE_X12Y58.COUT    Tbyp                  0.104   u_core/Madd_total_Madd_cy<15>
                                                       u_core/Madd_total_Madd_cy<15>
    SLICE_X12Y59.CIN     net (fanout=1)        0.000   u_core/Madd_total_Madd_cy<15>
    SLICE_X12Y59.COUT    Tbyp                  0.104   u_core/Madd_total_Madd_cy<19>
                                                       u_core/Madd_total_Madd_cy<19>
    SLICE_X12Y60.CIN     net (fanout=1)        0.000   u_core/Madd_total_Madd_cy<19>
    SLICE_X12Y60.BMUX    Tcinb                 0.342   u_core/total<21>
                                                       u_core/Madd_total_Madd_xor<21>
    SLICE_X16Y59.C1      net (fanout=17)       1.298   u_core/total<21>
    SLICE_X16Y59.C       Tilo                  0.094   N24
                                                       u_core/relu<0>2
    SLICE_X17Y58.DX      net (fanout=4)        0.490   u_core/N2
    SLICE_X17Y58.CLK     Tsrck                 0.586   u_core/out_pixel<11>
                                                       u_core/out_pixel_9
    -------------------------------------------------  ---------------------------
    Total                                      5.758ns (2.243ns logic, 3.515ns route)
                                                       (39.0% logic, 61.0% route)

--------------------------------------------------------------------------------

Paths for end point u_core/out_pixel_11 (SLICE_X17Y58.DX), 1081 paths
--------------------------------------------------------------------------------
Slack (setup path):     4.012ns (requirement - (data path - clock path skew + uncertainty))
  Source:               u_core/Maddsub_p8_mult0000 (DSP)
  Destination:          u_core/out_pixel_11 (FF)
  Requirement:          10.000ns
  Data Path Delay:      5.793ns (Levels of Logic = 8)
  Clock Path Skew:      -0.160ns (1.183 - 1.343)
  Source Clock:         clk_BUFGP rising at 0.000ns
  Destination Clock:    clk_BUFGP rising at 10.000ns
  Clock Uncertainty:    0.035ns

  Clock Uncertainty:          0.035ns  ((TSJ^2 + TIJ^2)^1/2 + DJ) / 2 + PE
    Total System Jitter (TSJ):  0.070ns
    Total Input Jitter (TIJ):   0.000ns
    Discrete Jitter (DJ):       0.000ns
    Phase Error (PE):           0.000ns

  Maximum Data Path: u_core/Maddsub_p8_mult0000 to u_core/out_pixel_11
    Location             Delay type         Delay(ns)  Physical Resource
                                                       Logical Resource(s)
    -------------------------------------------------  -------------------
    DSP48_X0Y25.P2       Tdspcko_PP            0.556   u_core/Maddsub_p8_mult0000
                                                       u_core/Maddsub_p8_mult0000
    SLICE_X13Y55.A2      net (fanout=3)        1.202   u_core/rs2<2>
    SLICE_X13Y55.A       Tilo                  0.094   u_core/lb0<7>
                                                       u_core/Madd_totalC11
    SLICE_X12Y55.DX      net (fanout=1)        0.456   u_core/Madd_totalC1
    SLICE_X12Y55.COUT    Tdxcy                 0.259   coef_din<7>
                                                       u_core/Madd_total_Madd_cy<3>
    SLICE_X12Y56.CIN     net (fanout=1)        0.000   u_core/Madd_total_Madd_cy<3>
    SLICE_X12Y56.COUT    Tbyp                  0.104   u_core/Madd_total_Madd_cy<7>
                                                       u_core/Madd_total_Madd_cy<7>
    SLICE_X12Y57.CIN     net (fanout=1)        0.000   u_core/Madd_total_Madd_cy<7>
    SLICE_X12Y57.COUT    Tbyp                  0.104   u_core/Madd_total_Madd_cy<11>
                                                       u_core/Madd_total_Madd_cy<11>
    SLICE_X12Y58.CIN     net (fanout=1)        0.000   u_core/Madd_total_Madd_cy<11>
    SLICE_X12Y58.COUT    Tbyp                  0.104   u_core/Madd_total_Madd_cy<15>
                                                       u_core/Madd_total_Madd_cy<15>
    SLICE_X12Y59.CIN     net (fanout=1)        0.000   u_core/Madd_total_Madd_cy<15>
    SLICE_X12Y59.COUT    Tbyp                  0.104   u_core/Madd_total_Madd_cy<19>
                                                       u_core/Madd_total_Madd_cy<19>
    SLICE_X12Y60.CIN     net (fanout=1)        0.000   u_core/Madd_total_Madd_cy<19>
    SLICE_X12Y60.BMUX    Tcinb                 0.342   u_core/total<21>
                                                       u_core/Madd_total_Madd_xor<21>
    SLICE_X16Y59.C1      net (fanout=17)       1.298   u_core/total<21>
    SLICE_X16Y59.C       Tilo                  0.094   N24
                                                       u_core/relu<0>2
    SLICE_X17Y58.DX      net (fanout=4)        0.490   u_core/N2
    SLICE_X17Y58.CLK     Tsrck                 0.586   u_core/out_pixel<11>
                                                       u_core/out_pixel_11
    -------------------------------------------------  ---------------------------
    Total                                      5.793ns (2.347ns logic, 3.446ns route)
                                                       (40.5% logic, 59.5% route)

--------------------------------------------------------------------------------
Slack (setup path):     4.079ns (requirement - (data path - clock path skew + uncertainty))
  Source:               u_core/Maddsub_p2_mult0000 (DSP)
  Destination:          u_core/out_pixel_11 (FF)
  Requirement:          10.000ns
  Data Path Delay:      5.792ns (Levels of Logic = 8)
  Clock Path Skew:      -0.094ns (0.512 - 0.606)
  Source Clock:         clk_BUFGP rising at 0.000ns
  Destination Clock:    clk_BUFGP rising at 10.000ns
  Clock Uncertainty:    0.035ns

  Clock Uncertainty:          0.035ns  ((TSJ^2 + TIJ^2)^1/2 + DJ) / 2 + PE
    Total System Jitter (TSJ):  0.070ns
    Total Input Jitter (TIJ):   0.000ns
    Discrete Jitter (DJ):       0.000ns
    Phase Error (PE):           0.000ns

  Maximum Data Path: u_core/Maddsub_p2_mult0000 to u_core/out_pixel_11
    Location             Delay type         Delay(ns)  Physical Resource
                                                       Logical Resource(s)
    -------------------------------------------------  -------------------
    DSP48_X0Y19.P1       Tdspcko_PP            0.556   u_core/Maddsub_p2_mult0000
                                                       u_core/Maddsub_p2_mult0000
    SLICE_X13Y55.B3      net (fanout=3)        1.220   u_core/rs0<1>
    SLICE_X13Y55.B       Tilo                  0.094   u_core/lb0<7>
                                                       u_core/Madd_totalC1
    SLICE_X12Y55.CX      net (fanout=1)        0.437   u_core/Madd_totalC
    SLICE_X12Y55.COUT    Tcxcy                 0.259   coef_din<7>
                                                       u_core/Madd_total_Madd_cy<3>
    SLICE_X12Y56.CIN     net (fanout=1)        0.000   u_core/Madd_total_Madd_cy<3>
    SLICE_X12Y56.COUT    Tbyp                  0.104   u_core/Madd_total_Madd_cy<7>
                                                       u_core/Madd_total_Madd_cy<7>
    SLICE_X12Y57.CIN     net (fanout=1)        0.000   u_core/Madd_total_Madd_cy<7>
    SLICE_X12Y57.COUT    Tbyp                  0.104   u_core/Madd_total_Madd_cy<11>
                                                       u_core/Madd_total_Madd_cy<11>
    SLICE_X12Y58.CIN     net (fanout=1)        0.000   u_core/Madd_total_Madd_cy<11>
    SLICE_X12Y58.COUT    Tbyp                  0.104   u_core/Madd_total_Madd_cy<15>
                                                       u_core/Madd_total_Madd_cy<15>
    SLICE_X12Y59.CIN     net (fanout=1)        0.000   u_core/Madd_total_Madd_cy<15>
    SLICE_X12Y59.COUT    Tbyp                  0.104   u_core/Madd_total_Madd_cy<19>
                                                       u_core/Madd_total_Madd_cy<19>
    SLICE_X12Y60.CIN     net (fanout=1)        0.000   u_core/Madd_total_Madd_cy<19>
    SLICE_X12Y60.BMUX    Tcinb                 0.342   u_core/total<21>
                                                       u_core/Madd_total_Madd_xor<21>
    SLICE_X16Y59.C1      net (fanout=17)       1.298   u_core/total<21>
    SLICE_X16Y59.C       Tilo                  0.094   N24
                                                       u_core/relu<0>2
    SLICE_X17Y58.DX      net (fanout=4)        0.490   u_core/N2
    SLICE_X17Y58.CLK     Tsrck                 0.586   u_core/out_pixel<11>
                                                       u_core/out_pixel_11
    -------------------------------------------------  ---------------------------
    Total                                      5.792ns (2.347ns logic, 3.445ns route)
                                                       (40.5% logic, 59.5% route)

--------------------------------------------------------------------------------
Slack (setup path):     4.113ns (requirement - (data path - clock path skew + uncertainty))
  Source:               u_core/Maddsub_p2_mult0000 (DSP)
  Destination:          u_core/out_pixel_11 (FF)
  Requirement:          10.000ns
  Data Path Delay:      5.758ns (Levels of Logic = 7)
  Clock Path Skew:      -0.094ns (0.512 - 0.606)
  Source Clock:         clk_BUFGP rising at 0.000ns
  Destination Clock:    clk_BUFGP rising at 10.000ns
  Clock Uncertainty:    0.035ns

  Clock Uncertainty:          0.035ns  ((TSJ^2 + TIJ^2)^1/2 + DJ) / 2 + PE
    Total System Jitter (TSJ):  0.070ns
    Total Input Jitter (TIJ):   0.000ns
    Discrete Jitter (DJ):       0.000ns
    Phase Error (PE):           0.000ns

  Maximum Data Path: u_core/Maddsub_p2_mult0000 to u_core/out_pixel_11
    Location             Delay type         Delay(ns)  Physical Resource
                                                       Logical Resource(s)
    -------------------------------------------------  -------------------
    DSP48_X0Y19.P5       Tdspcko_PP            0.556   u_core/Maddsub_p2_mult0000
                                                       u_core/Maddsub_p2_mult0000
    SLICE_X13Y56.D2      net (fanout=3)        1.406   u_core/rs0<5>
    SLICE_X13Y56.D       Tilo                  0.094   u_core/Madd_totalC4
                                                       u_core/Madd_totalC41
    SLICE_X12Y56.CX      net (fanout=1)        0.321   u_core/Madd_totalC4
    SLICE_X12Y56.COUT    Tcxcy                 0.259   u_core/Madd_total_Madd_cy<7>
                                                       u_core/Madd_total_Madd_cy<7>
    SLICE_X12Y57.CIN     net (fanout=1)        0.000   u_core/Madd_total_Madd_cy<7>
    SLICE_X12Y57.COUT    Tbyp                  0.104   u_core/Madd_total_Madd_cy<11>
                                                       u_core/Madd_total_Madd_cy<11>
    SLICE_X12Y58.CIN     net (fanout=1)        0.000   u_core/Madd_total_Madd_cy<11>
    SLICE_X12Y58.COUT    Tbyp                  0.104   u_core/Madd_total_Madd_cy<15>
                                                       u_core/Madd_total_Madd_cy<15>
    SLICE_X12Y59.CIN     net (fanout=1)        0.000   u_core/Madd_total_Madd_cy<15>
    SLICE_X12Y59.COUT    Tbyp                  0.104   u_core/Madd_total_Madd_cy<19>
                                                       u_core/Madd_total_Madd_cy<19>
    SLICE_X12Y60.CIN     net (fanout=1)        0.000   u_core/Madd_total_Madd_cy<19>
    SLICE_X12Y60.BMUX    Tcinb                 0.342   u_core/total<21>
                                                       u_core/Madd_total_Madd_xor<21>
    SLICE_X16Y59.C1      net (fanout=17)       1.298   u_core/total<21>
    SLICE_X16Y59.C       Tilo                  0.094   N24
                                                       u_core/relu<0>2
    SLICE_X17Y58.DX      net (fanout=4)        0.490   u_core/N2
    SLICE_X17Y58.CLK     Tsrck                 0.586   u_core/out_pixel<11>
                                                       u_core/out_pixel_11
    -------------------------------------------------  ---------------------------
    Total                                      5.758ns (2.243ns logic, 3.515ns route)
                                                       (39.0% logic, 61.0% route)

--------------------------------------------------------------------------------

Paths for end point u_core/out_pixel_10 (SLICE_X17Y58.DX), 1081 paths
--------------------------------------------------------------------------------
Slack (setup path):     4.013ns (requirement - (data path - clock path skew + uncertainty))
  Source:               u_core/Maddsub_p8_mult0000 (DSP)
  Destination:          u_core/out_pixel_10 (FF)
  Requirement:          10.000ns
  Data Path Delay:      5.792ns (Levels of Logic = 8)
  Clock Path Skew:      -0.160ns (1.183 - 1.343)
  Source Clock:         clk_BUFGP rising at 0.000ns
  Destination Clock:    clk_BUFGP rising at 10.000ns
  Clock Uncertainty:    0.035ns

  Clock Uncertainty:          0.035ns  ((TSJ^2 + TIJ^2)^1/2 + DJ) / 2 + PE
    Total System Jitter (TSJ):  0.070ns
    Total Input Jitter (TIJ):   0.000ns
    Discrete Jitter (DJ):       0.000ns
    Phase Error (PE):           0.000ns

  Maximum Data Path: u_core/Maddsub_p8_mult0000 to u_core/out_pixel_10
    Location             Delay type         Delay(ns)  Physical Resource
                                                       Logical Resource(s)
    -------------------------------------------------  -------------------
    DSP48_X0Y25.P2       Tdspcko_PP            0.556   u_core/Maddsub_p8_mult0000
                                                       u_core/Maddsub_p8_mult0000
    SLICE_X13Y55.A2      net (fanout=3)        1.202   u_core/rs2<2>
    SLICE_X13Y55.A       Tilo                  0.094   u_core/lb0<7>
                                                       u_core/Madd_totalC11
    SLICE_X12Y55.DX      net (fanout=1)        0.456   u_core/Madd_totalC1
    SLICE_X12Y55.COUT    Tdxcy                 0.259   coef_din<7>
                                                       u_core/Madd_total_Madd_cy<3>
    SLICE_X12Y56.CIN     net (fanout=1)        0.000   u_core/Madd_total_Madd_cy<3>
    SLICE_X12Y56.COUT    Tbyp                  0.104   u_core/Madd_total_Madd_cy<7>
                                                       u_core/Madd_total_Madd_cy<7>
    SLICE_X12Y57.CIN     net (fanout=1)        0.000   u_core/Madd_total_Madd_cy<7>
    SLICE_X12Y57.COUT    Tbyp                  0.104   u_core/Madd_total_Madd_cy<11>
                                                       u_core/Madd_total_Madd_cy<11>
    SLICE_X12Y58.CIN     net (fanout=1)        0.000   u_core/Madd_total_Madd_cy<11>
    SLICE_X12Y58.COUT    Tbyp                  0.104   u_core/Madd_total_Madd_cy<15>
                                                       u_core/Madd_total_Madd_cy<15>
    SLICE_X12Y59.CIN     net (fanout=1)        0.000   u_core/Madd_total_Madd_cy<15>
    SLICE_X12Y59.COUT    Tbyp                  0.104   u_core/Madd_total_Madd_cy<19>
                                                       u_core/Madd_total_Madd_cy<19>
    SLICE_X12Y60.CIN     net (fanout=1)        0.000   u_core/Madd_total_Madd_cy<19>
    SLICE_X12Y60.BMUX    Tcinb                 0.342   u_core/total<21>
                                                       u_core/Madd_total_Madd_xor<21>
    SLICE_X16Y59.C1      net (fanout=17)       1.298   u_core/total<21>
    SLICE_X16Y59.C       Tilo                  0.094   N24
                                                       u_core/relu<0>2
    SLICE_X17Y58.DX      net (fanout=4)        0.490   u_core/N2
    SLICE_X17Y58.CLK     Tsrck                 0.585   u_core/out_pixel<11>
                                                       u_core/out_pixel_10
    -------------------------------------------------  ---------------------------
    Total                                      5.792ns (2.346ns logic, 3.446ns route)
                                                       (40.5% logic, 59.5% route)

--------------------------------------------------------------------------------
Slack (setup path):     4.080ns (requirement - (data path - clock path skew + uncertainty))
  Source:               u_core/Maddsub_p2_mult0000 (DSP)
  Destination:          u_core/out_pixel_10 (FF)
  Requirement:          10.000ns
  Data Path Delay:      5.791ns (Levels of Logic = 8)
  Clock Path Skew:      -0.094ns (0.512 - 0.606)
  Source Clock:         clk_BUFGP rising at 0.000ns
  Destination Clock:    clk_BUFGP rising at 10.000ns
  Clock Uncertainty:    0.035ns

  Clock Uncertainty:          0.035ns  ((TSJ^2 + TIJ^2)^1/2 + DJ) / 2 + PE
    Total System Jitter (TSJ):  0.070ns
    Total Input Jitter (TIJ):   0.000ns
    Discrete Jitter (DJ):       0.000ns
    Phase Error (PE):           0.000ns

  Maximum Data Path: u_core/Maddsub_p2_mult0000 to u_core/out_pixel_10
    Location             Delay type         Delay(ns)  Physical Resource
                                                       Logical Resource(s)
    -------------------------------------------------  -------------------
    DSP48_X0Y19.P1       Tdspcko_PP            0.556   u_core/Maddsub_p2_mult0000
                                                       u_core/Maddsub_p2_mult0000
    SLICE_X13Y55.B3      net (fanout=3)        1.220   u_core/rs0<1>
    SLICE_X13Y55.B       Tilo                  0.094   u_core/lb0<7>
                                                       u_core/Madd_totalC1
    SLICE_X12Y55.CX      net (fanout=1)        0.437   u_core/Madd_totalC
    SLICE_X12Y55.COUT    Tcxcy                 0.259   coef_din<7>
                                                       u_core/Madd_total_Madd_cy<3>
    SLICE_X12Y56.CIN     net (fanout=1)        0.000   u_core/Madd_total_Madd_cy<3>
    SLICE_X12Y56.COUT    Tbyp                  0.104   u_core/Madd_total_Madd_cy<7>
                                                       u_core/Madd_total_Madd_cy<7>
    SLICE_X12Y57.CIN     net (fanout=1)        0.000   u_core/Madd_total_Madd_cy<7>
    SLICE_X12Y57.COUT    Tbyp                  0.104   u_core/Madd_total_Madd_cy<11>
                                                       u_core/Madd_total_Madd_cy<11>
    SLICE_X12Y58.CIN     net (fanout=1)        0.000   u_core/Madd_total_Madd_cy<11>
    SLICE_X12Y58.COUT    Tbyp                  0.104   u_core/Madd_total_Madd_cy<15>
                                                       u_core/Madd_total_Madd_cy<15>
    SLICE_X12Y59.CIN     net (fanout=1)        0.000   u_core/Madd_total_Madd_cy<15>
    SLICE_X12Y59.COUT    Tbyp                  0.104   u_core/Madd_total_Madd_cy<19>
                                                       u_core/Madd_total_Madd_cy<19>
    SLICE_X12Y60.CIN     net (fanout=1)        0.000   u_core/Madd_total_Madd_cy<19>
    SLICE_X12Y60.BMUX    Tcinb                 0.342   u_core/total<21>
                                                       u_core/Madd_total_Madd_xor<21>
    SLICE_X16Y59.C1      net (fanout=17)       1.298   u_core/total<21>
    SLICE_X16Y59.C       Tilo                  0.094   N24
                                                       u_core/relu<0>2
    SLICE_X17Y58.DX      net (fanout=4)        0.490   u_core/N2
    SLICE_X17Y58.CLK     Tsrck                 0.585   u_core/out_pixel<11>
                                                       u_core/out_pixel_10
    -------------------------------------------------  ---------------------------
    Total                                      5.791ns (2.346ns logic, 3.445ns route)
                                                       (40.5% logic, 59.5% route)

--------------------------------------------------------------------------------
Slack (setup path):     4.114ns (requirement - (data path - clock path skew + uncertainty))
  Source:               u_core/Maddsub_p2_mult0000 (DSP)
  Destination:          u_core/out_pixel_10 (FF)
  Requirement:          10.000ns
  Data Path Delay:      5.757ns (Levels of Logic = 7)
  Clock Path Skew:      -0.094ns (0.512 - 0.606)
  Source Clock:         clk_BUFGP rising at 0.000ns
  Destination Clock:    clk_BUFGP rising at 10.000ns
  Clock Uncertainty:    0.035ns

  Clock Uncertainty:          0.035ns  ((TSJ^2 + TIJ^2)^1/2 + DJ) / 2 + PE
    Total System Jitter (TSJ):  0.070ns
    Total Input Jitter (TIJ):   0.000ns
    Discrete Jitter (DJ):       0.000ns
    Phase Error (PE):           0.000ns

  Maximum Data Path: u_core/Maddsub_p2_mult0000 to u_core/out_pixel_10
    Location             Delay type         Delay(ns)  Physical Resource
                                                       Logical Resource(s)
    -------------------------------------------------  -------------------
    DSP48_X0Y19.P5       Tdspcko_PP            0.556   u_core/Maddsub_p2_mult0000
                                                       u_core/Maddsub_p2_mult0000
    SLICE_X13Y56.D2      net (fanout=3)        1.406   u_core/rs0<5>
    SLICE_X13Y56.D       Tilo                  0.094   u_core/Madd_totalC4
                                                       u_core/Madd_totalC41
    SLICE_X12Y56.CX      net (fanout=1)        0.321   u_core/Madd_totalC4
    SLICE_X12Y56.COUT    Tcxcy                 0.259   u_core/Madd_total_Madd_cy<7>
                                                       u_core/Madd_total_Madd_cy<7>
    SLICE_X12Y57.CIN     net (fanout=1)        0.000   u_core/Madd_total_Madd_cy<7>
    SLICE_X12Y57.COUT    Tbyp                  0.104   u_core/Madd_total_Madd_cy<11>
                                                       u_core/Madd_total_Madd_cy<11>
    SLICE_X12Y58.CIN     net (fanout=1)        0.000   u_core/Madd_total_Madd_cy<11>
    SLICE_X12Y58.COUT    Tbyp                  0.104   u_core/Madd_total_Madd_cy<15>
                                                       u_core/Madd_total_Madd_cy<15>
    SLICE_X12Y59.CIN     net (fanout=1)        0.000   u_core/Madd_total_Madd_cy<15>
    SLICE_X12Y59.COUT    Tbyp                  0.104   u_core/Madd_total_Madd_cy<19>
                                                       u_core/Madd_total_Madd_cy<19>
    SLICE_X12Y60.CIN     net (fanout=1)        0.000   u_core/Madd_total_Madd_cy<19>
    SLICE_X12Y60.BMUX    Tcinb                 0.342   u_core/total<21>
                                                       u_core/Madd_total_Madd_xor<21>
    SLICE_X16Y59.C1      net (fanout=17)       1.298   u_core/total<21>
    SLICE_X16Y59.C       Tilo                  0.094   N24
                                                       u_core/relu<0>2
    SLICE_X17Y58.DX      net (fanout=4)        0.490   u_core/N2
    SLICE_X17Y58.CLK     Tsrck                 0.585   u_core/out_pixel<11>
                                                       u_core/out_pixel_10
    -------------------------------------------------  ---------------------------
    Total                                      5.757ns (2.242ns logic, 3.515ns route)
                                                       (38.9% logic, 61.1% route)

--------------------------------------------------------------------------------

Hold Paths: TS_clk = PERIOD TIMEGRP "clk" 10 ns HIGH 50%;
--------------------------------------------------------------------------------

Paths for end point u_core/Maddsub_p3_mult0000 (DSP48_X0Y21.A4), 1 path
--------------------------------------------------------------------------------
Slack (hold path):      0.316ns (requirement - (clock path skew + uncertainty - data path))
  Source:               u_core/lb1_4 (FF)
  Destination:          u_core/Maddsub_p3_mult0000 (DSP)
  Requirement:          0.000ns
  Data Path Delay:      0.431ns (Levels of Logic = 0)
  Clock Path Skew:      0.115ns (0.617 - 0.502)
  Source Clock:         clk_BUFGP rising at 10.000ns
  Destination Clock:    clk_BUFGP rising at 10.000ns
  Clock Uncertainty:    0.000ns

  Minimum Data Path: u_core/lb1_4 to u_core/Maddsub_p3_mult0000
    Location             Delay type         Delay(ns)  Physical Resource
                                                       Logical Resource(s)
    -------------------------------------------------  -------------------
    SLICE_X13Y51.AQ      Tcko                  0.414   u_core/lb1<7>
                                                       u_core/lb1_4
    DSP48_X0Y21.A4       net (fanout=2)        0.316   u_core/lb1<4>
    DSP48_X0Y21.CLK      Tdspckd_AA  (-Th)     0.299   u_core/Maddsub_p3_mult0000
                                                       u_core/Maddsub_p3_mult0000
    -------------------------------------------------  ---------------------------
    Total                                      0.431ns (0.115ns logic, 0.316ns route)
                                                       (26.7% logic, 73.3% route)

--------------------------------------------------------------------------------

Paths for end point u_core/Maddsub_p3_mult0000 (DSP48_X0Y21.A5), 1 path
--------------------------------------------------------------------------------
Slack (hold path):      0.322ns (requirement - (clock path skew + uncertainty - data path))
  Source:               u_core/lb1_5 (FF)
  Destination:          u_core/Maddsub_p3_mult0000 (DSP)
  Requirement:          0.000ns
  Data Path Delay:      0.437ns (Levels of Logic = 0)
  Clock Path Skew:      0.115ns (0.617 - 0.502)
  Source Clock:         clk_BUFGP rising at 10.000ns
  Destination Clock:    clk_BUFGP rising at 10.000ns
  Clock Uncertainty:    0.000ns

  Minimum Data Path: u_core/lb1_5 to u_core/Maddsub_p3_mult0000
    Location             Delay type         Delay(ns)  Physical Resource
                                                       Logical Resource(s)
    -------------------------------------------------  -------------------
    SLICE_X13Y51.BQ      Tcko                  0.414   u_core/lb1<7>
                                                       u_core/lb1_5
    DSP48_X0Y21.A5       net (fanout=2)        0.322   u_core/lb1<5>
    DSP48_X0Y21.CLK      Tdspckd_AA  (-Th)     0.299   u_core/Maddsub_p3_mult0000
                                                       u_core/Maddsub_p3_mult0000
    -------------------------------------------------  ---------------------------
    Total                                      0.437ns (0.115ns logic, 0.322ns route)
                                                       (26.3% logic, 73.7% route)

--------------------------------------------------------------------------------

Paths for end point u_core/Maddsub_p3_mult0000 (DSP48_X0Y21.A0), 1 path
--------------------------------------------------------------------------------
Slack (hold path):      0.334ns (requirement - (clock path skew + uncertainty - data path))
  Source:               u_core/lb1_0 (FF)
  Destination:          u_core/Maddsub_p3_mult0000 (DSP)
  Requirement:          0.000ns
  Data Path Delay:      0.445ns (Levels of Logic = 0)
  Clock Path Skew:      0.111ns (0.617 - 0.506)
  Source Clock:         clk_BUFGP rising at 10.000ns
  Destination Clock:    clk_BUFGP rising at 10.000ns
  Clock Uncertainty:    0.000ns

  Minimum Data Path: u_core/lb1_0 to u_core/Maddsub_p3_mult0000
    Location             Delay type         Delay(ns)  Physical Resource
                                                       Logical Resource(s)
    -------------------------------------------------  -------------------
    SLICE_X14Y50.AQ      Tcko                  0.414   u_core/lb1<3>
                                                       u_core/lb1_0
    DSP48_X0Y21.A0       net (fanout=2)        0.330   u_core/lb1<0>
    DSP48_X0Y21.CLK      Tdspckd_AA  (-Th)     0.299   u_core/Maddsub_p3_mult0000
                                                       u_core/Maddsub_p3_mult0000
    -------------------------------------------------  ---------------------------
    Total                                      0.445ns (0.115ns logic, 0.330ns route)
                                                       (25.8% logic, 74.2% route)

--------------------------------------------------------------------------------

Component Switching Limit Checks: TS_clk = PERIOD TIMEGRP "clk" 10 ns HIGH 50%;
--------------------------------------------------------------------------------
Slack: 6.364ns (period - min period limit)
  Period: 10.000ns
  Min period limit: 3.636ns (275.028MHz) (Tdspper_BP_MULT)
  Physical resource: u_core/Mmult_p7_mult0000/CLK
  Logical resource: u_core/Mmult_p7_mult0000/CLK
  Location pin: DSP48_X0Y23.CLK
  Clock network: clk_BUFGP
--------------------------------------------------------------------------------
Slack: 6.364ns (period - min period limit)
  Period: 10.000ns
  Min period limit: 3.636ns (275.028MHz) (Tdspper_BP_MULT)
  Physical resource: u_core/Mmult_p1_mult0000/CLK
  Logical resource: u_core/Mmult_p1_mult0000/CLK
  Location pin: DSP48_X0Y17.CLK
  Clock network: clk_BUFGP
--------------------------------------------------------------------------------
Slack: 6.364ns (period - min period limit)
  Period: 10.000ns
  Min period limit: 3.636ns (275.028MHz) (Tdspper_BP_MULT)
  Physical resource: u_core/Mmult_p4_mult0000/CLK
  Logical resource: u_core/Mmult_p4_mult0000/CLK
  Location pin: DSP48_X0Y20.CLK
  Clock network: clk_BUFGP
--------------------------------------------------------------------------------


All constraints were met.


Data Sheet report:
-----------------
All values displayed in nanoseconds (ns)

Clock to Setup on destination clock clk
---------------+---------+---------+---------+---------+
               | Src:Rise| Src:Fall| Src:Rise| Src:Fall|
Source Clock   |Dest:Rise|Dest:Rise|Dest:Fall|Dest:Fall|
---------------+---------+---------+---------+---------+
clk            |    5.988|         |         |         |
---------------+---------+---------+---------+---------+


Timing summary:
---------------

Timing errors: 0  Score: 0  (Setup/Max: 0, Hold: 0)

Constraints cover 45038 paths, 0 nets, and 1897 connections

Design statistics:
   Minimum period:   5.988ns{1}   (Maximum frequency: 167.001MHz)


------------------------------------Footnotes-----------------------------------
1)  The minimum period statistic assumes all single cycle delays.

Analysis completed Wed Aug 19 02:50:03 2026 
--------------------------------------------------------------------------------

Trace Settings:
-------------------------
Trace Settings 

Peak Memory Usage: 524 MB



