--------------------------------------------------------------------------------
Release 14.7 Trace  (lin64)
Copyright (c) 1995-2013 Xilinx, Inc.  All rights reserved.

/opt/Xilinx/14.7/ISE_DS/ISE/bin/lin64/unwrapped/trce -intstyle ise -v 3 -s 1 -n
3 -fastpaths -xml conv_top.twx conv_top.ncd -o conv_top.twr conv_top.pcf

Design file:              conv_top.ncd
Physical constraint file: conv_top.pcf
Device,package,speed:     xc5vlx50t,ff1136,-1 (PRODUCTION 1.73 2013-10-13, STEPPING level 0)
Report level:             verbose report

Environment Variable      Effect 
--------------------      ------ 
NONE                      No environment variables were set
--------------------------------------------------------------------------------

INFO:Timing:3412 - To improve timing, see the Timing Closure User Guide (UG612).
INFO:Timing:2752 - To get complete path coverage, use the unconstrained paths 
   option. All paths that are not constrained will be reported in the 
   unconstrained paths section(s) of the report.
INFO:Timing:3339 - The clock-to-out numbers in this timing report are based on 
   a 50 Ohm transmission line loading model.  For the details of this model, 
   and for more information on accounting for different loading conditions, 
   please see the device datasheet.

================================================================================
Timing constraint: TS_clk = PERIOD TIMEGRP "clk" 10 ns HIGH 50%;
For more information, see Period Analysis in the Timing Closure User Guide (UG612).

 3364089 paths analyzed, 2797 endpoints analyzed, 0 failing endpoints
 0 timing errors detected. (0 setup errors, 0 hold errors, 0 component switching limit errors)
 Minimum period is   7.532ns.
--------------------------------------------------------------------------------

Paths for end point u_core/Mmult_p1_mult00003_0 (SLICE_X34Y62.B1), 10140 paths
--------------------------------------------------------------------------------
Slack (setup path):     2.468ns (requirement - (data path - clock path skew + uncertainty))
  Source:               u_core/Mmult_p1_mult00002_2 (FF)
  Destination:          u_core/Mmult_p1_mult00003_0 (FF)
  Requirement:          10.000ns
  Data Path Delay:      7.418ns (Levels of Logic = 6)
  Clock Path Skew:      -0.079ns (1.129 - 1.208)
  Source Clock:         clk_BUFGP rising at 0.000ns
  Destination Clock:    clk_BUFGP rising at 10.000ns
  Clock Uncertainty:    0.035ns

  Clock Uncertainty:          0.035ns  ((TSJ^2 + TIJ^2)^1/2 + DJ) / 2 + PE
    Total System Jitter (TSJ):  0.070ns
    Total Input Jitter (TIJ):   0.000ns
    Discrete Jitter (DJ):       0.000ns
    Phase Error (PE):           0.000ns

  Maximum Data Path: u_core/Mmult_p1_mult00002_2 to u_core/Mmult_p1_mult00003_0
    Location             Delay type         Delay(ns)  Physical Resource
                                                       Logical Resource(s)
    -------------------------------------------------  -------------------
    SLICE_X36Y59.CQ      Tcko                  0.471   u_core/Mmult_p1_mult00002_3
                                                       u_core/Mmult_p1_mult00002_2
    SLICE_X36Y65.B1      net (fanout=8)        1.603   u_core/Mmult_p1_mult00002_2
    SLICE_X36Y65.COUT    Topcyb                0.483   u_core/Mmult_p1_mult0000_Madd3_cy<8>
                                                       u_core/Mmult_p1_mult0000_Madd3_lut<6>
                                                       u_core/Mmult_p1_mult0000_Madd3_cy<8>
    SLICE_X36Y66.CIN     net (fanout=1)        0.000   u_core/Mmult_p1_mult0000_Madd3_cy<8>
    SLICE_X36Y66.CMUX    Tcinc                 0.337   u_core/Mmult_p1_mult0000_Madd_123
                                                       u_core/Mmult_p1_mult0000_Madd3_cy<12>
    SLICE_X37Y66.A1      net (fanout=1)        0.859   u_core/Mmult_p1_mult0000_Madd_113
    SLICE_X37Y66.AMUX    Topaa                 0.383   u_core/Mmult_p1_mult0000_Madd4_cy<13>
                                                       u_core/Mmult_p1_mult0000_Madd4_lut<11>
                                                       u_core/Mmult_p1_mult0000_Madd4_cy<13>
    SLICE_X35Y64.C1      net (fanout=2)        1.011   u_core/Mmult_p1_mult0000_Madd_114
    SLICE_X35Y64.COUT    Topcyc                0.423   u_core/Mmult_p1_mult0000_Madd6_cy<12>
                                                       u_core/Mmult_p1_mult0000_Madd6_lut<11>
                                                       u_core/Mmult_p1_mult0000_Madd6_cy<12>
    SLICE_X35Y65.CIN     net (fanout=1)        0.000   u_core/Mmult_p1_mult0000_Madd6_cy<12>
    SLICE_X35Y65.BMUX    Tcinb                 0.335   u_core/Mmult_p1_mult0000_Madd_163
                                                       u_core/Mmult_p1_mult0000_Madd6_xor<16>
    SLICE_X34Y62.B1      net (fanout=1)        1.019   u_core/Mmult_p1_mult0000_Madd_145
    SLICE_X34Y62.CLK     Tas                   0.494   u_core/Mmult_p1_mult00003_0
                                                       u_core/Mmult_p1_mult0000_Madd_145_rt
                                                       u_core/Mmult_p1_mult0000_Madd7_xor<16>
                                                       u_core/Mmult_p1_mult00003_0
    -------------------------------------------------  ---------------------------
    Total                                      7.418ns (2.926ns logic, 4.492ns route)
                                                       (39.4% logic, 60.6% route)

--------------------------------------------------------------------------------
Slack (setup path):     2.535ns (requirement - (data path - clock path skew + uncertainty))
  Source:               u_core/Mmult_p1_mult00002_2 (FF)
  Destination:          u_core/Mmult_p1_mult00003_0 (FF)
  Requirement:          10.000ns
  Data Path Delay:      7.351ns (Levels of Logic = 7)
  Clock Path Skew:      -0.079ns (1.129 - 1.208)
  Source Clock:         clk_BUFGP rising at 0.000ns
  Destination Clock:    clk_BUFGP rising at 10.000ns
  Clock Uncertainty:    0.035ns

  Clock Uncertainty:          0.035ns  ((TSJ^2 + TIJ^2)^1/2 + DJ) / 2 + PE
    Total System Jitter (TSJ):  0.070ns
    Total Input Jitter (TIJ):   0.000ns
    Discrete Jitter (DJ):       0.000ns
    Phase Error (PE):           0.000ns

  Maximum Data Path: u_core/Mmult_p1_mult00002_2 to u_core/Mmult_p1_mult00003_0
    Location             Delay type         Delay(ns)  Physical Resource
                                                       Logical Resource(s)
    -------------------------------------------------  -------------------
    SLICE_X36Y59.CQ      Tcko                  0.471   u_core/Mmult_p1_mult00002_3
                                                       u_core/Mmult_p1_mult00002_2
    SLICE_X36Y65.B1      net (fanout=8)        1.603   u_core/Mmult_p1_mult00002_2
    SLICE_X36Y65.COUT    Topcyb                0.483   u_core/Mmult_p1_mult0000_Madd3_cy<8>
                                                       u_core/Mmult_p1_mult0000_Madd3_lut<6>
                                                       u_core/Mmult_p1_mult0000_Madd3_cy<8>
    SLICE_X36Y66.CIN     net (fanout=1)        0.000   u_core/Mmult_p1_mult0000_Madd3_cy<8>
    SLICE_X36Y66.BMUX    Tcinb                 0.342   u_core/Mmult_p1_mult0000_Madd_123
                                                       u_core/Mmult_p1_mult0000_Madd3_cy<12>
    SLICE_X37Y65.D4      net (fanout=1)        0.507   u_core/Mmult_p1_mult0000_Madd_103
    SLICE_X37Y65.COUT    Topcyd                0.392   u_core/Mmult_p1_mult0000_Madd4_cy<10>
                                                       u_core/Mmult_p1_mult0000_Madd4_lut<10>
                                                       u_core/Mmult_p1_mult0000_Madd4_cy<10>
    SLICE_X37Y66.CIN     net (fanout=1)        0.000   u_core/Mmult_p1_mult0000_Madd4_cy<10>
    SLICE_X37Y66.AMUX    Tcina                 0.271   u_core/Mmult_p1_mult0000_Madd4_cy<13>
                                                       u_core/Mmult_p1_mult0000_Madd4_cy<13>
    SLICE_X35Y64.C1      net (fanout=2)        1.011   u_core/Mmult_p1_mult0000_Madd_114
    SLICE_X35Y64.COUT    Topcyc                0.423   u_core/Mmult_p1_mult0000_Madd6_cy<12>
                                                       u_core/Mmult_p1_mult0000_Madd6_lut<11>
                                                       u_core/Mmult_p1_mult0000_Madd6_cy<12>
    SLICE_X35Y65.CIN     net (fanout=1)        0.000   u_core/Mmult_p1_mult0000_Madd6_cy<12>
    SLICE_X35Y65.BMUX    Tcinb                 0.335   u_core/Mmult_p1_mult0000_Madd_163
                                                       u_core/Mmult_p1_mult0000_Madd6_xor<16>
    SLICE_X34Y62.B1      net (fanout=1)        1.019   u_core/Mmult_p1_mult0000_Madd_145
    SLICE_X34Y62.CLK     Tas                   0.494   u_core/Mmult_p1_mult00003_0
                                                       u_core/Mmult_p1_mult0000_Madd_145_rt
                                                       u_core/Mmult_p1_mult0000_Madd7_xor<16>
                                                       u_core/Mmult_p1_mult00003_0
    -------------------------------------------------  ---------------------------
    Total                                      7.351ns (3.211ns logic, 4.140ns route)
                                                       (43.7% logic, 56.3% route)

--------------------------------------------------------------------------------
Slack (setup path):     2.552ns (requirement - (data path - clock path skew + uncertainty))
  Source:               u_core/Mmult_p1_mult00002_2 (FF)
  Destination:          u_core/Mmult_p1_mult00003_0 (FF)
  Requirement:          10.000ns
  Data Path Delay:      7.334ns (Levels of Logic = 6)
  Clock Path Skew:      -0.079ns (1.129 - 1.208)
  Source Clock:         clk_BUFGP rising at 0.000ns
  Destination Clock:    clk_BUFGP rising at 10.000ns
  Clock Uncertainty:    0.035ns

  Clock Uncertainty:          0.035ns  ((TSJ^2 + TIJ^2)^1/2 + DJ) / 2 + PE
    Total System Jitter (TSJ):  0.070ns
    Total Input Jitter (TIJ):   0.000ns
    Discrete Jitter (DJ):       0.000ns
    Phase Error (PE):           0.000ns

  Maximum Data Path: u_core/Mmult_p1_mult00002_2 to u_core/Mmult_p1_mult00003_0
    Location             Delay type         Delay(ns)  Physical Resource
                                                       Logical Resource(s)
    -------------------------------------------------  -------------------
    SLICE_X36Y59.CQ      Tcko                  0.471   u_core/Mmult_p1_mult00002_3
                                                       u_core/Mmult_p1_mult00002_2
    SLICE_X36Y65.B1      net (fanout=8)        1.603   u_core/Mmult_p1_mult00002_2
    SLICE_X36Y65.COUT    Topcyb                0.399   u_core/Mmult_p1_mult0000_Madd3_cy<8>
                                                       u_core/Mmult_p1_mult0000_Mmult_p1_mult0000_ff_11_x_Mmult_p1_mult0000_ff_52_mand1
                                                       u_core/Mmult_p1_mult0000_Madd3_cy<8>
    SLICE_X36Y66.CIN     net (fanout=1)        0.000   u_core/Mmult_p1_mult0000_Madd3_cy<8>
    SLICE_X36Y66.CMUX    Tcinc                 0.337   u_core/Mmult_p1_mult0000_Madd_123
                                                       u_core/Mmult_p1_mult0000_Madd3_cy<12>
    SLICE_X37Y66.A1      net (fanout=1)        0.859   u_core/Mmult_p1_mult0000_Madd_113
    SLICE_X37Y66.AMUX    Topaa                 0.383   u_core/Mmult_p1_mult0000_Madd4_cy<13>
                                                       u_core/Mmult_p1_mult0000_Madd4_lut<11>
                                                       u_core/Mmult_p1_mult0000_Madd4_cy<13>
    SLICE_X35Y64.C1      net (fanout=2)        1.011   u_core/Mmult_p1_mult0000_Madd_114
    SLICE_X35Y64.COUT    Topcyc                0.423   u_core/Mmult_p1_mult0000_Madd6_cy<12>
                                                       u_core/Mmult_p1_mult0000_Madd6_lut<11>
                                                       u_core/Mmult_p1_mult0000_Madd6_cy<12>
    SLICE_X35Y65.CIN     net (fanout=1)        0.000   u_core/Mmult_p1_mult0000_Madd6_cy<12>
    SLICE_X35Y65.BMUX    Tcinb                 0.335   u_core/Mmult_p1_mult0000_Madd_163
                                                       u_core/Mmult_p1_mult0000_Madd6_xor<16>
    SLICE_X34Y62.B1      net (fanout=1)        1.019   u_core/Mmult_p1_mult0000_Madd_145
    SLICE_X34Y62.CLK     Tas                   0.494   u_core/Mmult_p1_mult00003_0
                                                       u_core/Mmult_p1_mult0000_Madd_145_rt
                                                       u_core/Mmult_p1_mult0000_Madd7_xor<16>
                                                       u_core/Mmult_p1_mult00003_0
    -------------------------------------------------  ---------------------------
    Total                                      7.334ns (2.842ns logic, 4.492ns route)
                                                       (38.8% logic, 61.2% route)

--------------------------------------------------------------------------------

Paths for end point u_core/Mmult_p1_mult00003_1 (SLICE_X34Y62.B1), 10140 paths
--------------------------------------------------------------------------------
Slack (setup path):     2.517ns (requirement - (data path - clock path skew + uncertainty))
  Source:               u_core/Mmult_p1_mult00002_2 (FF)
  Destination:          u_core/Mmult_p1_mult00003_1 (FF)
  Requirement:          10.000ns
  Data Path Delay:      7.369ns (Levels of Logic = 6)
  Clock Path Skew:      -0.079ns (1.129 - 1.208)
  Source Clock:         clk_BUFGP rising at 0.000ns
  Destination Clock:    clk_BUFGP rising at 10.000ns
  Clock Uncertainty:    0.035ns

  Clock Uncertainty:          0.035ns  ((TSJ^2 + TIJ^2)^1/2 + DJ) / 2 + PE
    Total System Jitter (TSJ):  0.070ns
    Total Input Jitter (TIJ):   0.000ns
    Discrete Jitter (DJ):       0.000ns
    Phase Error (PE):           0.000ns

  Maximum Data Path: u_core/Mmult_p1_mult00002_2 to u_core/Mmult_p1_mult00003_1
    Location             Delay type         Delay(ns)  Physical Resource
                                                       Logical Resource(s)
    -------------------------------------------------  -------------------
    SLICE_X36Y59.CQ      Tcko                  0.471   u_core/Mmult_p1_mult00002_3
                                                       u_core/Mmult_p1_mult00002_2
    SLICE_X36Y65.B1      net (fanout=8)        1.603   u_core/Mmult_p1_mult00002_2
    SLICE_X36Y65.COUT    Topcyb                0.483   u_core/Mmult_p1_mult0000_Madd3_cy<8>
                                                       u_core/Mmult_p1_mult0000_Madd3_lut<6>
                                                       u_core/Mmult_p1_mult0000_Madd3_cy<8>
    SLICE_X36Y66.CIN     net (fanout=1)        0.000   u_core/Mmult_p1_mult0000_Madd3_cy<8>
    SLICE_X36Y66.CMUX    Tcinc                 0.337   u_core/Mmult_p1_mult0000_Madd_123
                                                       u_core/Mmult_p1_mult0000_Madd3_cy<12>
    SLICE_X37Y66.A1      net (fanout=1)        0.859   u_core/Mmult_p1_mult0000_Madd_113
    SLICE_X37Y66.AMUX    Topaa                 0.383   u_core/Mmult_p1_mult0000_Madd4_cy<13>
                                                       u_core/Mmult_p1_mult0000_Madd4_lut<11>
                                                       u_core/Mmult_p1_mult0000_Madd4_cy<13>
    SLICE_X35Y64.C1      net (fanout=2)        1.011   u_core/Mmult_p1_mult0000_Madd_114
    SLICE_X35Y64.COUT    Topcyc                0.423   u_core/Mmult_p1_mult0000_Madd6_cy<12>
                                                       u_core/Mmult_p1_mult0000_Madd6_lut<11>
                                                       u_core/Mmult_p1_mult0000_Madd6_cy<12>
    SLICE_X35Y65.CIN     net (fanout=1)        0.000   u_core/Mmult_p1_mult0000_Madd6_cy<12>
    SLICE_X35Y65.BMUX    Tcinb                 0.335   u_core/Mmult_p1_mult0000_Madd_163
                                                       u_core/Mmult_p1_mult0000_Madd6_xor<16>
    SLICE_X34Y62.B1      net (fanout=1)        1.019   u_core/Mmult_p1_mult0000_Madd_145
    SLICE_X34Y62.CLK     Tas                   0.445   u_core/Mmult_p1_mult00003_0
                                                       u_core/Mmult_p1_mult0000_Madd_145_rt
                                                       u_core/Mmult_p1_mult0000_Madd7_xor<16>
                                                       u_core/Mmult_p1_mult00003_1
    -------------------------------------------------  ---------------------------
    Total                                      7.369ns (2.877ns logic, 4.492ns route)
                                                       (39.0% logic, 61.0% route)

--------------------------------------------------------------------------------
Slack (setup path):     2.584ns (requirement - (data path - clock path skew + uncertainty))
  Source:               u_core/Mmult_p1_mult00002_2 (FF)
  Destination:          u_core/Mmult_p1_mult00003_1 (FF)
  Requirement:          10.000ns
  Data Path Delay:      7.302ns (Levels of Logic = 7)
  Clock Path Skew:      -0.079ns (1.129 - 1.208)
  Source Clock:         clk_BUFGP rising at 0.000ns
  Destination Clock:    clk_BUFGP rising at 10.000ns
  Clock Uncertainty:    0.035ns

  Clock Uncertainty:          0.035ns  ((TSJ^2 + TIJ^2)^1/2 + DJ) / 2 + PE
    Total System Jitter (TSJ):  0.070ns
    Total Input Jitter (TIJ):   0.000ns
    Discrete Jitter (DJ):       0.000ns
    Phase Error (PE):           0.000ns

  Maximum Data Path: u_core/Mmult_p1_mult00002_2 to u_core/Mmult_p1_mult00003_1
    Location             Delay type         Delay(ns)  Physical Resource
                                                       Logical Resource(s)
    -------------------------------------------------  -------------------
    SLICE_X36Y59.CQ      Tcko                  0.471   u_core/Mmult_p1_mult00002_3
                                                       u_core/Mmult_p1_mult00002_2
    SLICE_X36Y65.B1      net (fanout=8)        1.603   u_core/Mmult_p1_mult00002_2
    SLICE_X36Y65.COUT    Topcyb                0.483   u_core/Mmult_p1_mult0000_Madd3_cy<8>
                                                       u_core/Mmult_p1_mult0000_Madd3_lut<6>
                                                       u_core/Mmult_p1_mult0000_Madd3_cy<8>
    SLICE_X36Y66.CIN     net (fanout=1)        0.000   u_core/Mmult_p1_mult0000_Madd3_cy<8>
    SLICE_X36Y66.BMUX    Tcinb                 0.342   u_core/Mmult_p1_mult0000_Madd_123
                                                       u_core/Mmult_p1_mult0000_Madd3_cy<12>
    SLICE_X37Y65.D4      net (fanout=1)        0.507   u_core/Mmult_p1_mult0000_Madd_103
    SLICE_X37Y65.COUT    Topcyd                0.392   u_core/Mmult_p1_mult0000_Madd4_cy<10>
                                                       u_core/Mmult_p1_mult0000_Madd4_lut<10>
                                                       u_core/Mmult_p1_mult0000_Madd4_cy<10>
    SLICE_X37Y66.CIN     net (fanout=1)        0.000   u_core/Mmult_p1_mult0000_Madd4_cy<10>
    SLICE_X37Y66.AMUX    Tcina                 0.271   u_core/Mmult_p1_mult0000_Madd4_cy<13>
                                                       u_core/Mmult_p1_mult0000_Madd4_cy<13>
    SLICE_X35Y64.C1      net (fanout=2)        1.011   u_core/Mmult_p1_mult0000_Madd_114
    SLICE_X35Y64.COUT    Topcyc                0.423   u_core/Mmult_p1_mult0000_Madd6_cy<12>
                                                       u_core/Mmult_p1_mult0000_Madd6_lut<11>
                                                       u_core/Mmult_p1_mult0000_Madd6_cy<12>
    SLICE_X35Y65.CIN     net (fanout=1)        0.000   u_core/Mmult_p1_mult0000_Madd6_cy<12>
    SLICE_X35Y65.BMUX    Tcinb                 0.335   u_core/Mmult_p1_mult0000_Madd_163
                                                       u_core/Mmult_p1_mult0000_Madd6_xor<16>
    SLICE_X34Y62.B1      net (fanout=1)        1.019   u_core/Mmult_p1_mult0000_Madd_145
    SLICE_X34Y62.CLK     Tas                   0.445   u_core/Mmult_p1_mult00003_0
                                                       u_core/Mmult_p1_mult0000_Madd_145_rt
                                                       u_core/Mmult_p1_mult0000_Madd7_xor<16>
                                                       u_core/Mmult_p1_mult00003_1
    -------------------------------------------------  ---------------------------
    Total                                      7.302ns (3.162ns logic, 4.140ns route)
                                                       (43.3% logic, 56.7% route)

--------------------------------------------------------------------------------
Slack (setup path):     2.601ns (requirement - (data path - clock path skew + uncertainty))
  Source:               u_core/Mmult_p1_mult00002_2 (FF)
  Destination:          u_core/Mmult_p1_mult00003_1 (FF)
  Requirement:          10.000ns
  Data Path Delay:      7.285ns (Levels of Logic = 6)
  Clock Path Skew:      -0.079ns (1.129 - 1.208)
  Source Clock:         clk_BUFGP rising at 0.000ns
  Destination Clock:    clk_BUFGP rising at 10.000ns
  Clock Uncertainty:    0.035ns

  Clock Uncertainty:          0.035ns  ((TSJ^2 + TIJ^2)^1/2 + DJ) / 2 + PE
    Total System Jitter (TSJ):  0.070ns
    Total Input Jitter (TIJ):   0.000ns
    Discrete Jitter (DJ):       0.000ns
    Phase Error (PE):           0.000ns

  Maximum Data Path: u_core/Mmult_p1_mult00002_2 to u_core/Mmult_p1_mult00003_1
    Location             Delay type         Delay(ns)  Physical Resource
                                                       Logical Resource(s)
    -------------------------------------------------  -------------------
    SLICE_X36Y59.CQ      Tcko                  0.471   u_core/Mmult_p1_mult00002_3
                                                       u_core/Mmult_p1_mult00002_2
    SLICE_X36Y65.B1      net (fanout=8)        1.603   u_core/Mmult_p1_mult00002_2
    SLICE_X36Y65.COUT    Topcyb                0.399   u_core/Mmult_p1_mult0000_Madd3_cy<8>
                                                       u_core/Mmult_p1_mult0000_Mmult_p1_mult0000_ff_11_x_Mmult_p1_mult0000_ff_52_mand1
                                                       u_core/Mmult_p1_mult0000_Madd3_cy<8>
    SLICE_X36Y66.CIN     net (fanout=1)        0.000   u_core/Mmult_p1_mult0000_Madd3_cy<8>
    SLICE_X36Y66.CMUX    Tcinc                 0.337   u_core/Mmult_p1_mult0000_Madd_123
                                                       u_core/Mmult_p1_mult0000_Madd3_cy<12>
    SLICE_X37Y66.A1      net (fanout=1)        0.859   u_core/Mmult_p1_mult0000_Madd_113
    SLICE_X37Y66.AMUX    Topaa                 0.383   u_core/Mmult_p1_mult0000_Madd4_cy<13>
                                                       u_core/Mmult_p1_mult0000_Madd4_lut<11>
                                                       u_core/Mmult_p1_mult0000_Madd4_cy<13>
    SLICE_X35Y64.C1      net (fanout=2)        1.011   u_core/Mmult_p1_mult0000_Madd_114
    SLICE_X35Y64.COUT    Topcyc                0.423   u_core/Mmult_p1_mult0000_Madd6_cy<12>
                                                       u_core/Mmult_p1_mult0000_Madd6_lut<11>
                                                       u_core/Mmult_p1_mult0000_Madd6_cy<12>
    SLICE_X35Y65.CIN     net (fanout=1)        0.000   u_core/Mmult_p1_mult0000_Madd6_cy<12>
    SLICE_X35Y65.BMUX    Tcinb                 0.335   u_core/Mmult_p1_mult0000_Madd_163
                                                       u_core/Mmult_p1_mult0000_Madd6_xor<16>
    SLICE_X34Y62.B1      net (fanout=1)        1.019   u_core/Mmult_p1_mult0000_Madd_145
    SLICE_X34Y62.CLK     Tas                   0.445   u_core/Mmult_p1_mult00003_0
                                                       u_core/Mmult_p1_mult0000_Madd_145_rt
                                                       u_core/Mmult_p1_mult0000_Madd7_xor<16>
                                                       u_core/Mmult_p1_mult00003_1
    -------------------------------------------------  ---------------------------
    Total                                      7.285ns (2.793ns logic, 4.492ns route)
                                                       (38.3% logic, 61.7% route)

--------------------------------------------------------------------------------

Paths for end point u_core/Mmult_p5_mult00003_0 (SLICE_X45Y38.CIN), 38132 paths
--------------------------------------------------------------------------------
Slack (setup path):     2.600ns (requirement - (data path - clock path skew + uncertainty))
  Source:               u_core/lb1_2 (FF)
  Destination:          u_core/Mmult_p5_mult00003_0 (FF)
  Requirement:          10.000ns
  Data Path Delay:      7.386ns (Levels of Logic = 7)
  Clock Path Skew:      0.021ns (0.151 - 0.130)
  Source Clock:         clk_BUFGP rising at 0.000ns
  Destination Clock:    clk_BUFGP rising at 10.000ns
  Clock Uncertainty:    0.035ns

  Clock Uncertainty:          0.035ns  ((TSJ^2 + TIJ^2)^1/2 + DJ) / 2 + PE
    Total System Jitter (TSJ):  0.070ns
    Total Input Jitter (TIJ):   0.000ns
    Discrete Jitter (DJ):       0.000ns
    Phase Error (PE):           0.000ns

  Maximum Data Path: u_core/lb1_2 to u_core/Mmult_p5_mult00003_0
    Location             Delay type         Delay(ns)  Physical Resource
                                                       Logical Resource(s)
    -------------------------------------------------  -------------------
    SLICE_X44Y28.CQ      Tcko                  0.471   u_core/lb1<3>
                                                       u_core/lb1_2
    SLICE_X47Y31.C1      net (fanout=9)        1.410   u_core/lb1<2>
    SLICE_X47Y31.COUT    Topcyc                0.423   u_core/Mmult_p5_mult0000_Madd3_cy<4>
                                                       u_core/Mmult_p5_mult0000_Madd3_lut<3>
                                                       u_core/Mmult_p5_mult0000_Madd3_cy<4>
    SLICE_X47Y32.CIN     net (fanout=1)        0.000   u_core/Mmult_p5_mult0000_Madd3_cy<4>
    SLICE_X47Y32.BMUX    Tcinb                 0.335   u_core/Mmult_p5_mult0000_Madd3_cy<8>
                                                       u_core/Mmult_p5_mult0000_Madd3_cy<8>
    SLICE_X45Y32.D1      net (fanout=1)        0.848   u_core/Mmult_p5_mult0000_Madd_63
    SLICE_X45Y32.COUT    Topcyd                0.392   u_core/Mmult_p5_mult0000_Madd4_cy<6>
                                                       u_core/Mmult_p5_mult0000_Madd4_lut<6>
                                                       u_core/Mmult_p5_mult0000_Madd4_cy<6>
    SLICE_X45Y33.CIN     net (fanout=1)        0.000   u_core/Mmult_p5_mult0000_Madd4_cy<6>
    SLICE_X45Y33.CMUX    Tcinc                 0.334   u_core/Mmult_p5_mult00002_4
                                                       u_core/Mmult_p5_mult0000_Madd4_cy<10>
    SLICE_X46Y34.A3      net (fanout=2)        0.777   u_core/Mmult_p5_mult0000_Madd_94
    SLICE_X46Y34.CMUX    Topac                 0.684   u_core/Mmult_p5_mult0000_Madd6_cy<12>
                                                       u_core/Mmult_p5_mult0000_Madd6_lut<9>
                                                       u_core/Mmult_p5_mult0000_Madd6_cy<12>
    SLICE_X45Y37.C1      net (fanout=2)        1.110   u_core/Mmult_p5_mult0000_Madd_118
    SLICE_X45Y37.COUT    Topcyc                0.423   u_core/Mmult_p5_mult00003_4
                                                       u_core/Mmult_p5_mult0000_Madd7_lut<11>
                                                       u_core/Mmult_p5_mult0000_Madd7_cy<12>
    SLICE_X45Y38.CIN     net (fanout=1)        0.000   u_core/Mmult_p5_mult0000_Madd7_cy<12>
    SLICE_X45Y38.CLK     Tcinck                0.179   u_core/Mmult_p5_mult00003_0
                                                       u_core/Mmult_p5_mult0000_Madd7_xor<16>
                                                       u_core/Mmult_p5_mult00003_0
    -------------------------------------------------  ---------------------------
    Total                                      7.386ns (3.241ns logic, 4.145ns route)
                                                       (43.9% logic, 56.1% route)

--------------------------------------------------------------------------------
Slack (setup path):     2.628ns (requirement - (data path - clock path skew + uncertainty))
  Source:               u_core/lb1_2 (FF)
  Destination:          u_core/Mmult_p5_mult00003_0 (FF)
  Requirement:          10.000ns
  Data Path Delay:      7.358ns (Levels of Logic = 7)
  Clock Path Skew:      0.021ns (0.151 - 0.130)
  Source Clock:         clk_BUFGP rising at 0.000ns
  Destination Clock:    clk_BUFGP rising at 10.000ns
  Clock Uncertainty:    0.035ns

  Clock Uncertainty:          0.035ns  ((TSJ^2 + TIJ^2)^1/2 + DJ) / 2 + PE
    Total System Jitter (TSJ):  0.070ns
    Total Input Jitter (TIJ):   0.000ns
    Discrete Jitter (DJ):       0.000ns
    Phase Error (PE):           0.000ns

  Maximum Data Path: u_core/lb1_2 to u_core/Mmult_p5_mult00003_0
    Location             Delay type         Delay(ns)  Physical Resource
                                                       Logical Resource(s)
    -------------------------------------------------  -------------------
    SLICE_X44Y28.CQ      Tcko                  0.471   u_core/lb1<3>
                                                       u_core/lb1_2
    SLICE_X47Y31.D1      net (fanout=9)        1.413   u_core/lb1<2>
    SLICE_X47Y31.COUT    Topcyd                0.392   u_core/Mmult_p5_mult0000_Madd3_cy<4>
                                                       u_core/Mmult_p5_mult0000_Madd3_lut<4>
                                                       u_core/Mmult_p5_mult0000_Madd3_cy<4>
    SLICE_X47Y32.CIN     net (fanout=1)        0.000   u_core/Mmult_p5_mult0000_Madd3_cy<4>
    SLICE_X47Y32.BMUX    Tcinb                 0.335   u_core/Mmult_p5_mult0000_Madd3_cy<8>
                                                       u_core/Mmult_p5_mult0000_Madd3_cy<8>
    SLICE_X45Y32.D1      net (fanout=1)        0.848   u_core/Mmult_p5_mult0000_Madd_63
    SLICE_X45Y32.COUT    Topcyd                0.392   u_core/Mmult_p5_mult0000_Madd4_cy<6>
                                                       u_core/Mmult_p5_mult0000_Madd4_lut<6>
                                                       u_core/Mmult_p5_mult0000_Madd4_cy<6>
    SLICE_X45Y33.CIN     net (fanout=1)        0.000   u_core/Mmult_p5_mult0000_Madd4_cy<6>
    SLICE_X45Y33.CMUX    Tcinc                 0.334   u_core/Mmult_p5_mult00002_4
                                                       u_core/Mmult_p5_mult0000_Madd4_cy<10>
    SLICE_X46Y34.A3      net (fanout=2)        0.777   u_core/Mmult_p5_mult0000_Madd_94
    SLICE_X46Y34.CMUX    Topac                 0.684   u_core/Mmult_p5_mult0000_Madd6_cy<12>
                                                       u_core/Mmult_p5_mult0000_Madd6_lut<9>
                                                       u_core/Mmult_p5_mult0000_Madd6_cy<12>
    SLICE_X45Y37.C1      net (fanout=2)        1.110   u_core/Mmult_p5_mult0000_Madd_118
    SLICE_X45Y37.COUT    Topcyc                0.423   u_core/Mmult_p5_mult00003_4
                                                       u_core/Mmult_p5_mult0000_Madd7_lut<11>
                                                       u_core/Mmult_p5_mult0000_Madd7_cy<12>
    SLICE_X45Y38.CIN     net (fanout=1)        0.000   u_core/Mmult_p5_mult0000_Madd7_cy<12>
    SLICE_X45Y38.CLK     Tcinck                0.179   u_core/Mmult_p5_mult00003_0
                                                       u_core/Mmult_p5_mult0000_Madd7_xor<16>
                                                       u_core/Mmult_p5_mult00003_0
    -------------------------------------------------  ---------------------------
    Total                                      7.358ns (3.210ns logic, 4.148ns route)
                                                       (43.6% logic, 56.4% route)

--------------------------------------------------------------------------------
Slack (setup path):     2.629ns (requirement - (data path - clock path skew + uncertainty))
  Source:               u_core/lb1_2 (FF)
  Destination:          u_core/Mmult_p5_mult00003_0 (FF)
  Requirement:          10.000ns
  Data Path Delay:      7.357ns (Levels of Logic = 7)
  Clock Path Skew:      0.021ns (0.151 - 0.130)
  Source Clock:         clk_BUFGP rising at 0.000ns
  Destination Clock:    clk_BUFGP rising at 10.000ns
  Clock Uncertainty:    0.035ns

  Clock Uncertainty:          0.035ns  ((TSJ^2 + TIJ^2)^1/2 + DJ) / 2 + PE
    Total System Jitter (TSJ):  0.070ns
    Total Input Jitter (TIJ):   0.000ns
    Discrete Jitter (DJ):       0.000ns
    Phase Error (PE):           0.000ns

  Maximum Data Path: u_core/lb1_2 to u_core/Mmult_p5_mult00003_0
    Location             Delay type         Delay(ns)  Physical Resource
                                                       Logical Resource(s)
    -------------------------------------------------  -------------------
    SLICE_X44Y28.CQ      Tcko                  0.471   u_core/lb1<3>
                                                       u_core/lb1_2
    SLICE_X47Y31.C1      net (fanout=9)        1.410   u_core/lb1<2>
    SLICE_X47Y31.COUT    Topcyc                0.423   u_core/Mmult_p5_mult0000_Madd3_cy<4>
                                                       u_core/Mmult_p5_mult0000_Madd3_lut<3>
                                                       u_core/Mmult_p5_mult0000_Madd3_cy<4>
    SLICE_X47Y32.CIN     net (fanout=1)        0.000   u_core/Mmult_p5_mult0000_Madd3_cy<4>
    SLICE_X47Y32.BMUX    Tcinb                 0.335   u_core/Mmult_p5_mult0000_Madd3_cy<8>
                                                       u_core/Mmult_p5_mult0000_Madd3_cy<8>
    SLICE_X45Y32.D1      net (fanout=1)        0.848   u_core/Mmult_p5_mult0000_Madd_63
    SLICE_X45Y32.COUT    Topcyd                0.392   u_core/Mmult_p5_mult0000_Madd4_cy<6>
                                                       u_core/Mmult_p5_mult0000_Madd4_lut<6>
                                                       u_core/Mmult_p5_mult0000_Madd4_cy<6>
    SLICE_X45Y33.CIN     net (fanout=1)        0.000   u_core/Mmult_p5_mult0000_Madd4_cy<6>
    SLICE_X45Y33.DMUX    Tcind                 0.402   u_core/Mmult_p5_mult00002_4
                                                       u_core/Mmult_p5_mult0000_Madd4_cy<10>
    SLICE_X46Y34.BX      net (fanout=2)        0.836   u_core/Mmult_p5_mult0000_Madd_104
    SLICE_X46Y34.CMUX    Taxd                  0.528   u_core/Mmult_p5_mult0000_Madd6_cy<12>
                                                       u_core/Mmult_p5_mult0000_Madd6_cy<12>
    SLICE_X45Y37.C1      net (fanout=2)        1.110   u_core/Mmult_p5_mult0000_Madd_118
    SLICE_X45Y37.COUT    Topcyc                0.423   u_core/Mmult_p5_mult00003_4
                                                       u_core/Mmult_p5_mult0000_Madd7_lut<11>
                                                       u_core/Mmult_p5_mult0000_Madd7_cy<12>
    SLICE_X45Y38.CIN     net (fanout=1)        0.000   u_core/Mmult_p5_mult0000_Madd7_cy<12>
    SLICE_X45Y38.CLK     Tcinck                0.179   u_core/Mmult_p5_mult00003_0
                                                       u_core/Mmult_p5_mult0000_Madd7_xor<16>
                                                       u_core/Mmult_p5_mult00003_0
    -------------------------------------------------  ---------------------------
    Total                                      7.357ns (3.153ns logic, 4.204ns route)
                                                       (42.9% logic, 57.1% route)

--------------------------------------------------------------------------------

Hold Paths: TS_clk = PERIOD TIMEGRP "clk" 10 ns HIGH 50%;
--------------------------------------------------------------------------------

Paths for end point pend_data_14 (SLICE_X38Y46.BX), 1 path
--------------------------------------------------------------------------------
Slack (hold path):      0.313ns (requirement - (clock path skew + uncertainty - data path))
  Source:               u_core/out_pixel_14 (FF)
  Destination:          pend_data_14 (FF)
  Requirement:          0.000ns
  Data Path Delay:      0.349ns (Levels of Logic = 0)
  Clock Path Skew:      0.036ns (0.170 - 0.134)
  Source Clock:         clk_BUFGP rising at 10.000ns
  Destination Clock:    clk_BUFGP rising at 10.000ns
  Clock Uncertainty:    0.000ns

  Minimum Data Path: u_core/out_pixel_14 to pend_data_14
    Location             Delay type         Delay(ns)  Physical Resource
                                                       Logical Resource(s)
    -------------------------------------------------  -------------------
    SLICE_X39Y46.AQ      Tcko                  0.414   u_core/out_pixel<13>
                                                       u_core/out_pixel_14
    SLICE_X38Y46.BX      net (fanout=1)        0.166   u_core/out_pixel<14>
    SLICE_X38Y46.CLK     Tckdi       (-Th)     0.231   pend_data<12>
                                                       pend_data_14
    -------------------------------------------------  ---------------------------
    Total                                      0.349ns (0.183ns logic, 0.166ns route)
                                                       (52.4% logic, 47.6% route)

--------------------------------------------------------------------------------

Paths for end point pend_data_13 (SLICE_X38Y46.CX), 1 path
--------------------------------------------------------------------------------
Slack (hold path):      0.314ns (requirement - (clock path skew + uncertainty - data path))
  Source:               u_core/out_pixel_13 (FF)
  Destination:          pend_data_13 (FF)
  Requirement:          0.000ns
  Data Path Delay:      0.350ns (Levels of Logic = 0)
  Clock Path Skew:      0.036ns (0.170 - 0.134)
  Source Clock:         clk_BUFGP rising at 10.000ns
  Destination Clock:    clk_BUFGP rising at 10.000ns
  Clock Uncertainty:    0.000ns

  Minimum Data Path: u_core/out_pixel_13 to pend_data_13
    Location             Delay type         Delay(ns)  Physical Resource
                                                       Logical Resource(s)
    -------------------------------------------------  -------------------
    SLICE_X39Y46.DQ      Tcko                  0.414   u_core/out_pixel<13>
                                                       u_core/out_pixel_13
    SLICE_X38Y46.CX      net (fanout=1)        0.154   u_core/out_pixel<13>
    SLICE_X38Y46.CLK     Tckdi       (-Th)     0.218   pend_data<12>
                                                       pend_data_13
    -------------------------------------------------  ---------------------------
    Total                                      0.350ns (0.196ns logic, 0.154ns route)
                                                       (56.0% logic, 44.0% route)

--------------------------------------------------------------------------------

Paths for end point pend_data_12 (SLICE_X38Y46.DX), 1 path
--------------------------------------------------------------------------------
Slack (hold path):      0.324ns (requirement - (clock path skew + uncertainty - data path))
  Source:               u_core/out_pixel_12 (FF)
  Destination:          pend_data_12 (FF)
  Requirement:          0.000ns
  Data Path Delay:      0.360ns (Levels of Logic = 0)
  Clock Path Skew:      0.036ns (0.170 - 0.134)
  Source Clock:         clk_BUFGP rising at 10.000ns
  Destination Clock:    clk_BUFGP rising at 10.000ns
  Clock Uncertainty:    0.000ns

  Minimum Data Path: u_core/out_pixel_12 to pend_data_12
    Location             Delay type         Delay(ns)  Physical Resource
                                                       Logical Resource(s)
    -------------------------------------------------  -------------------
    SLICE_X39Y46.CQ      Tcko                  0.414   u_core/out_pixel<13>
                                                       u_core/out_pixel_12
    SLICE_X38Y46.DX      net (fanout=1)        0.165   u_core/out_pixel<12>
    SLICE_X38Y46.CLK     Tckdi       (-Th)     0.219   pend_data<12>
                                                       pend_data_12
    -------------------------------------------------  ---------------------------
    Total                                      0.360ns (0.195ns logic, 0.165ns route)
                                                       (54.2% logic, 45.8% route)

--------------------------------------------------------------------------------

Component Switching Limit Checks: TS_clk = PERIOD TIMEGRP "clk" 10 ns HIGH 50%;
--------------------------------------------------------------------------------
Slack: 8.300ns (period - (min low pulse limit / (low pulse / period)))
  Period: 10.000ns
  Low pulse: 5.000ns
  Low pulse limit: 0.850ns (Twpl)
  Physical resource: u_rx/rx_s/CLK
  Logical resource: u_rx/Mshreg_rx_s/CLK
  Location pin: SLICE_X0Y53.CLK
  Clock network: clk_BUFGP
--------------------------------------------------------------------------------
Slack: 8.300ns (period - (min high pulse limit / (high pulse / period)))
  Period: 10.000ns
  High pulse: 5.000ns
  High pulse limit: 0.850ns (Twph)
  Physical resource: u_rx/rx_s/CLK
  Logical resource: u_rx/Mshreg_rx_s/CLK
  Location pin: SLICE_X0Y53.CLK
  Clock network: clk_BUFGP
--------------------------------------------------------------------------------
Slack: 8.300ns (period - (min low pulse limit / (low pulse / period)))
  Period: 10.000ns
  Low pulse: 5.000ns
  Low pulse limit: 0.850ns (Twpl)
  Physical resource: u_core/lb1<7>/CLK
  Logical resource: u_core/Mshreg_lb1_7/CLK
  Location pin: SLICE_X36Y32.CLK
  Clock network: clk_BUFGP
--------------------------------------------------------------------------------


All constraints were met.


Data Sheet report:
-----------------
All values displayed in nanoseconds (ns)

Clock to Setup on destination clock clk
---------------+---------+---------+---------+---------+
               | Src:Rise| Src:Fall| Src:Rise| Src:Fall|
Source Clock   |Dest:Rise|Dest:Rise|Dest:Fall|Dest:Fall|
---------------+---------+---------+---------+---------+
clk            |    7.532|         |         |         |
---------------+---------+---------+---------+---------+


Timing summary:
---------------

Timing errors: 0  Score: 0  (Setup/Max: 0, Hold: 0)

Constraints cover 3364089 paths, 0 nets, and 4252 connections

Design statistics:
   Minimum period:   7.532ns{1}   (Maximum frequency: 132.767MHz)


------------------------------------Footnotes-----------------------------------
1)  The minimum period statistic assumes all single cycle delays.

Analysis completed Fri Aug 14 03:52:02 2026 
--------------------------------------------------------------------------------

Trace Settings:
-------------------------
Trace Settings 

Peak Memory Usage: 532 MB



