Release 14.7 - xst P.20131013 (lin64)
Copyright (c) 1995-2013 Xilinx, Inc.  All rights reserved.
--> 
Parameter TMPDIR set to xst/projnav.tmp


Total REAL time to Xst completion: 0.00 secs
Total CPU time to Xst completion: 0.05 secs
 
--> 
Parameter xsthdpdir set to xst


Total REAL time to Xst completion: 0.00 secs
Total CPU time to Xst completion: 0.05 secs
 
--> 
Reading design: conv_top.prj

TABLE OF CONTENTS
  1) Synthesis Options Summary
  2) HDL Compilation
  3) Design Hierarchy Analysis
  4) HDL Analysis
  5) HDL Synthesis
     5.1) HDL Synthesis Report
  6) Advanced HDL Synthesis
     6.1) Advanced HDL Synthesis Report
  7) Low Level Synthesis
  8) Partition Report
  9) Final Report
	9.1) Device utilization summary
	9.2) Partition Resource Summary
	9.3) TIMING REPORT


=========================================================================
*                      Synthesis Options Summary                        *
=========================================================================
---- Source Parameters
Input File Name                    : "conv_top.prj"
Input Format                       : mixed
Ignore Synthesis Constraint File   : NO

---- Target Parameters
Output File Name                   : "conv_top"
Output Format                      : NGC
Target Device                      : xc5vlx50t-1-ff1136

---- Source Options
Top Module Name                    : conv_top
Automatic FSM Extraction           : YES
FSM Encoding Algorithm             : Auto
Safe Implementation                : No
FSM Style                          : LUT
RAM Extraction                     : Yes
RAM Style                          : Auto
ROM Extraction                     : Yes
Mux Style                          : Auto
Decoder Extraction                 : YES
Priority Encoder Extraction        : Yes
Shift Register Extraction          : YES
Logical Shifter Extraction         : YES
XOR Collapsing                     : YES
ROM Style                          : Auto
Mux Extraction                     : Yes
Resource Sharing                   : YES
Asynchronous To Synchronous        : NO
Use DSP Block                      : No
Automatic Register Balancing       : No

---- Target Options
LUT Combining                      : Off
Reduce Control Sets                : Off
Add IO Buffers                     : YES
Global Maximum Fanout              : 100000
Add Generic Clock Buffer(BUFG)     : 32
Register Duplication               : YES
Slice Packing                      : YES
Optimize Instantiated Primitives   : NO
Use Clock Enable                   : Auto
Use Synchronous Set                : Auto
Use Synchronous Reset              : Auto
Pack IO Registers into IOBs        : Auto
Equivalent register Removal        : YES

---- General Options
Optimization Goal                  : Speed
Optimization Effort                : 1
Power Reduction                    : NO
Keep Hierarchy                     : No
Netlist Hierarchy                  : As_Optimized
RTL Output                         : Yes
Global Optimization                : AllClockNets
Read Cores                         : YES
Write Timing Constraints           : NO
Cross Clock Analysis               : NO
Hierarchy Separator                : /
Bus Delimiter                      : <>
Case Specifier                     : Maintain
Slice Utilization Ratio            : 100
BRAM Utilization Ratio             : 100
DSP48 Utilization Ratio            : 100
Verilog 2001                       : YES
Auto BRAM Packing                  : NO
Slice Utilization Ratio Delta      : 5

=========================================================================


=========================================================================
*                          HDL Compilation                              *
=========================================================================
Compiling verilog file "../../../../home/mohamed-esam/sscs2026-conv-accel/rtl/uart_tx.v" in library work
Compiling verilog file "../../../../home/mohamed-esam/sscs2026-conv-accel/rtl/uart_rx.v" in library work
Module <uart_tx> compiled
Compiling verilog file "../../../../home/mohamed-esam/sscs2026-conv-accel/rtl/conv_accel.v" in library work
Module <uart_rx> compiled
Compiling verilog file "../../../../home/mohamed-esam/sscs2026-conv-accel/rtl/conv_top.v" in library work
Module <conv_accel> compiled
Module <conv_top> compiled
No errors in compilation
Analysis of file <"conv_top.prj"> succeeded.
 

=========================================================================
*                     Design Hierarchy Analysis                         *
=========================================================================
Analyzing hierarchy for module <conv_top> in library <work> with parameters.
	CLKS_PER_BIT = 868
	IMG_H = 32
	IMG_W = 32
	N = 3
	NPIX = 1024
	PIPE_DEPTH = 6
	S_COEF = "000"
	S_DONE = "110"
	S_FEED = "010"
	S_RXPIX = "001"
	S_TX_HI = "100"
	S_TX_LO = "101"
	S_WAIT = "011"
	TAPS = 9

Analyzing hierarchy for module <uart_rx> in library <work> with parameters.
	CLKS_PER_BIT = 868
	S_DATA = "010"
	S_DONE = "100"
	S_IDLE = "000"
	S_START = "001"
	S_STOP = "011"

Analyzing hierarchy for module <uart_tx> in library <work> with parameters.
	CLKS_PER_BIT = 868
	S_DATA = "10"
	S_IDLE = "00"
	S_START = "01"
	S_STOP = "11"

Analyzing hierarchy for module <conv_accel> in library <work> with parameters.
	ACC_W = 22
	COEF_AW = 4
	COEF_W = 8
	IMG_H = 32
	IMG_W = 32
	LBW = 256
	N = 3
	OUT_W = 16
	PIX_W = 8
	PROD_W = 17
	SAT_MAX = "0111111111111111"
	SAT_MIN = "1000000000000000"


=========================================================================
*                            HDL Analysis                               *
=========================================================================
Analyzing top module <conv_top>.
	CLKS_PER_BIT = 868
	IMG_H = 32
	IMG_W = 32
	N = 3
	NPIX = 1024
	PIPE_DEPTH = 6
	S_COEF = 3'b000
	S_DONE = 3'b110
	S_FEED = 3'b010
	S_RXPIX = 3'b001
	S_TX_HI = 3'b100
	S_TX_LO = 3'b101
	S_WAIT = 3'b011
	TAPS = 9
Module <conv_top> is correct for synthesis.
 
Analyzing module <uart_rx> in library <work>.
	CLKS_PER_BIT = 868
	S_DATA = 3'b010
	S_DONE = 3'b100
	S_IDLE = 3'b000
	S_START = 3'b001
	S_STOP = 3'b011
Module <uart_rx> is correct for synthesis.
 
Analyzing module <uart_tx> in library <work>.
	CLKS_PER_BIT = 868
	S_DATA = 2'b10
	S_IDLE = 2'b00
	S_START = 2'b01
	S_STOP = 2'b11
Module <uart_tx> is correct for synthesis.
 
Analyzing module <conv_accel> in library <work>.
	ACC_W = 22
	COEF_AW = 4
	COEF_W = 8
	IMG_H = 32
	IMG_W = 32
	LBW = 256
	N = 3
	OUT_W = 16
	PIX_W = 8
	PROD_W = 17
	SAT_MAX = 16'sb0111111111111111
	SAT_MIN = 16'sb1000000000000000
Module <conv_accel> is correct for synthesis.
 

=========================================================================
*                           HDL Synthesis                               *
=========================================================================

Performing bidirectional port resolution...

Synthesizing Unit <uart_rx>.
    Related source file is "../../../../home/mohamed-esam/sscs2026-conv-accel/rtl/uart_rx.v".
    Found finite state machine <FSM_0> for signal <state>.
    -----------------------------------------------------------------------
    | States             | 5                                              |
    | Transitions        | 11                                             |
    | Inputs             | 4                                              |
    | Outputs            | 6                                              |
    | Clock              | clk                       (rising_edge)        |
    | Reset              | rst                       (positive)           |
    | Reset type         | synchronous                                    |
    | Reset State        | 000                                            |
    | Encoding           | automatic                                      |
    | Implementation     | LUT                                            |
    -----------------------------------------------------------------------
    Found 8-bit register for signal <rx_data>.
    Found 1-bit register for signal <rx_valid>.
    Found 3-bit register for signal <bit_idx>.
    Found 3-bit adder for signal <bit_idx$addsub0000> created at line 72.
    Found 16-bit register for signal <clk_cnt>.
    Found 16-bit adder for signal <clk_cnt$share0000> created at line 41.
    Found 1-bit register for signal <rx_m>.
    Found 1-bit register for signal <rx_s>.
    Found 8-bit register for signal <shreg>.
    Found 16-bit comparator less for signal <state$cmp_lt0000> created at line 63.
    Summary:
	inferred   1 Finite State Machine(s).
	inferred  38 D-type flip-flop(s).
	inferred   2 Adder/Subtractor(s).
	inferred   1 Comparator(s).
Unit <uart_rx> synthesized.


Synthesizing Unit <uart_tx>.
    Related source file is "../../../../home/mohamed-esam/sscs2026-conv-accel/rtl/uart_tx.v".
INFO:Xst:2117 - HDL ADVISOR - Mux Selector <state> of Case statement line 35 was re-encoded using one-hot encoding. The case statement will be optimized (default statement optimization), but this optimization may lead to design initialization problems. To ensure the design works safely, you can:
   	- add an 'INIT' attribute on signal <state> (optimization is then done without any risk)
   	- use the attribute 'signal_encoding user' to avoid onehot optimization
   	- use the attribute 'safe_implementation yes' to force XST to perform a safe (but less efficient) optimization
    Found finite state machine <FSM_1> for signal <state>.
    -----------------------------------------------------------------------
    | States             | 4                                              |
    | Transitions        | 9                                              |
    | Inputs             | 3                                              |
    | Outputs            | 6                                              |
    | Clock              | clk                       (rising_edge)        |
    | Reset              | rst                       (positive)           |
    | Reset type         | synchronous                                    |
    | Reset State        | 00                                             |
    | Encoding           | automatic                                      |
    | Implementation     | LUT                                            |
    -----------------------------------------------------------------------
    Found 1-bit register for signal <tx_busy>.
    Found 1-bit register for signal <tx>.
    Found 1-bit register for signal <tx_done>.
    Found 3-bit register for signal <bit_idx>.
    Found 3-bit adder for signal <bit_idx$addsub0000> created at line 65.
    Found 16-bit register for signal <clk_cnt>.
    Found 16-bit adder for signal <clk_cnt$addsub0000>.
    Found 8-bit register for signal <shreg>.
    Found 16-bit comparator less for signal <state$cmp_lt0000> created at line 51.
    Summary:
	inferred   1 Finite State Machine(s).
	inferred  30 D-type flip-flop(s).
	inferred   2 Adder/Subtractor(s).
	inferred   1 Comparator(s).
	inferred   1 Multiplexer(s).
Unit <uart_tx> synthesized.


Synthesizing Unit <conv_accel>.
    Related source file is "../../../../home/mohamed-esam/sscs2026-conv-accel/rtl/conv_accel.v".
    Found 16-bit register for signal <out_pixel>.
    Found 1-bit register for signal <out_valid>.
    Found 8-bit register for signal <c0>.
    Found 8-bit register for signal <c1>.
    Found 8-bit register for signal <c2>.
    Found 8-bit register for signal <c3>.
    Found 8-bit register for signal <c4>.
    Found 8-bit register for signal <c5>.
    Found 8-bit register for signal <c6>.
    Found 8-bit register for signal <c7>.
    Found 8-bit register for signal <c8>.
    Found 16-bit up counter for signal <col_cnt>.
    Found 256-bit register for signal <lb0>.
    Found 256-bit register for signal <lb1>.
    Found 17-bit register for signal <p0>.
    Found 9x8-bit multiplier for signal <p0$mult0000> created at line 171.
    Found 17-bit register for signal <p1>.
    Found 9x8-bit multiplier for signal <p1$mult0000> created at line 172.
    Found 17-bit register for signal <p2>.
    Found 9x8-bit multiplier for signal <p2$mult0000> created at line 173.
    Found 17-bit register for signal <p3>.
    Found 9x8-bit multiplier for signal <p3$mult0000> created at line 174.
    Found 17-bit register for signal <p4>.
    Found 9x8-bit multiplier for signal <p4$mult0000> created at line 175.
    Found 17-bit register for signal <p5>.
    Found 9x8-bit multiplier for signal <p5$mult0000> created at line 176.
    Found 17-bit register for signal <p6>.
    Found 9x8-bit multiplier for signal <p6$mult0000> created at line 177.
    Found 17-bit register for signal <p7>.
    Found 9x8-bit multiplier for signal <p7$mult0000> created at line 178.
    Found 17-bit register for signal <p8>.
    Found 9x8-bit multiplier for signal <p8$mult0000> created at line 179.
    Found 16-bit up counter for signal <row_cnt>.
    Found 22-bit register for signal <rs0>.
    Found 19-bit adder for signal <rs0$add0000> created at line 191.
    Found 18-bit adder for signal <rs0$add0001> created at line 191.
    Found 22-bit register for signal <rs1>.
    Found 19-bit adder for signal <rs1$add0000> created at line 192.
    Found 18-bit adder for signal <rs1$add0001> created at line 192.
    Found 22-bit register for signal <rs2>.
    Found 19-bit adder for signal <rs2$add0000> created at line 193.
    Found 18-bit adder for signal <rs2$add0001> created at line 193.
    Found 23-bit comparator greater for signal <sat$cmp_gt0000> created at line 203.
    Found 32-bit comparator less for signal <sat$cmp_lt0000> created at line 203.
    Found 22-bit adder for signal <total>.
    Found 22-bit adder for signal <total$addsub0000> created at line 201.
    Found 1-bit register for signal <v1>.
    Found 1-bit register for signal <v2>.
    Found 8-bit register for signal <w00>.
    Found 8-bit register for signal <w01>.
    Found 8-bit register for signal <w02>.
    Found 8-bit register for signal <w10>.
    Found 8-bit register for signal <w11>.
    Found 8-bit register for signal <w12>.
    Found 8-bit register for signal <w20>.
    Found 8-bit register for signal <w21>.
    Found 8-bit register for signal <w22>.
    Found 16-bit comparator greatequal for signal <win_valid$cmp_ge0000> created at line 133.
    Found 16-bit comparator greatequal for signal <win_valid$cmp_ge0001> created at line 133.
    Found 1-bit register for signal <win_valid_q>.
INFO:Xst:738 - HDL ADVISOR - 256 flip-flops were inferred for signal <lb0>. You may be trying to describe a RAM in a way that is incompatible with block and distributed RAM resources available on Xilinx devices, or with a specific template that is not supported. Please review the Xilinx resources documentation and the XST user manual for coding guidelines. Taking advantage of RAM resources will lead to improved device usage and reduced synthesis time.
INFO:Xst:738 - HDL ADVISOR - 256 flip-flops were inferred for signal <lb1>. You may be trying to describe a RAM in a way that is incompatible with block and distributed RAM resources available on Xilinx devices, or with a specific template that is not supported. Please review the Xilinx resources documentation and the XST user manual for coding guidelines. Taking advantage of RAM resources will lead to improved device usage and reduced synthesis time.
    Summary:
	inferred   2 Counter(s).
	inferred 895 D-type flip-flop(s).
	inferred   8 Adder/Subtractor(s).
	inferred   9 Multiplier(s).
	inferred   4 Comparator(s).
Unit <conv_accel> synthesized.


Synthesizing Unit <conv_top>.
    Related source file is "../../../../home/mohamed-esam/sscs2026-conv-accel/rtl/conv_top.v".
    Found finite state machine <FSM_2> for signal <state>.
    -----------------------------------------------------------------------
    | States             | 7                                              |
    | Transitions        | 18                                             |
    | Inputs             | 7                                              |
    | Outputs            | 11                                             |
    | Clock              | clk                       (rising_edge)        |
    | Reset              | rst                       (positive)           |
    | Reset type         | synchronous                                    |
    | Reset State        | 000                                            |
    | Encoding           | automatic                                      |
    | Implementation     | LUT                                            |
    -----------------------------------------------------------------------
    Found 1-bit register for signal <done_led>.
    Found 4-bit register for signal <coef_addr>.
    Found 16-bit up counter for signal <coef_cnt>.
    Found 8-bit register for signal <coef_din>.
    Found 1-bit register for signal <coef_we>.
    Found 8-bit register for signal <in_pixel>.
    Found 1-bit register for signal <in_valid>.
    Found 1-bit register for signal <pend_clr>.
    Found 16-bit register for signal <pend_data>.
    Found 1-bit register for signal <pend_valid>.
    Found 16-bit up counter for signal <pix_cnt>.
    Found 8-bit register for signal <tx_data>.
    Found 1-bit register for signal <tx_sent>.
    Found 1-bit register for signal <tx_start>.
    Found 4-bit register for signal <wait_cnt>.
    Found 4-bit adder for signal <wait_cnt$addsub0000> created at line 177.
    Summary:
	inferred   1 Finite State Machine(s).
	inferred   2 Counter(s).
	inferred  55 D-type flip-flop(s).
	inferred   1 Adder/Subtractor(s).
Unit <conv_top> synthesized.

INFO:Xst:1767 - HDL ADVISOR - Resource sharing has identified that some arithmetic operations in this design can share the same physical resources for reduced device utilization. For improved clock frequency you may try to disable resource sharing.

=========================================================================
HDL Synthesis Report

Macro Statistics
# Multipliers                                          : 9
 9x8-bit multiplier                                    : 9
# Adders/Subtractors                                   : 13
 16-bit adder                                          : 2
 18-bit adder                                          : 3
 19-bit adder                                          : 3
 22-bit adder                                          : 2
 3-bit adder                                           : 2
 4-bit adder                                           : 1
# Counters                                             : 4
 16-bit up counter                                     : 4
# Registers                                            : 70
 1-bit register                                        : 25
 16-bit register                                       : 4
 17-bit register                                       : 9
 22-bit register                                       : 3
 256-bit register                                      : 2
 3-bit register                                        : 2
 4-bit register                                        : 2
 8-bit register                                        : 23
# Comparators                                          : 6
 16-bit comparator greatequal                          : 2
 16-bit comparator less                                : 2
 23-bit comparator greater                             : 1
 32-bit comparator less                                : 1
# Multiplexers                                         : 1
 1-bit 8-to-1 multiplexer                              : 1

=========================================================================

=========================================================================
*                       Advanced HDL Synthesis                          *
=========================================================================

Analyzing FSM <FSM_2> for best encoding.
Optimizing FSM <state/FSM> on signal <state[1:7]> with one-hot encoding.
-------------------
 State | Encoding
-------------------
 000   | 0000001
 001   | 0000010
 010   | 0000100
 011   | 0001000
 100   | 0010000
 101   | 1000000
 110   | 0100000
-------------------
Analyzing FSM <FSM_1> for best encoding.
Optimizing FSM <u_tx/state/FSM> on signal <state[1:2]> with gray encoding.
-------------------
 State | Encoding
-------------------
 00    | 00
 01    | 01
 10    | 11
 11    | 10
-------------------
Analyzing FSM <FSM_0> for best encoding.
Optimizing FSM <u_rx/state/FSM> on signal <state[1:3]> with gray encoding.
-------------------
 State | Encoding
-------------------
 000   | 000
 001   | 001
 010   | 011
 011   | 010
 100   | 110
-------------------
INFO:Xst:2261 - The FF/Latch <rs0_18> in Unit <u_core> is equivalent to the following 3 FFs/Latches, which will be removed : <rs0_19> <rs0_20> <rs0_21> 
INFO:Xst:2261 - The FF/Latch <rs2_18> in Unit <u_core> is equivalent to the following 3 FFs/Latches, which will be removed : <rs2_19> <rs2_20> <rs2_21> 
INFO:Xst:2261 - The FF/Latch <lb0_0> in Unit <u_core> is equivalent to the following FF/Latch, which will be removed : <w22_0> 
INFO:Xst:2261 - The FF/Latch <lb0_1> in Unit <u_core> is equivalent to the following FF/Latch, which will be removed : <w22_1> 
INFO:Xst:2261 - The FF/Latch <lb0_2> in Unit <u_core> is equivalent to the following FF/Latch, which will be removed : <w22_2> 
INFO:Xst:2261 - The FF/Latch <lb1_2> in Unit <u_core> is equivalent to the following FF/Latch, which will be removed : <w12_2> 
INFO:Xst:2261 - The FF/Latch <rs1_18> in Unit <u_core> is equivalent to the following 3 FFs/Latches, which will be removed : <rs1_19> <rs1_20> <rs1_21> 
INFO:Xst:2261 - The FF/Latch <lb0_3> in Unit <u_core> is equivalent to the following FF/Latch, which will be removed : <w22_3> 
INFO:Xst:2261 - The FF/Latch <lb1_3> in Unit <u_core> is equivalent to the following FF/Latch, which will be removed : <w12_3> 
INFO:Xst:2261 - The FF/Latch <lb0_4> in Unit <u_core> is equivalent to the following FF/Latch, which will be removed : <w22_4> 
INFO:Xst:2261 - The FF/Latch <lb1_4> in Unit <u_core> is equivalent to the following FF/Latch, which will be removed : <w12_4> 
INFO:Xst:2261 - The FF/Latch <lb0_5> in Unit <u_core> is equivalent to the following FF/Latch, which will be removed : <w22_5> 
INFO:Xst:2261 - The FF/Latch <lb1_0> in Unit <u_core> is equivalent to the following FF/Latch, which will be removed : <w12_0> 
INFO:Xst:2261 - The FF/Latch <lb1_5> in Unit <u_core> is equivalent to the following FF/Latch, which will be removed : <w12_5> 
INFO:Xst:2261 - The FF/Latch <lb0_6> in Unit <u_core> is equivalent to the following FF/Latch, which will be removed : <w22_6> 
INFO:Xst:2261 - The FF/Latch <lb1_1> in Unit <u_core> is equivalent to the following FF/Latch, which will be removed : <w12_1> 
INFO:Xst:2261 - The FF/Latch <lb1_6> in Unit <u_core> is equivalent to the following FF/Latch, which will be removed : <w12_6> 
INFO:Xst:2261 - The FF/Latch <lb0_7> in Unit <u_core> is equivalent to the following FF/Latch, which will be removed : <w22_7> 
INFO:Xst:2261 - The FF/Latch <lb1_7> in Unit <u_core> is equivalent to the following FF/Latch, which will be removed : <w12_7> 

Synthesizing (advanced) Unit <conv_accel>.
	Found pipelined multiplier on signal <p0_mult0000>:
		- 1 pipeline level(s) found in a register connected to the multiplier macro output.
		Pushing register(s) into the multiplier macro.

		- 2 pipeline level(s) found in a register on signal <w00>.
		Pushing register(s) into the multiplier macro.

		- 1 pipeline level(s) found in a register on signal <c0>.
		Pushing register(s) into the multiplier macro.
	Found pipelined multiplier on signal <p1_mult0000>:
		- 1 pipeline level(s) found in a register connected to the multiplier macro output.
		Pushing register(s) into the multiplier macro.

		- 2 pipeline level(s) found in a register on signal <w01>.
		Pushing register(s) into the multiplier macro.

		- 1 pipeline level(s) found in a register on signal <c1>.
		Pushing register(s) into the multiplier macro.
	Found pipelined multiplier on signal <p3_mult0000>:
		- 1 pipeline level(s) found in a register connected to the multiplier macro output.
		Pushing register(s) into the multiplier macro.

		- 2 pipeline level(s) found in a register on signal <w10>.
		Pushing register(s) into the multiplier macro.

		- 1 pipeline level(s) found in a register on signal <c3>.
		Pushing register(s) into the multiplier macro.
	Found pipelined multiplier on signal <p2_mult0000>:
		- 1 pipeline level(s) found in a register connected to the multiplier macro output.
		Pushing register(s) into the multiplier macro.

		- 2 pipeline level(s) found in a register on signal <w02>.
		Pushing register(s) into the multiplier macro.

		- 1 pipeline level(s) found in a register on signal <c2>.
		Pushing register(s) into the multiplier macro.
	Found pipelined multiplier on signal <p4_mult0000>:
		- 1 pipeline level(s) found in a register connected to the multiplier macro output.
		Pushing register(s) into the multiplier macro.

		- 2 pipeline level(s) found in a register on signal <w11>.
		Pushing register(s) into the multiplier macro.

		- 1 pipeline level(s) found in a register on signal <c4>.
		Pushing register(s) into the multiplier macro.
	Found pipelined multiplier on signal <p6_mult0000>:
		- 1 pipeline level(s) found in a register connected to the multiplier macro output.
		Pushing register(s) into the multiplier macro.

		- 2 pipeline level(s) found in a register on signal <w20>.
		Pushing register(s) into the multiplier macro.

		- 1 pipeline level(s) found in a register on signal <c6>.
		Pushing register(s) into the multiplier macro.
	Found pipelined multiplier on signal <p5_mult0000>:
		- 1 pipeline level(s) found in a register connected to the multiplier macro output.
		Pushing register(s) into the multiplier macro.

		- 2 pipeline level(s) found in a register on signal <w12>.
		Pushing register(s) into the multiplier macro.

		- 1 pipeline level(s) found in a register on signal <c5>.
		Pushing register(s) into the multiplier macro.
	Found pipelined multiplier on signal <p7_mult0000>:
		- 1 pipeline level(s) found in a register connected to the multiplier macro output.
		Pushing register(s) into the multiplier macro.

		- 2 pipeline level(s) found in a register on signal <w21>.
		Pushing register(s) into the multiplier macro.

		- 1 pipeline level(s) found in a register on signal <c7>.
		Pushing register(s) into the multiplier macro.
	Found pipelined multiplier on signal <p8_mult0000>:
		- 1 pipeline level(s) found in a register connected to the multiplier macro output.
		Pushing register(s) into the multiplier macro.

		- 1 pipeline level(s) found in a register on signal <w22>.
		Pushing register(s) into the multiplier macro.

		- 1 pipeline level(s) found in a register on signal <c8>.
		Pushing register(s) into the multiplier macro.
INFO:Xst:2385 - HDL ADVISOR - You can improve the performance of the multiplier Mmult_p0_mult0000 by adding 1 register level(s).
INFO:Xst:2385 - HDL ADVISOR - You can improve the performance of the multiplier Mmult_p1_mult0000 by adding 1 register level(s).
INFO:Xst:2385 - HDL ADVISOR - You can improve the performance of the multiplier Mmult_p3_mult0000 by adding 1 register level(s).
INFO:Xst:2385 - HDL ADVISOR - You can improve the performance of the multiplier Mmult_p2_mult0000 by adding 1 register level(s).
INFO:Xst:2385 - HDL ADVISOR - You can improve the performance of the multiplier Mmult_p4_mult0000 by adding 1 register level(s).
INFO:Xst:2385 - HDL ADVISOR - You can improve the performance of the multiplier Mmult_p6_mult0000 by adding 1 register level(s).
INFO:Xst:2385 - HDL ADVISOR - You can improve the performance of the multiplier Mmult_p5_mult0000 by adding 1 register level(s).
INFO:Xst:2385 - HDL ADVISOR - You can improve the performance of the multiplier Mmult_p7_mult0000 by adding 1 register level(s).
INFO:Xst:2385 - HDL ADVISOR - You can improve the performance of the multiplier Mmult_p8_mult0000 by adding 1 register level(s).
Unit <conv_accel> synthesized (advanced).

=========================================================================
Advanced HDL Synthesis Report

Macro Statistics
# FSMs                                                 : 3
# Multipliers                                          : 9
 9x8-bit registered multiplier                         : 9
# Adders/Subtractors                                   : 13
 16-bit adder                                          : 2
 18-bit adder                                          : 3
 19-bit adder                                          : 3
 22-bit adder                                          : 2
 3-bit adder                                           : 2
 4-bit adder                                           : 1
# Counters                                             : 4
 16-bit up counter                                     : 4
# Registers                                            : 745
 Flip-Flops                                            : 745
# Comparators                                          : 6
 16-bit comparator greatequal                          : 2
 16-bit comparator less                                : 2
 23-bit comparator greater                             : 1
 32-bit comparator less                                : 1
# Multiplexers                                         : 1
 1-bit 8-to-1 multiplexer                              : 1

=========================================================================

=========================================================================
*                         Low Level Synthesis                           *
=========================================================================
INFO:Xst:2261 - The FF/Latch <rs0_18> in Unit <conv_accel> is equivalent to the following 3 FFs/Latches, which will be removed : <rs0_19> <rs0_20> <rs0_21> 
INFO:Xst:2261 - The FF/Latch <rs2_18> in Unit <conv_accel> is equivalent to the following 3 FFs/Latches, which will be removed : <rs2_19> <rs2_20> <rs2_21> 
INFO:Xst:2261 - The FF/Latch <lb0_0> in Unit <conv_accel> is equivalent to the following FF/Latch, which will be removed : <w22_0> 
INFO:Xst:2261 - The FF/Latch <lb0_1> in Unit <conv_accel> is equivalent to the following FF/Latch, which will be removed : <w22_1> 
INFO:Xst:2261 - The FF/Latch <lb0_2> in Unit <conv_accel> is equivalent to the following FF/Latch, which will be removed : <w22_2> 
INFO:Xst:2261 - The FF/Latch <lb1_2> in Unit <conv_accel> is equivalent to the following FF/Latch, which will be removed : <w12_2> 
INFO:Xst:2261 - The FF/Latch <rs1_18> in Unit <conv_accel> is equivalent to the following 3 FFs/Latches, which will be removed : <rs1_19> <rs1_20> <rs1_21> 
INFO:Xst:2261 - The FF/Latch <lb0_3> in Unit <conv_accel> is equivalent to the following FF/Latch, which will be removed : <w22_3> 
INFO:Xst:2261 - The FF/Latch <lb1_3> in Unit <conv_accel> is equivalent to the following FF/Latch, which will be removed : <w12_3> 
INFO:Xst:2261 - The FF/Latch <lb0_4> in Unit <conv_accel> is equivalent to the following FF/Latch, which will be removed : <w22_4> 
INFO:Xst:2261 - The FF/Latch <lb1_4> in Unit <conv_accel> is equivalent to the following FF/Latch, which will be removed : <w12_4> 
INFO:Xst:2261 - The FF/Latch <lb0_5> in Unit <conv_accel> is equivalent to the following FF/Latch, which will be removed : <w22_5> 
INFO:Xst:2261 - The FF/Latch <lb1_0> in Unit <conv_accel> is equivalent to the following FF/Latch, which will be removed : <w12_0> 
INFO:Xst:2261 - The FF/Latch <lb1_5> in Unit <conv_accel> is equivalent to the following FF/Latch, which will be removed : <w12_5> 
INFO:Xst:2261 - The FF/Latch <lb0_6> in Unit <conv_accel> is equivalent to the following FF/Latch, which will be removed : <w22_6> 
INFO:Xst:2261 - The FF/Latch <lb1_1> in Unit <conv_accel> is equivalent to the following FF/Latch, which will be removed : <w12_1> 
INFO:Xst:2261 - The FF/Latch <lb1_6> in Unit <conv_accel> is equivalent to the following FF/Latch, which will be removed : <w12_6> 
INFO:Xst:2261 - The FF/Latch <lb0_7> in Unit <conv_accel> is equivalent to the following FF/Latch, which will be removed : <w22_7> 
INFO:Xst:2261 - The FF/Latch <lb1_7> in Unit <conv_accel> is equivalent to the following FF/Latch, which will be removed : <w12_7> 
WARNING:Xst:1710 - FF/Latch <Mmult_p8_mult0000_0> (without init value) has a constant value of 0 in block <conv_accel>. This FF/Latch will be trimmed during the optimization process.
WARNING:Xst:1895 - Due to other FF/Latch trimming, FF/Latch <Mmult_p5_mult0000_0> (without init value) has a constant value of 0 in block <conv_accel>. This FF/Latch will be trimmed during the optimization process.
WARNING:Xst:1895 - Due to other FF/Latch trimming, FF/Latch <Mmult_p6_mult0000_0> (without init value) has a constant value of 0 in block <conv_accel>. This FF/Latch will be trimmed during the optimization process.
WARNING:Xst:1895 - Due to other FF/Latch trimming, FF/Latch <Mmult_p7_mult0000_0> (without init value) has a constant value of 0 in block <conv_accel>. This FF/Latch will be trimmed during the optimization process.
WARNING:Xst:1895 - Due to other FF/Latch trimming, FF/Latch <Mmult_p2_mult0000_0> (without init value) has a constant value of 0 in block <conv_accel>. This FF/Latch will be trimmed during the optimization process.
WARNING:Xst:1895 - Due to other FF/Latch trimming, FF/Latch <Mmult_p3_mult0000_0> (without init value) has a constant value of 0 in block <conv_accel>. This FF/Latch will be trimmed during the optimization process.
WARNING:Xst:1895 - Due to other FF/Latch trimming, FF/Latch <Mmult_p4_mult0000_0> (without init value) has a constant value of 0 in block <conv_accel>. This FF/Latch will be trimmed during the optimization process.
WARNING:Xst:1895 - Due to other FF/Latch trimming, FF/Latch <Mmult_p0_mult0000_0> (without init value) has a constant value of 0 in block <conv_accel>. This FF/Latch will be trimmed during the optimization process.
WARNING:Xst:1895 - Due to other FF/Latch trimming, FF/Latch <Mmult_p1_mult0000_0> (without init value) has a constant value of 0 in block <conv_accel>. This FF/Latch will be trimmed during the optimization process.
WARNING:Xst:1895 - Due to other FF/Latch trimming, FF/Latch <Mmult_p1_mult00001_0> (without init value) has a constant value of 0 in block <conv_accel>. This FF/Latch will be trimmed during the optimization process.
WARNING:Xst:1895 - Due to other FF/Latch trimming, FF/Latch <Mmult_p0_mult00001_0> (without init value) has a constant value of 0 in block <conv_accel>. This FF/Latch will be trimmed during the optimization process.
WARNING:Xst:1895 - Due to other FF/Latch trimming, FF/Latch <Mmult_p4_mult00001_0> (without init value) has a constant value of 0 in block <conv_accel>. This FF/Latch will be trimmed during the optimization process.
WARNING:Xst:1895 - Due to other FF/Latch trimming, FF/Latch <Mmult_p3_mult00001_0> (without init value) has a constant value of 0 in block <conv_accel>. This FF/Latch will be trimmed during the optimization process.
WARNING:Xst:1895 - Due to other FF/Latch trimming, FF/Latch <Mmult_p2_mult00001_0> (without init value) has a constant value of 0 in block <conv_accel>. This FF/Latch will be trimmed during the optimization process.
WARNING:Xst:1895 - Due to other FF/Latch trimming, FF/Latch <Mmult_p7_mult00001_0> (without init value) has a constant value of 0 in block <conv_accel>. This FF/Latch will be trimmed during the optimization process.
WARNING:Xst:1895 - Due to other FF/Latch trimming, FF/Latch <Mmult_p6_mult00001_0> (without init value) has a constant value of 0 in block <conv_accel>. This FF/Latch will be trimmed during the optimization process.
WARNING:Xst:1895 - Due to other FF/Latch trimming, FF/Latch <Mmult_p5_mult00001_0> (without init value) has a constant value of 0 in block <conv_accel>. This FF/Latch will be trimmed during the optimization process.
INFO:Xst:2261 - The FF/Latch <lb1_253> in Unit <conv_accel> is equivalent to the following FF/Latch, which will be removed : <Mmult_p2_mult0000_3> 
INFO:Xst:2261 - The FF/Latch <w02_2> in Unit <conv_accel> is equivalent to the following FF/Latch, which will be removed : <Mmult_p1_mult0000_6> 
INFO:Xst:2261 - The FF/Latch <lb1_254> in Unit <conv_accel> is equivalent to the following FF/Latch, which will be removed : <Mmult_p2_mult0000_2> 
INFO:Xst:2261 - The FF/Latch <w02_3> in Unit <conv_accel> is equivalent to the following FF/Latch, which will be removed : <Mmult_p1_mult0000_5> 
INFO:Xst:2261 - The FF/Latch <lb1_255> in Unit <conv_accel> is equivalent to the following FF/Latch, which will be removed : <Mmult_p2_mult0000_1> 
INFO:Xst:2261 - The FF/Latch <w02_4> in Unit <conv_accel> is equivalent to the following FF/Latch, which will be removed : <Mmult_p1_mult0000_4> 
INFO:Xst:2261 - The FF/Latch <w02_0> in Unit <conv_accel> is equivalent to the following FF/Latch, which will be removed : <Mmult_p1_mult0000_8> 
INFO:Xst:2261 - The FF/Latch <w02_5> in Unit <conv_accel> is equivalent to the following FF/Latch, which will be removed : <Mmult_p1_mult0000_3> 
INFO:Xst:2261 - The FF/Latch <lb1_8> in Unit <conv_accel> is equivalent to the following FF/Latch, which will be removed : <Mmult_p3_mult0000_8> 
INFO:Xst:2261 - The FF/Latch <w02_1> in Unit <conv_accel> is equivalent to the following FF/Latch, which will be removed : <Mmult_p1_mult0000_7> 
INFO:Xst:2261 - The FF/Latch <w02_6> in Unit <conv_accel> is equivalent to the following FF/Latch, which will be removed : <Mmult_p1_mult0000_2> 
INFO:Xst:2261 - The FF/Latch <lb1_9> in Unit <conv_accel> is equivalent to the following FF/Latch, which will be removed : <Mmult_p3_mult0000_7> 
INFO:Xst:2261 - The FF/Latch <w02_7> in Unit <conv_accel> is equivalent to the following FF/Latch, which will be removed : <Mmult_p1_mult0000_1> 
INFO:Xst:2261 - The FF/Latch <lb1_10> in Unit <conv_accel> is equivalent to the following FF/Latch, which will be removed : <Mmult_p3_mult0000_6> 
INFO:Xst:2261 - The FF/Latch <lb1_11> in Unit <conv_accel> is equivalent to the following FF/Latch, which will be removed : <Mmult_p3_mult0000_5> 
INFO:Xst:2261 - The FF/Latch <lb1_12> in Unit <conv_accel> is equivalent to the following FF/Latch, which will be removed : <Mmult_p3_mult0000_4> 
INFO:Xst:2261 - The FF/Latch <lb1_13> in Unit <conv_accel> is equivalent to the following FF/Latch, which will be removed : <Mmult_p3_mult0000_3> 
INFO:Xst:2261 - The FF/Latch <lb1_14> in Unit <conv_accel> is equivalent to the following FF/Latch, which will be removed : <Mmult_p3_mult0000_2> 
INFO:Xst:2261 - The FF/Latch <lb1_15> in Unit <conv_accel> is equivalent to the following FF/Latch, which will be removed : <Mmult_p3_mult0000_1> 
INFO:Xst:2261 - The FF/Latch <lb0_8> in Unit <conv_accel> is equivalent to the following FF/Latch, which will be removed : <Mmult_p6_mult0000_8> 
INFO:Xst:2261 - The FF/Latch <lb0_9> in Unit <conv_accel> is equivalent to the following FF/Latch, which will be removed : <Mmult_p6_mult0000_7> 
INFO:Xst:2261 - The FF/Latch <lb0_10> in Unit <conv_accel> is equivalent to the following FF/Latch, which will be removed : <Mmult_p6_mult0000_6> 
INFO:Xst:2261 - The FF/Latch <lb0_11> in Unit <conv_accel> is equivalent to the following FF/Latch, which will be removed : <Mmult_p6_mult0000_5> 
INFO:Xst:2261 - The FF/Latch <lb0_12> in Unit <conv_accel> is equivalent to the following FF/Latch, which will be removed : <Mmult_p6_mult0000_4> 
INFO:Xst:2261 - The FF/Latch <lb0_13> in Unit <conv_accel> is equivalent to the following FF/Latch, which will be removed : <Mmult_p6_mult0000_3> 
INFO:Xst:2261 - The FF/Latch <lb0_14> in Unit <conv_accel> is equivalent to the following FF/Latch, which will be removed : <Mmult_p6_mult0000_2> 
INFO:Xst:2261 - The FF/Latch <lb0_15> in Unit <conv_accel> is equivalent to the following FF/Latch, which will be removed : <Mmult_p6_mult0000_1> 
INFO:Xst:2261 - The FF/Latch <lb0_248> in Unit <conv_accel> is equivalent to the following FF/Latch, which will be removed : <Mmult_p5_mult0000_8> 
INFO:Xst:2261 - The FF/Latch <lb0_249> in Unit <conv_accel> is equivalent to the following FF/Latch, which will be removed : <Mmult_p5_mult0000_7> 
INFO:Xst:2261 - The FF/Latch <lb0_250> in Unit <conv_accel> is equivalent to the following FF/Latch, which will be removed : <Mmult_p5_mult0000_6> 
INFO:Xst:2261 - The FF/Latch <lb0_0> in Unit <conv_accel> is equivalent to the following 2 FFs/Latches, which will be removed : <Mmult_p7_mult0000_8> <Mmult_p8_mult0000_8> 
INFO:Xst:2261 - The FF/Latch <lb0_251> in Unit <conv_accel> is equivalent to the following FF/Latch, which will be removed : <Mmult_p5_mult0000_5> 
INFO:Xst:2261 - The FF/Latch <lb0_1> in Unit <conv_accel> is equivalent to the following 2 FFs/Latches, which will be removed : <Mmult_p7_mult0000_7> <Mmult_p8_mult0000_7> 
INFO:Xst:2261 - The FF/Latch <lb0_252> in Unit <conv_accel> is equivalent to the following FF/Latch, which will be removed : <Mmult_p5_mult0000_4> 
INFO:Xst:2261 - The FF/Latch <lb0_2> in Unit <conv_accel> is equivalent to the following 2 FFs/Latches, which will be removed : <Mmult_p7_mult0000_6> <Mmult_p8_mult0000_6> 
INFO:Xst:2261 - The FF/Latch <lb0_253> in Unit <conv_accel> is equivalent to the following FF/Latch, which will be removed : <Mmult_p5_mult0000_3> 
INFO:Xst:2261 - The FF/Latch <lb1_2> in Unit <conv_accel> is equivalent to the following FF/Latch, which will be removed : <Mmult_p4_mult0000_6> 
INFO:Xst:2261 - The FF/Latch <lb0_3> in Unit <conv_accel> is equivalent to the following 2 FFs/Latches, which will be removed : <Mmult_p7_mult0000_5> <Mmult_p8_mult0000_5> 
INFO:Xst:2261 - The FF/Latch <lb0_254> in Unit <conv_accel> is equivalent to the following FF/Latch, which will be removed : <Mmult_p5_mult0000_2> 
INFO:Xst:2261 - The FF/Latch <lb1_3> in Unit <conv_accel> is equivalent to the following FF/Latch, which will be removed : <Mmult_p4_mult0000_5> 
INFO:Xst:2261 - The FF/Latch <lb0_4> in Unit <conv_accel> is equivalent to the following 2 FFs/Latches, which will be removed : <Mmult_p7_mult0000_4> <Mmult_p8_mult0000_4> 
INFO:Xst:2261 - The FF/Latch <lb0_255> in Unit <conv_accel> is equivalent to the following FF/Latch, which will be removed : <Mmult_p5_mult0000_1> 
INFO:Xst:2261 - The FF/Latch <lb1_4> in Unit <conv_accel> is equivalent to the following FF/Latch, which will be removed : <Mmult_p4_mult0000_4> 
INFO:Xst:2261 - The FF/Latch <lb1_248> in Unit <conv_accel> is equivalent to the following FF/Latch, which will be removed : <Mmult_p2_mult0000_8> 
INFO:Xst:2261 - The FF/Latch <lb0_5> in Unit <conv_accel> is equivalent to the following 2 FFs/Latches, which will be removed : <Mmult_p7_mult0000_3> <Mmult_p8_mult0000_3> 
INFO:Xst:2261 - The FF/Latch <lb1_0> in Unit <conv_accel> is equivalent to the following FF/Latch, which will be removed : <Mmult_p4_mult0000_8> 
INFO:Xst:2261 - The FF/Latch <lb1_5> in Unit <conv_accel> is equivalent to the following FF/Latch, which will be removed : <Mmult_p4_mult0000_3> 
INFO:Xst:2261 - The FF/Latch <lb1_249> in Unit <conv_accel> is equivalent to the following FF/Latch, which will be removed : <Mmult_p2_mult0000_7> 
INFO:Xst:2261 - The FF/Latch <lb0_6> in Unit <conv_accel> is equivalent to the following 2 FFs/Latches, which will be removed : <Mmult_p7_mult0000_2> <Mmult_p8_mult0000_2> 
INFO:Xst:2261 - The FF/Latch <lb1_1> in Unit <conv_accel> is equivalent to the following FF/Latch, which will be removed : <Mmult_p4_mult0000_7> 
INFO:Xst:2261 - The FF/Latch <lb1_6> in Unit <conv_accel> is equivalent to the following FF/Latch, which will be removed : <Mmult_p4_mult0000_2> 
INFO:Xst:2261 - The FF/Latch <lb1_250> in Unit <conv_accel> is equivalent to the following FF/Latch, which will be removed : <Mmult_p2_mult0000_6> 
INFO:Xst:2261 - The FF/Latch <lb0_7> in Unit <conv_accel> is equivalent to the following 2 FFs/Latches, which will be removed : <Mmult_p7_mult0000_1> <Mmult_p8_mult0000_1> 
INFO:Xst:2261 - The FF/Latch <lb1_7> in Unit <conv_accel> is equivalent to the following FF/Latch, which will be removed : <Mmult_p4_mult0000_1> 
INFO:Xst:2261 - The FF/Latch <lb1_251> in Unit <conv_accel> is equivalent to the following FF/Latch, which will be removed : <Mmult_p2_mult0000_5> 
INFO:Xst:2261 - The FF/Latch <lb1_252> in Unit <conv_accel> is equivalent to the following FF/Latch, which will be removed : <Mmult_p2_mult0000_4> 
INFO:Xst:2261 - The FF/Latch <lb0_9> in Unit <conv_accel> is equivalent to the following FF/Latch, which will be removed : <Mmult_p7_mult00001_7> 
INFO:Xst:2261 - The FF/Latch <lb0_10> in Unit <conv_accel> is equivalent to the following FF/Latch, which will be removed : <Mmult_p7_mult00001_6> 
INFO:Xst:2261 - The FF/Latch <lb0_11> in Unit <conv_accel> is equivalent to the following FF/Latch, which will be removed : <Mmult_p7_mult00001_5> 
INFO:Xst:2261 - The FF/Latch <lb0_12> in Unit <conv_accel> is equivalent to the following FF/Latch, which will be removed : <Mmult_p7_mult00001_4> 
INFO:Xst:2261 - The FF/Latch <lb0_13> in Unit <conv_accel> is equivalent to the following FF/Latch, which will be removed : <Mmult_p7_mult00001_3> 
INFO:Xst:2261 - The FF/Latch <lb0_14> in Unit <conv_accel> is equivalent to the following FF/Latch, which will be removed : <Mmult_p7_mult00001_2> 
INFO:Xst:2261 - The FF/Latch <lb0_15> in Unit <conv_accel> is equivalent to the following FF/Latch, which will be removed : <Mmult_p7_mult00001_1> 
INFO:Xst:2261 - The FF/Latch <lb1_0> in Unit <conv_accel> is equivalent to the following FF/Latch, which will be removed : <Mmult_p5_mult00001_8> 
INFO:Xst:2261 - The FF/Latch <lb1_1> in Unit <conv_accel> is equivalent to the following FF/Latch, which will be removed : <Mmult_p5_mult00001_7> 
INFO:Xst:2261 - The FF/Latch <lb1_2> in Unit <conv_accel> is equivalent to the following FF/Latch, which will be removed : <Mmult_p5_mult00001_6> 
INFO:Xst:2261 - The FF/Latch <lb1_3> in Unit <conv_accel> is equivalent to the following FF/Latch, which will be removed : <Mmult_p5_mult00001_5> 
INFO:Xst:2261 - The FF/Latch <lb1_4> in Unit <conv_accel> is equivalent to the following FF/Latch, which will be removed : <Mmult_p5_mult00001_4> 
INFO:Xst:2261 - The FF/Latch <lb1_5> in Unit <conv_accel> is equivalent to the following FF/Latch, which will be removed : <Mmult_p5_mult00001_3> 
INFO:Xst:2261 - The FF/Latch <lb1_6> in Unit <conv_accel> is equivalent to the following FF/Latch, which will be removed : <Mmult_p5_mult00001_2> 
INFO:Xst:2261 - The FF/Latch <lb1_7> in Unit <conv_accel> is equivalent to the following FF/Latch, which will be removed : <Mmult_p5_mult00001_1> 
INFO:Xst:2261 - The FF/Latch <lb1_16> in Unit <conv_accel> is equivalent to the following FF/Latch, which will be removed : <Mmult_p3_mult00001_8> 
INFO:Xst:2261 - The FF/Latch <lb1_17> in Unit <conv_accel> is equivalent to the following FF/Latch, which will be removed : <Mmult_p3_mult00001_7> 
INFO:Xst:2261 - The FF/Latch <lb1_18> in Unit <conv_accel> is equivalent to the following FF/Latch, which will be removed : <Mmult_p3_mult00001_6> 
INFO:Xst:2261 - The FF/Latch <lb1_19> in Unit <conv_accel> is equivalent to the following FF/Latch, which will be removed : <Mmult_p3_mult00001_5> 
INFO:Xst:2261 - The FF/Latch <lb1_20> in Unit <conv_accel> is equivalent to the following FF/Latch, which will be removed : <Mmult_p3_mult00001_4> 
INFO:Xst:2261 - The FF/Latch <lb1_21> in Unit <conv_accel> is equivalent to the following FF/Latch, which will be removed : <Mmult_p3_mult00001_3> 
INFO:Xst:2261 - The FF/Latch <lb1_22> in Unit <conv_accel> is equivalent to the following FF/Latch, which will be removed : <Mmult_p3_mult00001_2> 
INFO:Xst:2261 - The FF/Latch <lb1_23> in Unit <conv_accel> is equivalent to the following FF/Latch, which will be removed : <Mmult_p3_mult00001_1> 
INFO:Xst:2261 - The FF/Latch <lb0_16> in Unit <conv_accel> is equivalent to the following FF/Latch, which will be removed : <Mmult_p6_mult00001_8> 
INFO:Xst:2261 - The FF/Latch <lb0_17> in Unit <conv_accel> is equivalent to the following FF/Latch, which will be removed : <Mmult_p6_mult00001_7> 
INFO:Xst:2261 - The FF/Latch <lb0_18> in Unit <conv_accel> is equivalent to the following FF/Latch, which will be removed : <Mmult_p6_mult00001_6> 
INFO:Xst:2261 - The FF/Latch <lb0_19> in Unit <conv_accel> is equivalent to the following FF/Latch, which will be removed : <Mmult_p6_mult00001_5> 
INFO:Xst:2261 - The FF/Latch <lb0_20> in Unit <conv_accel> is equivalent to the following FF/Latch, which will be removed : <Mmult_p6_mult00001_4> 
INFO:Xst:2261 - The FF/Latch <lb0_21> in Unit <conv_accel> is equivalent to the following FF/Latch, which will be removed : <Mmult_p6_mult00001_3> 
INFO:Xst:2261 - The FF/Latch <Mmult_p0_mult0000_8> in Unit <conv_accel> is equivalent to the following FF/Latch, which will be removed : <Mmult_p1_mult00001_8> 
INFO:Xst:2261 - The FF/Latch <lb0_22> in Unit <conv_accel> is equivalent to the following FF/Latch, which will be removed : <Mmult_p6_mult00001_2> 
INFO:Xst:2261 - The FF/Latch <Mmult_p0_mult0000_7> in Unit <conv_accel> is equivalent to the following FF/Latch, which will be removed : <Mmult_p1_mult00001_7> 
INFO:Xst:2261 - The FF/Latch <lb0_23> in Unit <conv_accel> is equivalent to the following FF/Latch, which will be removed : <Mmult_p6_mult00001_1> 
INFO:Xst:2261 - The FF/Latch <Mmult_p0_mult0000_6> in Unit <conv_accel> is equivalent to the following FF/Latch, which will be removed : <Mmult_p1_mult00001_6> 
INFO:Xst:2261 - The FF/Latch <Mmult_p0_mult0000_5> in Unit <conv_accel> is equivalent to the following FF/Latch, which will be removed : <Mmult_p1_mult00001_5> 
INFO:Xst:2261 - The FF/Latch <Mmult_p0_mult0000_4> in Unit <conv_accel> is equivalent to the following FF/Latch, which will be removed : <Mmult_p1_mult00001_4> 
INFO:Xst:2261 - The FF/Latch <Mmult_p0_mult0000_3> in Unit <conv_accel> is equivalent to the following FF/Latch, which will be removed : <Mmult_p1_mult00001_3> 
INFO:Xst:2261 - The FF/Latch <Mmult_p0_mult0000_2> in Unit <conv_accel> is equivalent to the following FF/Latch, which will be removed : <Mmult_p1_mult00001_2> 
INFO:Xst:2261 - The FF/Latch <Mmult_p0_mult0000_1> in Unit <conv_accel> is equivalent to the following FF/Latch, which will be removed : <Mmult_p1_mult00001_1> 
INFO:Xst:2261 - The FF/Latch <lb1_8> in Unit <conv_accel> is equivalent to the following FF/Latch, which will be removed : <Mmult_p4_mult00001_8> 
INFO:Xst:2261 - The FF/Latch <lb1_9> in Unit <conv_accel> is equivalent to the following FF/Latch, which will be removed : <Mmult_p4_mult00001_7> 
INFO:Xst:2261 - The FF/Latch <lb1_10> in Unit <conv_accel> is equivalent to the following FF/Latch, which will be removed : <Mmult_p4_mult00001_6> 
INFO:Xst:2261 - The FF/Latch <lb1_11> in Unit <conv_accel> is equivalent to the following FF/Latch, which will be removed : <Mmult_p4_mult00001_5> 
INFO:Xst:2261 - The FF/Latch <lb1_12> in Unit <conv_accel> is equivalent to the following FF/Latch, which will be removed : <Mmult_p4_mult00001_4> 
INFO:Xst:2261 - The FF/Latch <lb1_13> in Unit <conv_accel> is equivalent to the following FF/Latch, which will be removed : <Mmult_p4_mult00001_3> 
INFO:Xst:2261 - The FF/Latch <lb1_14> in Unit <conv_accel> is equivalent to the following FF/Latch, which will be removed : <Mmult_p4_mult00001_2> 
INFO:Xst:2261 - The FF/Latch <lb1_15> in Unit <conv_accel> is equivalent to the following FF/Latch, which will be removed : <Mmult_p4_mult00001_1> 
INFO:Xst:2261 - The FF/Latch <w02_0> in Unit <conv_accel> is equivalent to the following FF/Latch, which will be removed : <Mmult_p2_mult00001_8> 
INFO:Xst:2261 - The FF/Latch <w02_1> in Unit <conv_accel> is equivalent to the following FF/Latch, which will be removed : <Mmult_p2_mult00001_7> 
INFO:Xst:2261 - The FF/Latch <w02_2> in Unit <conv_accel> is equivalent to the following FF/Latch, which will be removed : <Mmult_p2_mult00001_6> 
INFO:Xst:2261 - The FF/Latch <w02_3> in Unit <conv_accel> is equivalent to the following FF/Latch, which will be removed : <Mmult_p2_mult00001_5> 
INFO:Xst:2261 - The FF/Latch <w02_4> in Unit <conv_accel> is equivalent to the following FF/Latch, which will be removed : <Mmult_p2_mult00001_4> 
INFO:Xst:2261 - The FF/Latch <w02_5> in Unit <conv_accel> is equivalent to the following FF/Latch, which will be removed : <Mmult_p2_mult00001_3> 
INFO:Xst:2261 - The FF/Latch <w02_6> in Unit <conv_accel> is equivalent to the following FF/Latch, which will be removed : <Mmult_p2_mult00001_2> 
INFO:Xst:2261 - The FF/Latch <w02_7> in Unit <conv_accel> is equivalent to the following FF/Latch, which will be removed : <Mmult_p2_mult00001_1> 
INFO:Xst:2261 - The FF/Latch <lb0_8> in Unit <conv_accel> is equivalent to the following FF/Latch, which will be removed : <Mmult_p7_mult00001_8> 

Optimizing unit <conv_top> ...

Optimizing unit <uart_rx> ...

Optimizing unit <uart_tx> ...

Optimizing unit <conv_accel> ...

Mapping all equations...
Building and optimizing final netlist ...
Found area constraint ratio of 100 (+ 5) on block conv_top, actual ratio is 8.

Final Macro Processing ...

Processing Unit <conv_top> :
	Found 2-bit shift register for signal <u_rx/rx_s>.
	Found 30-bit shift register for signal <u_core/w02_7>.
	Found 30-bit shift register for signal <u_core/w02_6>.
	Found 30-bit shift register for signal <u_core/w02_5>.
	Found 30-bit shift register for signal <u_core/w02_4>.
	Found 30-bit shift register for signal <u_core/w02_3>.
	Found 30-bit shift register for signal <u_core/w02_2>.
	Found 30-bit shift register for signal <u_core/w02_1>.
	Found 30-bit shift register for signal <u_core/w02_0>.
	Found 30-bit shift register for signal <u_core/lb1_7>.
	Found 30-bit shift register for signal <u_core/lb1_6>.
	Found 30-bit shift register for signal <u_core/lb1_5>.
	Found 30-bit shift register for signal <u_core/lb1_4>.
	Found 30-bit shift register for signal <u_core/lb1_3>.
	Found 30-bit shift register for signal <u_core/lb1_2>.
	Found 30-bit shift register for signal <u_core/lb1_1>.
	Found 30-bit shift register for signal <u_core/lb1_0>.
Unit <conv_top> processed.

=========================================================================
Final Register Report

Macro Statistics
# Registers                                            : 555
 Flip-Flops                                            : 555
# Shift Registers                                      : 17
 2-bit shift register                                  : 1
 30-bit shift register                                 : 16

=========================================================================

=========================================================================
*                           Partition Report                            *
=========================================================================

Partition Implementation Status
-------------------------------

  No Partitions were found in this design.

-------------------------------

=========================================================================
*                            Final Report                               *
=========================================================================
Final Results
RTL Top Level Output File Name     : conv_top.ngr
Top Level Output File Name         : conv_top
Output Format                      : NGC
Optimization Goal                  : Speed
Keep Hierarchy                     : No

Design Statistics
# IOs                              : 7

Cell Usage :
# BELS                             : 3486
#      GND                         : 1
#      INV                         : 45
#      LUT1                        : 142
#      LUT2                        : 701
#      LUT3                        : 157
#      LUT4                        : 204
#      LUT5                        : 25
#      LUT6                        : 62
#      MUXCY                       : 1042
#      MUXF7                       : 3
#      VCC                         : 1
#      XORCY                       : 1103
# FlipFlops/Latches                : 572
#      FD                          : 210
#      FDE                         : 161
#      FDR                         : 69
#      FDRE                        : 109
#      FDRS                        : 20
#      FDRSE                       : 1
#      FDS                         : 2
# Shift Registers                  : 17
#      SRLC16E                     : 1
#      SRLC32E                     : 16
# Clock Buffers                    : 1
#      BUFGP                       : 1
# IO Buffers                       : 6
#      IBUF                        : 3
#      OBUF                        : 3
=========================================================================

Device utilization summary:
---------------------------

Selected Device : 5vlx50tff1136-1 


Slice Logic Utilization: 
 Number of Slice Registers:             572  out of  28800     1%  
 Number of Slice LUTs:                 1353  out of  28800     4%  
    Number used as Logic:              1336  out of  28800     4%  
    Number used as Memory:               17  out of   7680     0%  
       Number used as SRL:               17

Slice Logic Distribution: 
 Number of LUT Flip Flop pairs used:   1545
   Number with an unused Flip Flop:     973  out of   1545    62%  
   Number with an unused LUT:           192  out of   1545    12%  
   Number of fully used LUT-FF pairs:   380  out of   1545    24%  
   Number of unique control sets:        42

IO Utilization: 
 Number of IOs:                           7
 Number of bonded IOBs:                   7  out of    480     1%  

Specific Feature Utilization:
 Number of BUFG/BUFGCTRLs:                1  out of     32     3%  

---------------------------
Partition Resource Summary:
---------------------------

  No Partitions were found in this design.

---------------------------


=========================================================================
TIMING REPORT

NOTE: THESE TIMING NUMBERS ARE ONLY A SYNTHESIS ESTIMATE.
      FOR ACCURATE TIMING INFORMATION PLEASE REFER TO THE TRACE REPORT
      GENERATED AFTER PLACE-and-ROUTE.

Clock Information:
------------------
-----------------------------------+------------------------+-------+
Clock Signal                       | Clock buffer(FF name)  | Load  |
-----------------------------------+------------------------+-------+
clk                                | BUFGP                  | 589   |
-----------------------------------+------------------------+-------+

Asynchronous Control Signals Information:
----------------------------------------
No asynchronous control signals found in this design

Timing Summary:
---------------
Speed Grade: -1

   Minimum period: 6.334ns (Maximum Frequency: 157.878MHz)
   Minimum input arrival time before clock: 3.245ns
   Maximum output required time after clock: 4.539ns
   Maximum combinational path delay: No path found

Timing Detail:
--------------
All values displayed in nanoseconds (ns)

=========================================================================
Timing constraint: Default period analysis for Clock 'clk'
  Clock period: 6.334ns (frequency: 157.878MHz)
  Total number of paths / destination ports: 3364106 / 925
-------------------------------------------------------------------------
Delay:               6.334ns (Levels of Logic = 20)
  Source:            u_core/Mmult_p8_mult00001_3 (FF)
  Destination:       u_core/Mmult_p8_mult00002_0 (FF)
  Source Clock:      clk rising
  Destination Clock: clk rising

  Data Path: u_core/Mmult_p8_mult00001_3 to u_core/Mmult_p8_mult00002_0
                                Gate     Net
    Cell:in->out      fanout   Delay   Delay  Logical Name (Net Name)
    ----------------------------------------  ------------
     FDE:C->Q              8   0.471   0.827  u_core/Mmult_p8_mult00001_3 (u_core/Mmult_p8_mult00001_3)
     LUT4:I0->O            1   0.094   0.000  u_core/Mmult_p8_mult0000_Madd2_lut<3> (u_core/Mmult_p8_mult0000_Madd2_lut<3>)
     MUXCY:S->O            1   0.372   0.000  u_core/Mmult_p8_mult0000_Madd2_cy<3> (u_core/Mmult_p8_mult0000_Madd2_cy<3>)
     MUXCY:CI->O           1   0.026   0.000  u_core/Mmult_p8_mult0000_Madd2_cy<4> (u_core/Mmult_p8_mult0000_Madd2_cy<4>)
     MUXCY:CI->O           1   0.026   0.000  u_core/Mmult_p8_mult0000_Madd2_cy<5> (u_core/Mmult_p8_mult0000_Madd2_cy<5>)
     MUXCY:CI->O           1   0.026   0.000  u_core/Mmult_p8_mult0000_Madd2_cy<6> (u_core/Mmult_p8_mult0000_Madd2_cy<6>)
     MUXCY:CI->O           1   0.026   0.000  u_core/Mmult_p8_mult0000_Madd2_cy<7> (u_core/Mmult_p8_mult0000_Madd2_cy<7>)
     MUXCY:CI->O           1   0.026   0.000  u_core/Mmult_p8_mult0000_Madd2_cy<8> (u_core/Mmult_p8_mult0000_Madd2_cy<8>)
     XORCY:CI->O           1   0.357   0.576  u_core/Mmult_p8_mult0000_Madd2_xor<9> (u_core/Mmult_p8_mult0000_Madd_102)
     LUT2:I0->O            1   0.094   0.000  u_core/Mmult_p8_mult0000_Madd4_lut<10> (u_core/Mmult_p8_mult0000_Madd4_lut<10>)
     MUXCY:S->O            1   0.372   0.000  u_core/Mmult_p8_mult0000_Madd4_cy<10> (u_core/Mmult_p8_mult0000_Madd4_cy<10>)
     MUXCY:CI->O           1   0.026   0.000  u_core/Mmult_p8_mult0000_Madd4_cy<11> (u_core/Mmult_p8_mult0000_Madd4_cy<11>)
     MUXCY:CI->O           1   0.026   0.000  u_core/Mmult_p8_mult0000_Madd4_cy<12> (u_core/Mmult_p8_mult0000_Madd4_cy<12>)
     XORCY:CI->O           1   0.357   0.480  u_core/Mmult_p8_mult0000_Madd4_xor<13> (u_core/Mmult_p8_mult0000_Madd_133)
     LUT2:I1->O            1   0.094   0.000  u_core/Mmult_p8_mult0000_Madd6_lut<13> (u_core/Mmult_p8_mult0000_Madd6_lut<13>)
     MUXCY:S->O            1   0.372   0.000  u_core/Mmult_p8_mult0000_Madd6_cy<13> (u_core/Mmult_p8_mult0000_Madd6_cy<13>)
     MUXCY:CI->O           1   0.026   0.000  u_core/Mmult_p8_mult0000_Madd6_cy<14> (u_core/Mmult_p8_mult0000_Madd6_cy<14>)
     XORCY:CI->O           1   0.357   0.480  u_core/Mmult_p8_mult0000_Madd6_xor<15> (u_core/Mmult_p8_mult0000_Madd7_lut<15>)
     LUT1:I0->O            1   0.094   0.000  u_core/Mmult_p8_mult0000_Madd7_cy<15>_rt (u_core/Mmult_p8_mult0000_Madd7_cy<15>_rt)
     MUXCY:S->O            0   0.372   0.000  u_core/Mmult_p8_mult0000_Madd7_cy<15> (u_core/Mmult_p8_mult0000_Madd7_cy<15>)
     XORCY:CI->O           1   0.357   0.000  u_core/Mmult_p8_mult0000_Madd7_xor<16> (u_core/Mmult_p8_mult0000_Madd_164)
     FD:D                     -0.018          u_core/Mmult_p8_mult00002_0
    ----------------------------------------
    Total                      6.334ns (3.971ns logic, 2.363ns route)
                                       (62.7% logic, 37.3% route)

=========================================================================
Timing constraint: Default OFFSET IN BEFORE for Clock 'clk'
  Total number of paths / destination ports: 234 / 234
-------------------------------------------------------------------------
Offset:              3.245ns (Levels of Logic = 3)
  Source:            rst (PAD)
  Destination:       u_rx/shreg_7 (FF)
  Destination Clock: clk rising

  Data Path: rst to u_rx/shreg_7
                                Gate     Net
    Cell:in->out      fanout   Delay   Delay  Logical Name (Net Name)
    ----------------------------------------  ------------
     IBUF:I->O           173   0.818   0.863  rst_IBUF (rst_IBUF)
     LUT5:I2->O            8   0.094   0.827  u_rx/shreg_0_not000111 (u_rx/N4)
     LUT4:I0->O            1   0.094   0.336  u_rx/shreg_7_not00011 (u_rx/shreg_7_not0001)
     FDE:CE                    0.213          u_rx/shreg_7
    ----------------------------------------
    Total                      3.245ns (1.219ns logic, 2.026ns route)
                                       (37.6% logic, 62.4% route)

=========================================================================
Timing constraint: Default OFFSET OUT AFTER for Clock 'clk'
  Total number of paths / destination ports: 8 / 3
-------------------------------------------------------------------------
Offset:              4.539ns (Levels of Logic = 2)
  Source:            state_FSM_FFd5 (FF)
  Destination:       busy_led (PAD)
  Source Clock:      clk rising

  Data Path: state_FSM_FFd5 to busy_led
                                Gate     Net
    Cell:in->out      fanout   Delay   Delay  Logical Name (Net Name)
    ----------------------------------------  ------------
     FDR:C->Q             23   0.471   1.186  state_FSM_FFd5 (state_FSM_FFd5)
     LUT6:I0->O            1   0.094   0.336  busy_led1 (busy_led_OBUF)
     OBUF:I->O                 2.452          busy_led_OBUF (busy_led)
    ----------------------------------------
    Total                      4.539ns (3.017ns logic, 1.522ns route)
                                       (66.5% logic, 33.5% route)

=========================================================================


Total REAL time to Xst completion: 10.00 secs
Total CPU time to Xst completion: 9.87 secs
 
--> 


Total memory usage is 582140 kilobytes

Number of errors   :    0 (   0 filtered)
Number of warnings :   17 (   0 filtered)
Number of infos    :  163 (   0 filtered)

